Component: ARM Compiler 5.06 update 7 (build 960) Tool: armlink [4d3601]

==============================================================================

Section Cross References

    startup_stm32g431xx.o(RESET) refers to startup_stm32g431xx.o(STACK) for __initial_sp
    startup_stm32g431xx.o(RESET) refers to startup_stm32g431xx.o(.text) for Reset_Handler
    startup_stm32g431xx.o(RESET) refers to stm32g4xx_it.o(i.NMI_Handler) for NMI_Handler
    startup_stm32g431xx.o(RESET) refers to stm32g4xx_it.o(i.HardFault_Handler) for HardFault_Handler
    startup_stm32g431xx.o(RESET) refers to stm32g4xx_it.o(i.MemManage_Handler) for MemManage_Handler
    startup_stm32g431xx.o(RESET) refers to stm32g4xx_it.o(i.BusFault_Handler) for BusFault_Handler
    startup_stm32g431xx.o(RESET) refers to stm32g4xx_it.o(i.UsageFault_Handler) for UsageFault_Handler
    startup_stm32g431xx.o(RESET) refers to stm32g4xx_it.o(i.SVC_Handler) for SVC_Handler
    startup_stm32g431xx.o(RESET) refers to stm32g4xx_it.o(i.DebugMon_Handler) for DebugMon_Handler
    startup_stm32g431xx.o(RESET) refers to stm32g4xx_it.o(i.PendSV_Handler) for PendSV_Handler
    startup_stm32g431xx.o(RESET) refers to stm32g4xx_it.o(i.SysTick_Handler) for SysTick_Handler
    startup_stm32g431xx.o(RESET) refers to stm32g4xx_it.o(i.TIM2_IRQHandler) for TIM2_IRQHandler
    startup_stm32g431xx.o(RESET) refers to stm32g4xx_it.o(i.TIM4_IRQHandler) for TIM4_IRQHandler
    startup_stm32g431xx.o(RESET) refers to stm32g4xx_it.o(i.USART1_IRQHandler) for USART1_IRQHandler
    startup_stm32g431xx.o(RESET) refers to stm32g4xx_it.o(i.USART2_IRQHandler) for USART2_IRQHandler
    startup_stm32g431xx.o(.text) refers to system_stm32g4xx.o(i.SystemInit) for SystemInit
    startup_stm32g431xx.o(.text) refers to entry.o(.ARM.Collect$$$$00000000) for __main
    main.o(i.HAL_TIM_PeriodElapsedCallback) refers to control .o(i.pid_position) for pid_position
    main.o(i.HAL_TIM_PeriodElapsedCallback) refers to stepper.o(i.StpDistanceSetBlocking) for StpDistanceSetBlocking
    main.o(i.HAL_TIM_PeriodElapsedCallback) refers to macro.o(.data) for PID_F
    main.o(i.HAL_TIM_PeriodElapsedCallback) refers to macro.o(.bss) for laser_ins
    main.o(i.HAL_TIM_PeriodElapsedCallback) refers to macro.o(.bss) for pid_stp2
    main.o(i.HAL_TIM_PeriodElapsedCallback) refers to macro.o(.bss) for pid_stp1
    main.o(i.HAL_TIM_PeriodElapsedCallback) refers to macro.o(.bss) for stepper2
    main.o(i.SystemClock_Config) refers to memseta.o(.text) for __aeabi_memclr4
    main.o(i.SystemClock_Config) refers to stm32g4xx_hal_pwr_ex.o(i.HAL_PWREx_ControlVoltageScaling) for HAL_PWREx_ControlVoltageScaling
    main.o(i.SystemClock_Config) refers to stm32g4xx_hal_rcc.o(i.HAL_RCC_OscConfig) for HAL_RCC_OscConfig
    main.o(i.SystemClock_Config) refers to stm32g4xx_hal_rcc.o(i.HAL_RCC_ClockConfig) for HAL_RCC_ClockConfig
    main.o(i.fputc) refers to stm32g4xx_hal_uart.o(i.HAL_UART_Transmit) for HAL_UART_Transmit
    main.o(i.fputc) refers to usart.o(.bss) for huart1
    main.o(i.main) refers to stm32g4xx_hal.o(i.HAL_Init) for HAL_Init
    main.o(i.main) refers to main.o(i.SystemClock_Config) for SystemClock_Config
    main.o(i.main) refers to gpio.o(i.MX_GPIO_Init) for MX_GPIO_Init
    main.o(i.main) refers to tim.o(i.MX_TIM2_Init) for MX_TIM2_Init
    main.o(i.main) refers to tim.o(i.MX_TIM4_Init) for MX_TIM4_Init
    main.o(i.main) refers to usart.o(i.MX_USART1_UART_Init) for MX_USART1_UART_Init
    main.o(i.main) refers to usart.o(i.MX_USART2_UART_Init) for MX_USART2_UART_Init
    main.o(i.main) refers to stm32g4xx_hal_tim.o(i.HAL_TIM_Base_Start_IT) for HAL_TIM_Base_Start_IT
    main.o(i.main) refers to stm32g4xx_hal_tim.o(i.HAL_TIM_OC_Start_IT) for HAL_TIM_OC_Start_IT
    main.o(i.main) refers to stm32g4xx_hal_uart.o(i.HAL_UART_Receive_IT) for HAL_UART_Receive_IT
    main.o(i.main) refers to stepper.o(i.Init_Stepper) for Init_Stepper
    main.o(i.main) refers to control .o(i.laser_init) for laser_init
    main.o(i.main) refers to stm32g4xx_hal_gpio.o(i.HAL_GPIO_WritePin) for HAL_GPIO_WritePin
    main.o(i.main) refers to control .o(i.pid_init) for pid_init
    main.o(i.main) refers to control .o(i.pid_stop) for pid_stop
    main.o(i.main) refers to stm32g4xx_hal.o(i.HAL_Delay) for HAL_Delay
    main.o(i.main) refers to control .o(i.mission3) for mission3
    main.o(i.main) refers to tim.o(.bss) for htim4
    main.o(i.main) refers to macro.o(.bss) for uart_ins1
    main.o(i.main) refers to usart.o(.bss) for huart1
    main.o(i.main) refers to macro.o(.bss) for uart_ins2
    main.o(i.main) refers to macro.o(.bss) for stepper1
    main.o(i.main) refers to macro.o(.bss) for stepper2
    main.o(i.main) refers to macro.o(.bss) for laser_ins
    main.o(i.main) refers to macro.o(.bss) for pid_stp1
    main.o(i.main) refers to macro.o(.bss) for pid_stp2
    gpio.o(i.MX_GPIO_Init) refers to memseta.o(.text) for __aeabi_memclr4
[...]
    Removing control .o(i.laser_set_target), (6 bytes).
    Removing control .o(i.mission2), (336 bytes).
    Removing control .o(i.motor_reset2origin), (224 bytes).
    Removing control .o(i.move_derectly), (260 bytes).
    Removing control .o(i.pid_incremental), (156 bytes).
    Removing control .o(i.pid_reset), (48 bytes).
    Removing control .o(i.pid_resetpara), (6 bytes).
    Removing control .o(i.pid_start), (44 bytes).
    Removing control .o(i.reset2origin), (16 bytes).
    Removing control .o(i.set_origin), (160 bytes).
    Removing dflti.o(.text), (34 bytes).
    Removing d2f.o(.text), (56 bytes).
    Removing fepilogue.o(.text), (110 bytes).
    Removing cdcmple.o(.text), (48 bytes).

529 unused section(s) (total 37768 bytes) removed from the image.

==============================================================================

Image Symbol Table

    Local Symbols

    Symbol Name                              Value     Ov Type        Size  Object(Section)

    ../Core/Src/gpio.c                       0x00000000   Number         0  gpio.o ABSOLUTE
    ../Core/Src/main.c                       0x00000000   Number         0  main.o ABSOLUTE
    ../Core/Src/stm32g4xx_hal_msp.c          0x00000000   Number         0  stm32g4xx_hal_msp.o ABSOLUTE
    ../Core/Src/stm32g4xx_it.c               0x00000000   Number         0  stm32g4xx_it.o ABSOLUTE
    ../Core/Src/system_stm32g4xx.c           0x00000000   Number         0  system_stm32g4xx.o ABSOLUTE
    ../Core/Src/tim.c                        0x00000000   Number         0  tim.o ABSOLUTE
    ../Core/Src/usart.c                      0x00000000   Number         0  usart.o ABSOLUTE
    ../Drivers/STM32G4xx_HAL_Driver/Src/stm32g4xx_hal.c 0x00000000   Number         0  stm32g4xx_hal.o ABSOLUTE
    ../Drivers/STM32G4xx_HAL_Driver/Src/stm32g4xx_hal_cortex.c 0x00000000   Number         0  stm32g4xx_hal_cortex.o ABSOLUTE
    ../Drivers/STM32G4xx_HAL_Driver/Src/stm32g4xx_hal_dma.c 0x00000000   Number         0  stm32g4xx_hal_dma.o ABSOLUTE
    ../Drivers/STM32G4xx_HAL_Driver/Src/stm32g4xx_hal_dma_ex.c 0x00000000   Number         0  stm32g4xx_hal_dma_ex.o ABSOLUTE
    ../Drivers/STM32G4xx_HAL_Driver/Src/stm32g4xx_hal_exti.c 0x00000000   Number         0  stm32g4xx_hal_exti.o ABSOLUTE
    ../Drivers/STM32G4xx_HAL_Driver/Src/stm32g4xx_hal_flash.c 0x00000000   Number         0  stm32g4xx_hal_flash.o ABSOLUTE
    ../Drivers/STM32G4xx_HAL_Driver/Src/stm32g4xx_hal_flash_ex.c 0x00000000   Number         0  stm32g4xx_hal_flash_ex.o ABSOLUTE
    ../Drivers/STM32G4xx_HAL_Driver/Src/stm32g4xx_hal_flash_ramfunc.c 0x00000000   Number         0  stm32g4xx_hal_flash_ramfunc.o ABSOLUTE
    ../Drivers/STM32G4xx_HAL_Driver/Src/stm32g4xx_hal_gpio.c 0x00000000   Number         0  stm32g4xx_hal_gpio.o ABSOLUTE
    ../Drivers/STM32G4xx_HAL_Driver/Src/stm32g4xx_hal_pwr.c 0x00000000   Number         0  stm32g4xx_hal_pwr.o ABSOLUTE
    ../Drivers/STM32G4xx_HAL_Driver/Src/stm32g4xx_hal_pwr_ex.c 0x00000000   Number         0  stm32g4xx_hal_pwr_ex.o ABSOLUTE
    ../Drivers/STM32G4xx_HAL_Driver/Src/stm32g4xx_hal_rcc.c 0x00000000   Number         0  stm32g4xx_hal_rcc.o ABSOLUTE
    ../Drivers/STM32G4xx_HAL_Driver/Src/stm32g4xx_hal_rcc_ex.c 0x00000000   Number         0  stm32g4xx_hal_rcc_ex.o ABSOLUTE
    ../Drivers/STM32G4xx_HAL_Driver/Src/stm32g4xx_hal_tim.c 0x00000000   Number         0  stm32g4xx_hal_tim.o ABSOLUTE
    ../Drivers/STM32G4xx_HAL_Driver/Src/stm32g4xx_hal_tim_ex.c 0x00000000   Number         0  stm32g4xx_hal_tim_ex.o ABSOLUTE
    ../Drivers/STM32G4xx_HAL_Driver/Src/stm32g4xx_hal_uart.c 0x00000000   Number         0  stm32g4xx_hal_uart.o ABSOLUTE
    ../Drivers/STM32G4xx_HAL_Driver/Src/stm32g4xx_hal_uart_ex.c 0x00000000   Number         0  stm32g4xx_hal_uart_ex.o ABSOLUTE
    ../clib/microlib/ctype/ctype.c           0x00000000   Number         0  isspace_c.o ABSOLUTE
    ../clib/microlib/ctype/ctype.c           0x00000000   Number         0  ctype_c.o ABSOLUTE
    ../clib/microlib/division.c              0x00000000   Number         0  uldiv.o ABSOLUTE
    ../clib/microlib/errno.c                 0x00000000   Number         0  errno.o ABSOLUTE
    ../clib/microlib/init/entry.s            0x00000000   Number         0  entry2.o ABSOLUTE
    ../clib/microlib/init/entry.s            0x00000000   Number         0  entry10b.o ABSOLUTE
    ../clib/microlib/init/entry.s            0x00000000   Number         0  entry8a.o ABSOLUTE
    ../clib/microlib/init/entry.s            0x00000000   Number         0  entry7b.o ABSOLUTE
    ../clib/microlib/init/entry.s            0x00000000   Number         0  entry5.o ABSOLUTE
    ../clib/microlib/init/entry.s            0x00000000   Number         0  entry7a.o ABSOLUTE
    ../clib/microlib/init/entry.s            0x00000000   Number         0  entry.o ABSOLUTE
    ../clib/microlib/init/entry.s            0x00000000   Number         0  entry8b.o ABSOLUTE
    ../clib/microlib/init/entry.s            0x00000000   Number         0  entry10a.o ABSOLUTE
    ../clib/microlib/init/entry.s            0x00000000   Number         0  entry11b.o ABSOLUTE
    ../clib/microlib/init/entry.s            0x00000000   Number         0  entry12a.o ABSOLUTE
    ../clib/microlib/init/entry.s            0x00000000   Number         0  entry12b.o ABSOLUTE
    ../clib/microlib/init/entry.s            0x00000000   Number         0  entry9b.o ABSOLUTE
    ../clib/microlib/init/entry.s            0x00000000   Number         0  entry11a.o ABSOLUTE
    ../clib/microlib/init/entry.s            0x00000000   Number         0  entry9a.o ABSOLUTE
    ../clib/microlib/longlong.c              0x00000000   Number         0  llshl.o ABSOLUTE
    ../clib/microlib/longlong.c              0x00000000   Number         0  llushr.o ABSOLUTE
    ../clib/microlib/string/memset.c         0x00000000   Number         0  memseta.o ABSOLUTE
    ../clib/microlib/string/strlen.c         0x00000000   Number         0  strlen.o ABSOLUTE
    ../clib/microlib/stubs.s                 0x00000000   Number         0  iusefp.o ABSOLUTE
    ../clib/scanf.c                          0x00000000   Number         0  _scanf.o ABSOLUTE
    ../clib/scanf.c                          0x00000000   Number         0  _scanf_int.o ABSOLUTE
    ../clib/scanf.c                          0x00000000   Number         0  _sgetc.o ABSOLUTE
    ../clib/scanf.c                          0x00000000   Number         0  scanf_char.o ABSOLUTE
    ../clib/scanf.c                          0x00000000   Number         0  _chval.o ABSOLUTE
    ../clib/scanf.c                          0x00000000   Number         0  __0sscanf.o ABSOLUTE
    ../fplib/microlib/d2f.c                  0x00000000   Number         0  d2f.o ABSOLUTE
    ../fplib/microlib/f2d.c                  0x00000000   Number         0  f2d.o ABSOLUTE
    ../fplib/microlib/fpepilogue.c           0x00000000   Number         0  depilogue.o ABSOLUTE
    ../fplib/microlib/fpepilogue.c           0x00000000   Number         0  fepilogue.o ABSOLUTE
    ../fplib/microlib/fpfix.c                0x00000000   Number         0  dfixui.o ABSOLUTE
    ../fplib/microlib/fpflt.c                0x00000000   Number         0  dflti.o ABSOLUTE
    ../fplib/microlib/fpmul.c                0x00000000   Number         0  dmul.o ABSOLUTE
    ../fplib/microlib/fpsqrt.c               0x00000000   Number         0  dsqrt.o ABSOLUTE
    ../mathlib/atanf.c                       0x00000000   Number         0  atanf_x.o ABSOLUTE
    ../mathlib/atanf.c                       0x00000000   Number         0  atanf.o ABSOLUTE
    ../mathlib/fpclassifyf.c                 0x00000000   Number         0  fpclassifyf.o ABSOLUTE
    ../mathlib/funder.c                      0x00000000   Number         0  funder.o ABSOLUTE
    ../mathlib/rredf.c                       0x00000000   Number         0  rredf.o ABSOLUTE
    ../mathlib/sqrt.c                        0x00000000   Number         0  sqrt_x.o ABSOLUTE
    ../mathlib/sqrt.c                        0x00000000   Number         0  sqrt.o ABSOLUTE
    ../mathlib/sqrtf.c                       0x00000000   Number         0  sqrtf.o ABSOLUTE
    ../mathlib/sqrtf.c                       0x00000000   Number         0  sqrtf_x.o ABSOLUTE
    ../mathlib/tanf.c                        0x00000000   Number         0  tanf.o ABSOLUTE
    ../mathlib/tanf.c                        0x00000000   Number         0  tanf_x.o ABSOLUTE
    ..\Core\Src\gpio.c                       0x00000000   Number         0  gpio.o ABSOLUTE
    ..\Core\Src\main.c                       0x00000000   Number         0  main.o ABSOLUTE
    ..\Core\Src\stm32g4xx_hal_msp.c          0x00000000   Number         0  stm32g4xx_hal_msp.o ABSOLUTE
    ..\Core\Src\stm32g4xx_it.c               0x00000000   Number         0  stm32g4xx_it.o ABSOLUTE
    ..\Core\Src\system_stm32g4xx.c           0x00000000   Number         0  system_stm32g4xx.o ABSOLUTE
    ..\Core\Src\tim.c                        0x00000000   Number         0  tim.o ABSOLUTE
    ..\Core\Src\usart.c                      0x00000000   Number         0  usart.o ABSOLUTE
    ..\Drivers\STM32G4xx_HAL_Driver\Src\stm32g4xx_hal.c 0x00000000   Number         0  stm32g4xx_hal.o ABSOLUTE
    ..\Drivers\STM32G4xx_HAL_Driver\Src\stm32g4xx_hal_cortex.c 0x00000000   Number         0  stm32g4xx_hal_cortex.o ABSOLUTE
    ..\Drivers\STM32G4xx_HAL_Driver\Src\stm32g4xx_hal_dma.c 0x00000000   Number         0  stm32g4xx_hal_dma.o ABSOLUTE
    ..\Drivers\STM32G4xx_HAL_Driver\Src\stm32g4xx_hal_dma_ex.c 0x00000000   Number         0  stm32g4xx_hal_dma_ex.o ABSOLUTE
    ..\Drivers\STM32G4xx_HAL_Driver\Src\stm32g4xx_hal_exti.c 0x00000000   Number         0  stm32g4xx_hal_exti.o ABSOLUTE
    ..\Drivers\STM32G4xx_HAL_Driver\Src\stm32g4xx_hal_flash.c 0x00000000   Number         0  stm32g4xx_hal_flash.o ABSOLUTE
    ..\Drivers\STM32G4xx_HAL_Driver\Src\stm32g4xx_hal_flash_ex.c 0x00000000   Number         0  stm32g4xx_hal_flash_ex.o ABSOLUTE
    ..\Drivers\STM32G4xx_HAL_Driver\Src\stm32g4xx_hal_flash_ramfunc.c 0x00000000   Number         0  stm32g4xx_hal_flash_ramfunc.o ABSOLUTE
    ..\Drivers\STM32G4xx_HAL_Driver\Src\stm32g4xx_hal_gpio.c 0x00000000   Number         0  stm32g4xx_hal_gpio.o ABSOLUTE
    ..\Drivers\STM32G4xx_HAL_Driver\Src\stm32g4xx_hal_pwr.c 0x00000000   Number         0  stm32g4xx_hal_pwr.o ABSOLUTE
    ..\Drivers\STM32G4xx_HAL_Driver\Src\stm32g4xx_hal_pwr_ex.c 0x00000000   Number         0  stm32g4xx_hal_pwr_ex.o ABSOLUTE
    ..\Drivers\STM32G4xx_HAL_Driver\Src\stm32g4xx_hal_rcc.c 0x00000000   Number         0  stm32g4xx_hal_rcc.o ABSOLUTE
    ..\Drivers\STM32G4xx_HAL_Driver\Src\stm32g4xx_hal_rcc_ex.c 0x00000000   Number         0  stm32g4xx_hal_rcc_ex.o ABSOLUTE
    ..\Drivers\STM32G4xx_HAL_Driver\Src\stm32g4xx_hal_tim.c 0x00000000   Number         0  stm32g4xx_hal_tim.o ABSOLUTE
    ..\Drivers\STM32G4xx_HAL_Driver\Src\stm32g4xx_hal_tim_ex.c 0x00000000   Number         0  stm32g4xx_hal_tim_ex.o ABSOLUTE
    ..\Drivers\STM32G4xx_HAL_Driver\Src\stm32g4xx_hal_uart.c 0x00000000   Number         0  stm32g4xx_hal_uart.o ABSOLUTE
    ..\Drivers\STM32G4xx_HAL_Driver\Src\stm32g4xx_hal_uart_ex.c 0x00000000   Number         0  stm32g4xx_hal_uart_ex.o ABSOLUTE
    ..\User\connect.c                        0x00000000   Number         0  connect.o ABSOLUTE
    ..\User\control .c                       0x00000000   Number         0  control .o ABSOLUTE
    ..\User\macro.c                          0x00000000   Number         0  macro.o ABSOLUTE
    ..\User\stepper.c                        0x00000000   Number         0  stepper.o ABSOLUTE
    ..\\User\\connect.c                      0x00000000   Number         0  connect.o ABSOLUTE
    ..\\User\\control .c                     0x00000000   Number         0  control .o ABSOLUTE
    ..\\User\\macro.c                        0x00000000   Number         0  macro.o ABSOLUTE
    ..\\User\\stepper.c                      0x00000000   Number         0  stepper.o ABSOLUTE
    cdcmple.s                                0x00000000   Number         0  cdcmple.o ABSOLUTE
    dc.s                                     0x00000000   Number         0  dc.o ABSOLUTE
    handlers.s                               0x00000000   Number         0  handlers.o ABSOLUTE
    init.s                                   0x00000000   Number         0  init.o ABSOLUTE
    startup_stm32g431xx.s                    0x00000000   Number         0  startup_stm32g431xx.o ABSOLUTE
    RESET                                    0x08000000   Section      472  startup_stm32g431xx.o(RESET)
    .ARM.Collect$$$$00000000                 0x080001d8   Section        0  entry.o(.ARM.Collect$$$$00000000)
    .ARM.Collect$$$$00000001                 0x080001d8   Section        4  entry2.o(.ARM.Collect$$$$00000001)
    .ARM.Collect$$$$00000004                 0x080001dc   Section        4  entry5.o(.ARM.Collect$$$$00000004)
    .ARM.Collect$$$$00000008                 0x080001e0   Section        0  entry7b.o(.ARM.Collect$$$$00000008)
    .ARM.Collect$$$$0000000A                 0x080001e0   Section        0  entry8b.o(.ARM.Collect$$$$0000000A)
    .ARM.Collect$$$$0000000B                 0x080001e0   Section        8  entry9a.o(.ARM.Collect$$$$0000000B)
    .ARM.Collect$$$$0000000E                 0x080001e8   Section        4  entry12b.o(.ARM.Collect$$$$0000000E)
    .ARM.Collect$$$$0000000F                 0x080001ec   Section        0  entry10a.o(.ARM.Collect$$$$0000000F)
    .ARM.Collect$$$$00000011                 0x080001ec   Section        0  entry11a.o(.ARM.Collect$$$$00000011)
    .ARM.Collect$$$$00002712                 0x080001ec   Section        4  entry2.o(.ARM.Collect$$$$00002712)
    __lit__00000000                          0x080001ec   Data           4  entry2.o(.ARM.Collect$$$$00002712)
    .text                                    0x080001f0   Section       36  startup_stm32g431xx.o(.text)
    $v0                                      0x080001f0   Number         0  startup_stm32g431xx.o(.text)
    .text                                    0x08000214   Section        0  uldiv.o(.text)
    .text                                    0x08000276   Section        0  memseta.o(.text)
    .text                                    0x0800029c   Section        0  __0sscanf.o(.text)
    .text                                    0x080002d4   Section        0  _scanf_int.o(.text)
    .text                                    0x08000420   Section        0  dmul.o(.text)
    .text                                    0x08000504   Section        0  dfixui.o(.text)
    .text                                    0x08000536   Section        0  f2d.o(.text)
    .text                                    0x0800055c   Section        0  llshl.o(.text)
    .text                                    0x0800057a   Section        0  llushr.o(.text)
    .text                                    0x0800059a   Section        0  _chval.o(.text)
    .text                                    0x080005b8   Section        0  scanf_char.o(.text)
    _scanf_char_input                        0x080005b9   Thumb Code    12  scanf_char.o(.text)
    .text                                    0x080005e0   Section        0  _sgetc.o(.text)
    .text                                    0x08000620   Section        0  depilogue.o(.text)
    .text                                    0x08000620   Section        0  iusefp.o(.text)
    .text                                    0x080006da   Section        0  dsqrt.o(.text)
    .text                                    0x0800077c   Section       36  init.o(.text)
    .text                                    0x080007a0   Section        0  isspace_c.o(.text)
    .text                                    0x080007ac   Section        0  _scanf.o(.text)
    .text                                    0x08000adc   Section        0  ctype_c.o(.text)
    i.BusFault_Handler                       0x08000b04   Section        0  stm32g4xx_it.o(i.BusFault_Handler)
    i.Calculator_AngleAcc                    0x08000b06   Section        0  stepper.o(i.Calculator_AngleAcc)
    i.DebugMon_Handler                       0x08000b48   Section        0  stm32g4xx_it.o(i.DebugMon_Handler)
    i.Error_Handler                          0x08000b4a   Section        0  main.o(i.Error_Handler)
    i.HAL_DMA_Abort                          0x08000b4e   Section        0  stm32g4xx_hal_dma.o(i.HAL_DMA_Abort)
    i.HAL_DMA_Abort_IT                       0x08000bb8   Section        0  stm32g4xx_hal_dma.o(i.HAL_DMA_Abort_IT)
    i.HAL_Delay                              0x08000c30   Section        0  stm32g4xx_hal.o(i.HAL_Delay)
    i.HAL_GPIO_Init                          0x08000c54   Section        0  stm32g4xx_hal_gpio.o(i.HAL_GPIO_Init)
    i.HAL_GPIO_WritePin                      0x08000e9c   Section        0  stm32g4xx_hal_gpio.o(i.HAL_GPIO_WritePin)
    i.HAL_GetTick                            0x08000ea8   Section        0  stm32g4xx_hal.o(i.HAL_GetTick)
    i.HAL_IncTick                            0x08000eb4   Section        0  stm32g4xx_hal.o(i.HAL_IncTick)
    i.HAL_Init                               0x08000ec4   Section        0  stm32g4xx_hal.o(i.HAL_Init)
    i.HAL_InitTick                           0x08000ee4   Section        0  stm32g4xx_hal.o(i.HAL_InitTick)
    i.HAL_MspInit                            0x08000f28   Section        0  stm32g4xx_hal_msp.o(i.HAL_MspInit)
    i.HAL_NVIC_EnableIRQ                     0x08000f58   Section        0  stm32g4xx_hal_cortex.o(i.HAL_NVIC_EnableIRQ)
    i.HAL_NVIC_SetPriority                   0x08000f74   Section        0  stm32g4xx_hal_cortex.o(i.HAL_NVIC_SetPriority)
    i.HAL_NVIC_SetPriorityGrouping           0x08000fb4   Section        0  stm32g4xx_hal_cortex.o(i.HAL_NVIC_SetPriorityGrouping)
    i.HAL_PWREx_ControlVoltageScaling        0x08000fd8   Section        0  stm32g4xx_hal_pwr_ex.o(i.HAL_PWREx_ControlVoltageScaling)
    i.HAL_PWREx_DisableUCPDDeadBattery       0x08001094   Section        0  stm32g4xx_hal_pwr_ex.o(i.HAL_PWREx_DisableUCPDDeadBattery)
    i.HAL_RCCEx_PeriphCLKConfig              0x080010a4   Section        0  stm32g4xx_hal_rcc_ex.o(i.HAL_RCCEx_PeriphCLKConfig)
    i.HAL_RCC_ClockConfig                    0x0800132c   Section        0  stm32g4xx_hal_rcc.o(i.HAL_RCC_ClockConfig)
    i.HAL_RCC_GetPCLK1Freq                   0x08001508   Section        0  stm32g4xx_hal_rcc.o(i.HAL_RCC_GetPCLK1Freq)
    i.HAL_RCC_GetPCLK2Freq                   0x0800152c   Section        0  stm32g4xx_hal_rcc.o(i.HAL_RCC_GetPCLK2Freq)
    i.HAL_RCC_GetSysClockFreq                0x08001550   Section        0  stm32g4xx_hal_rcc.o(i.HAL_RCC_GetSysClockFreq)
    i.HAL_RCC_OscConfig                      0x080015bc   Section        0  stm32g4xx_hal_rcc.o(i.HAL_RCC_OscConfig)
    i.HAL_SYSTICK_Config                     0x080019c8   Section        0  stm32g4xx_hal_cortex.o(i.HAL_SYSTICK_Config)
    i.HAL_TIMEx_Break2Callback               0x080019f0   Section        0  stm32g4xx_hal_tim_ex.o(i.HAL_TIMEx_Break2Callback)
    i.HAL_TIMEx_BreakCallback                0x080019f2   Section        0  stm32g4xx_hal_tim_ex.o(i.HAL_TIMEx_BreakCallback)
    i.HAL_TIMEx_CommutCallback               0x080019f4   Section        0  stm32g4xx_hal_tim_ex.o(i.HAL_TIMEx_CommutCallback)
    i.HAL_TIMEx_DirectionChangeCallback      0x080019f6   Section        0  stm32g4xx_hal_tim_ex.o(i.HAL_TIMEx_DirectionChangeCallback)
    i.HAL_TIMEx_EncoderIndexCallback         0x080019f8   Section        0  stm32g4xx_hal_tim_ex.o(i.HAL_TIMEx_EncoderIndexCallback)
    i.HAL_TIMEx_IndexErrorCallback           0x080019fa   Section        0  stm32g4xx_hal_tim_ex.o(i.HAL_TIMEx_IndexErrorCallback)
    i.HAL_TIMEx_MasterConfigSynchronization  0x080019fc   Section        0  stm32g4xx_hal_tim_ex.o(i.HAL_TIMEx_MasterConfigSynchronization)
    i.HAL_TIMEx_TransitionErrorCallback      0x08001a98   Section        0  stm32g4xx_hal_tim_ex.o(i.HAL_TIMEx_TransitionErrorCallback)
    i.HAL_TIM_Base_Init                      0x08001a9a   Section        0  stm32g4xx_hal_tim.o(i.HAL_TIM_Base_Init)
    i.HAL_TIM_Base_MspInit                   0x08001afc   Section        0  tim.o(i.HAL_TIM_Base_MspInit)
    i.HAL_TIM_Base_Start_IT                  0x08001b38   Section        0  stm32g4xx_hal_tim.o(i.HAL_TIM_Base_Start_IT)
    i.HAL_TIM_ConfigClockSource              0x08001bb0   Section        0  stm32g4xx_hal_tim.o(i.HAL_TIM_ConfigClockSource)
    i.HAL_TIM_IC_CaptureCallback             0x08001cb0   Section        0  stm32g4xx_hal_tim.o(i.HAL_TIM_IC_CaptureCallback)
    i.HAL_TIM_IRQHandler                     0x08001cb2   Section        0  stm32g4xx_hal_tim.o(i.HAL_TIM_IRQHandler)
    i.HAL_TIM_MspPostInit                    0x08001eb0   Section        0  tim.o(i.HAL_TIM_MspPostInit)
    i.HAL_TIM_OC_ConfigChannel               0x08001efc   Section        0  stm32g4xx_hal_tim.o(i.HAL_TIM_OC_ConfigChannel)
    i.HAL_TIM_OC_DelayElapsedCallback        0x08001f6c   Section        0  stepper.o(i.HAL_TIM_OC_DelayElapsedCallback)
    i.HAL_TIM_OC_Init                        0x08001fa4   Section        0  stm32g4xx_hal_tim.o(i.HAL_TIM_OC_Init)
    i.HAL_TIM_OC_MspInit                     0x08002008   Section        0  tim.o(i.HAL_TIM_OC_MspInit)
    i.HAL_TIM_OC_Start_IT                    0x08002040   Section        0  stm32g4xx_hal_tim.o(i.HAL_TIM_OC_Start_IT)
    i.HAL_TIM_OC_Stop_IT                     0x08002168   Section        0  stm32g4xx_hal_tim.o(i.HAL_TIM_OC_Stop_IT)
    i.HAL_TIM_PWM_PulseFinishedCallback      0x08002254   Section        0  stm32g4xx_hal_tim.o(i.HAL_TIM_PWM_PulseFinishedCallback)
    i.HAL_TIM_PeriodElapsedCallback          0x08002258   Section        0  main.o(i.HAL_TIM_PeriodElapsedCallback)
    i.HAL_TIM_TriggerCallback                0x08002314   Section        0  stm32g4xx_hal_tim.o(i.HAL_TIM_TriggerCallback)
    i.HAL_UARTEx_DisableFifoMode             0x08002316   Section        0  stm32g4xx_hal_uart_ex.o(i.HAL_UARTEx_DisableFifoMode)
    i.HAL_UARTEx_RxEventCallback             0x08002354   Section        0  stm32g4xx_hal_uart.o(i.HAL_UARTEx_RxEventCallback)
    i.HAL_UARTEx_RxFifoFullCallback          0x08002356   Section        0  stm32g4xx_hal_uart_ex.o(i.HAL_UARTEx_RxFifoFullCallback)
    i.HAL_UARTEx_SetRxFifoThreshold          0x08002358   Section        0  stm32g4xx_hal_uart_ex.o(i.HAL_UARTEx_SetRxFifoThreshold)
    i.HAL_UARTEx_SetTxFifoThreshold          0x080023a4   Section        0  stm32g4xx_hal_uart_ex.o(i.HAL_UARTEx_SetTxFifoThreshold)
    i.HAL_UARTEx_TxFifoEmptyCallback         0x080023f0   Section        0  stm32g4xx_hal_uart_ex.o(i.HAL_UARTEx_TxFifoEmptyCallback)
    i.HAL_UARTEx_WakeupCallback              0x080023f2   Section        0  stm32g4xx_hal_uart_ex.o(i.HAL_UARTEx_WakeupCallback)
    i.HAL_UART_ErrorCallback                 0x080023f4   Section        0  stm32g4xx_hal_uart.o(i.HAL_UART_ErrorCallback)
    i.HAL_UART_IRQHandler                    0x080023f8   Section        0  stm32g4xx_hal_uart.o(i.HAL_UART_IRQHandler)
    i.HAL_UART_Init                          0x080026d8   Section        0  stm32g4xx_hal_uart.o(i.HAL_UART_Init)
    i.HAL_UART_MspInit                       0x08002744   Section        0  usart.o(i.HAL_UART_MspInit)
    i.HAL_UART_Receive_IT                    0x08002830   Section        0  stm32g4xx_hal_uart.o(i.HAL_UART_Receive_IT)
    i.HAL_UART_RxCpltCallback                0x08002884   Section        0  connect.o(i.HAL_UART_RxCpltCallback)
    i.HAL_UART_Transmit                      0x080028d0   Section        0  stm32g4xx_hal_uart.o(i.HAL_UART_Transmit)
    i.HAL_UART_TxCpltCallback                0x0800298c   Section        0  stm32g4xx_hal_uart.o(i.HAL_UART_TxCpltCallback)
    i.HMIDateHandler                         0x08002990   Section        0  connect.o(i.HMIDateHandler)
    i.HardFault_Handler                      0x08002a84   Section        0  stm32g4xx_it.o(i.HardFault_Handler)
    i.Init_Stepper                           0x08002a88   Section        0  stepper.o(i.Init_Stepper)
    i.MX_GPIO_Init                           0x08002ad8   Section        0  gpio.o(i.MX_GPIO_Init)
    i.MX_TIM2_Init                           0x08002ba4   Section        0  tim.o(i.MX_TIM2_Init)
    i.MX_TIM4_Init                           0x08002c24   Section        0  tim.o(i.MX_TIM4_Init)
    i.MX_USART1_UART_Init                    0x08002c90   Section        0  usart.o(i.MX_USART1_UART_Init)
    i.MX_USART2_UART_Init                    0x08002cf8   Section        0  usart.o(i.MX_USART2_UART_Init)
    i.MemManage_Handler                      0x08002d60   Section        0  stm32g4xx_it.o(i.MemManage_Handler)
    i.NMI_Handler                            0x08002d62   Section        0  stm32g4xx_it.o(i.NMI_Handler)
    i.PendSV_Handler                         0x08002d64   Section        0  stm32g4xx_it.o(i.PendSV_Handler)
    i.SVC_Handler                            0x08002d66   Section        0  stm32g4xx_it.o(i.SVC_Handler)
    i.StepperInOC                            0x08002d68   Section        0  stepper.o(i.StepperInOC)
    i.Stepper_Handler                        0x08002f40   Section        0  stepper.o(i.Stepper_Handler)
    i.Stepper_Pause                          0x0800301a   Section        0  stepper.o(i.Stepper_Pause)
    i.Stepper_Stop                           0x08003022   Section        0  stepper.o(i.Stepper_Stop)
    i.StpDistanceSetBlocking                 0x0800303c   Section        0  stepper.o(i.StpDistanceSetBlocking)
    i.SysTick_Handler                        0x080034e0   Section        0  stm32g4xx_it.o(i.SysTick_Handler)
    i.SystemClock_Config                     0x080034e4   Section        0  main.o(i.SystemClock_Config)
    i.SystemInit                             0x0800354c   Section        0  system_stm32g4xx.o(i.SystemInit)
    i.TIM2_IRQHandler                        0x0800355c   Section        0  stm32g4xx_it.o(i.TIM2_IRQHandler)
    i.TIM4_IRQHandler                        0x08003568   Section        0  stm32g4xx_it.o(i.TIM4_IRQHandler)
    i.TIM_Base_SetConfig                     0x08003574   Section        0  stm32g4xx_hal_tim.o(i.TIM_Base_SetConfig)
    i.TIM_CCxChannelCmd                      0x08003624   Section        0  stm32g4xx_hal_tim.o(i.TIM_CCxChannelCmd)
    i.TIM_ETR_SetConfig                      0x0800363e   Section        0  stm32g4xx_hal_tim.o(i.TIM_ETR_SetConfig)
    i.TIM_ITRx_SetConfig                     0x08003654   Section        0  stm32g4xx_hal_tim.o(i.TIM_ITRx_SetConfig)
    TIM_ITRx_SetConfig                       0x08003655   Thumb Code    16  stm32g4xx_hal_tim.o(i.TIM_ITRx_SetConfig)
    i.TIM_OC1_SetConfig                      0x08003668   Section        0  stm32g4xx_hal_tim.o(i.TIM_OC1_SetConfig)
    TIM_OC1_SetConfig                        0x08003669   Thumb Code   132  stm32g4xx_hal_tim.o(i.TIM_OC1_SetConfig)
    i.TIM_OC2_SetConfig                      0x08003704   Section        0  stm32g4xx_hal_tim.o(i.TIM_OC2_SetConfig)
    i.TIM_OC3_SetConfig                      0x08003794   Section        0  stm32g4xx_hal_tim.o(i.TIM_OC3_SetConfig)
    TIM_OC3_SetConfig                        0x08003795   Thumb Code   118  stm32g4xx_hal_tim.o(i.TIM_OC3_SetConfig)
    i.TIM_OC4_SetConfig                      0x08003824   Section        0  stm32g4xx_hal_tim.o(i.TIM_OC4_SetConfig)
    TIM_OC4_SetConfig                        0x08003825   Thumb Code   120  stm32g4xx_hal_tim.o(i.TIM_OC4_SetConfig)
    i.TIM_OC5_SetConfig                      0x080038b4   Section        0  stm32g4xx_hal_tim.o(i.TIM_OC5_SetConfig)
    TIM_OC5_SetConfig                        0x080038b5   Thumb Code    86  stm32g4xx_hal_tim.o(i.TIM_OC5_SetConfig)
    i.TIM_OC6_SetConfig                      0x08003924   Section        0  stm32g4xx_hal_tim.o(i.TIM_OC6_SetConfig)
    TIM_OC6_SetConfig                        0x08003925   Thumb Code    88  stm32g4xx_hal_tim.o(i.TIM_OC6_SetConfig)
    i.TIM_TI1_ConfigInputStage               0x08003994   Section        0  stm32g4xx_hal_tim.o(i.TIM_TI1_ConfigInputStage)
    TIM_TI1_ConfigInputStage                 0x08003995   Thumb Code    34  stm32g4xx_hal_tim.o(i.TIM_TI1_ConfigInputStage)
    i.TIM_TI2_ConfigInputStage               0x080039b6   Section        0  stm32g4xx_hal_tim.o(i.TIM_TI2_ConfigInputStage)
    TIM_TI2_ConfigInputStage                 0x080039b7   Thumb Code    36  stm32g4xx_hal_tim.o(i.TIM_TI2_ConfigInputStage)
    i.UARTEx_SetNbDataToProcess              0x080039dc   Section        0  stm32g4xx_hal_uart_ex.o(i.UARTEx_SetNbDataToProcess)
    UARTEx_SetNbDataToProcess                0x080039dd   Thumb Code    62  stm32g4xx_hal_uart_ex.o(i.UARTEx_SetNbDataToProcess)
    i.UART_AdvFeatureConfig                  0x08003a20   Section        0  stm32g4xx_hal_uart.o(i.UART_AdvFeatureConfig)
    i.UART_CheckIdleState                    0x08003ae8   Section        0  stm32g4xx_hal_uart.o(i.UART_CheckIdleState)
    i.UART_DMAAbortOnError                   0x08003b48   Section        0  stm32g4xx_hal_uart.o(i.UART_DMAAbortOnError)
    UART_DMAAbortOnError                     0x08003b49   Thumb Code    20  stm32g4xx_hal_uart.o(i.UART_DMAAbortOnError)
    i.UART_EndRxTransfer                     0x08003b5c   Section        0  stm32g4xx_hal_uart.o(i.UART_EndRxTransfer)
    UART_EndRxTransfer                       0x08003b5d   Thumb Code    78  stm32g4xx_hal_uart.o(i.UART_EndRxTransfer)
    i.UART_RxISR_16BIT                       0x08003bb0   Section        0  stm32g4xx_hal_uart.o(i.UART_RxISR_16BIT)
    UART_RxISR_16BIT                         0x08003bb1   Thumb Code   162  stm32g4xx_hal_uart.o(i.UART_RxISR_16BIT)
    i.UART_RxISR_16BIT_FIFOEN                0x08003c54   Section        0  stm32g4xx_hal_uart.o(i.UART_RxISR_16BIT_FIFOEN)
    UART_RxISR_16BIT_FIFOEN                  0x08003c55   Thumb Code   364  stm32g4xx_hal_uart.o(i.UART_RxISR_16BIT_FIFOEN)
    i.UART_RxISR_8BIT                        0x08003dc8   Section        0  stm32g4xx_hal_uart.o(i.UART_RxISR_8BIT)
    UART_RxISR_8BIT                          0x08003dc9   Thumb Code   162  stm32g4xx_hal_uart.o(i.UART_RxISR_8BIT)
    i.UART_RxISR_8BIT_FIFOEN                 0x08003e6c   Section        0  stm32g4xx_hal_uart.o(i.UART_RxISR_8BIT_FIFOEN)
    UART_RxISR_8BIT_FIFOEN                   0x08003e6d   Thumb Code   364  stm32g4xx_hal_uart.o(i.UART_RxISR_8BIT_FIFOEN)
    i.UART_SetConfig                         0x08003fe0   Section        0  stm32g4xx_hal_uart.o(i.UART_SetConfig)
    i.UART_Start_Receive_IT                  0x08004254   Section        0  stm32g4xx_hal_uart.o(i.UART_Start_Receive_IT)
    i.UART_WaitOnFlagUntilTimeout            0x0800436c   Section        0  stm32g4xx_hal_uart.o(i.UART_WaitOnFlagUntilTimeout)
    i.USART1_IRQHandler                      0x08004434   Section        0  stm32g4xx_it.o(i.USART1_IRQHandler)
    i.USART2_IRQHandler                      0x08004440   Section        0  stm32g4xx_it.o(i.USART2_IRQHandler)
    i.UartDateHandler                        0x0800444c   Section        0  connect.o(i.UartDateHandler)
    i.UsageFault_Handler                     0x08004568   Section        0  stm32g4xx_it.o(i.UsageFault_Handler)
    i.__ARM_fpclassifyf                      0x0800456a   Section        0  fpclassifyf.o(i.__ARM_fpclassifyf)
    i.__NVIC_SetPriority                     0x08004590   Section        0  stm32g4xx_hal_cortex.o(i.__NVIC_SetPriority)
    __NVIC_SetPriority                       0x08004591   Thumb Code    32  stm32g4xx_hal_cortex.o(i.__NVIC_SetPriority)
    i.__hardfp_atanf                         0x080045b0   Section        0  atanf.o(i.__hardfp_atanf)
    i.__hardfp_sqrt                          0x08004710   Section        0  sqrt.o(i.__hardfp_sqrt)
    i.__hardfp_sqrtf                         0x0800478a   Section        0  sqrtf.o(i.__hardfp_sqrtf)
    i.__mathlib_flt_infnan                   0x080047c4   Section        0  funder.o(i.__mathlib_flt_infnan)
    i.__mathlib_flt_underflow                0x080047cc   Section        0  funder.o(i.__mathlib_flt_underflow)
    i.__scatterload_copy                     0x080047dc   Section       14  handlers.o(i.__scatterload_copy)
    i.__scatterload_null                     0x080047ea   Section        2  handlers.o(i.__scatterload_null)
    i.__scatterload_zeroinit                 0x080047ec   Section       14  handlers.o(i.__scatterload_zeroinit)
    i.__set_errno                            0x080047fc   Section        0  errno.o(i.__set_errno)
    i.axis_cv2screen                         0x08004808   Section        0  control .o(i.axis_cv2screen)
    i.drawline                               0x08004854   Section        0  control .o(i.drawline)
    i.laser_init                             0x0800497c   Section        0  control .o(i.laser_init)
    i.main                                   0x08004990   Section        0  main.o(i.main)
    i.mission3                               0x08004a9c   Section        0  control .o(i.mission3)
    i.myabsf                                 0x08004c7c   Section        0  stepper.o(i.myabsf)
    i.myabsi                                 0x08004c8c   Section        0  stepper.o(i.myabsi)
    i.pid_init                               0x08004c94   Section        0  control .o(i.pid_init)
    i.pid_position                           0x08004cc8   Section        0  control .o(i.pid_position)
    i.pid_stop                               0x08004d74   Section        0  control .o(i.pid_stop)
    i.turn_coordinate                        0x08004d80   Section        0  control .o(i.turn_coordinate)
    .constdata                               0x08004e70   Section       24  stm32g4xx_hal_uart.o(.constdata)
    .constdata                               0x08004e88   Section       16  stm32g4xx_hal_uart_ex.o(.constdata)
    numerator                                0x08004e88   Data           8  stm32g4xx_hal_uart_ex.o(.constdata)
    denominator                              0x08004e90   Data           8  stm32g4xx_hal_uart_ex.o(.constdata)
    .constdata                               0x08004e98   Section       16  system_stm32g4xx.o(.constdata)
    .constdata                               0x08004ea8   Section        8  system_stm32g4xx.o(.constdata)
    .constdata                               0x08004eb0   Section       64  ctype_c.o(.constdata)
    .data                                    0x20000000   Section       12  stm32g4xx_hal.o(.data)
    .data                                    0x2000000c   Section        4  system_stm32g4xx.o(.data)
    .data                                    0x20000010   Section        4  macro.o(.data)
    .data                                    0x20000014   Section       36  control .o(.data)
    state_val                                0x20000014   Data           1  control .o(.data)
    flag                                     0x20000015   Data           1  control .o(.data)
    exit                                     0x20000016   Data           1  control .o(.data)
    state_val                                0x20000018   Data           4  control .o(.data)
    i                                        0x2000001c   Data           4  control .o(.data)
    j                                        0x20000020   Data           4  control .o(.data)
    exit                                     0x20000024   Data           4  control .o(.data)
    flag                                     0x20000028   Data           4  control .o(.data)
    state_val                                0x2000002c   Data           4  control .o(.data)
    exit                                     0x20000030   Data           4  control .o(.data)
    count                                    0x20000034   Data           4  control .o(.data)
    .data                                    0x20000038   Section        4  errno.o(.data)
    _errno                                   0x20000038   Data           4  errno.o(.data)
    .bss                                     0x2000003c   Section      152  tim.o(.bss)
    .bss                                     0x200000d4   Section      288  usart.o(.bss)
    .bss                                     0x200001f4   Section       16  macro.o(.bss)
    .bss                                     0x20000204   Section       76  macro.o(.bss)
    .bss                                     0x20000250   Section       92  macro.o(.bss)
    .bss                                     0x200002ac   Section       92  macro.o(.bss)
    .bss                                     0x20000308   Section       28  macro.o(.bss)
    .bss                                     0x20000324   Section       28  macro.o(.bss)
    .bss                                     0x20000340   Section       48  macro.o(.bss)
    .bss                                     0x20000370   Section       48  macro.o(.bss)
    .bss                                     0x200003a0   Section       32  macro.o(.bss)
    STACK                                    0x200003c0   Section     1024  startup_stm32g431xx.o(STACK)

    Global Symbols

    Symbol Name                              Value     Ov Type        Size  Object(Section)

    BuildAttributes$$THM_ISAv4$E$P$D$K$B$S$7EM$VFPi3$EXTD16$VFPS$VFMA$PE$A:L22UL41UL21$X:L11$S22US41US21$IEEE1$IW$USESV6$~STKCKD$USESV7$~SHL$OTIME$ROPI$IEEEX$EBA8$MICROLIB$REQ8$PRES8$EABIv2 0x00000000   Number         0  anon$$obj.o ABSOLUTE
    __ARM_use_no_argv                        0x00000000   Number         0  main.o ABSOLUTE
    __arm_fini_                               - Undefined Weak Reference
    __cpp_initialize__aeabi_                  - Undefined Weak Reference
    __cxa_finalize                            - Undefined Weak Reference
    __decompress                              - Undefined Weak Reference
    _clock_init                               - Undefined Weak Reference
    _microlib_exit                            - Undefined Weak Reference
    _scanf_longlong                           - Undefined Weak Reference
    _scanf_real                               - Undefined Weak Reference
    _scanf_string                             - Undefined Weak Reference
    __Vectors_Size                           0x000001d8   Number         0  startup_stm32g431xx.o ABSOLUTE
    __Vectors                                0x08000000   Data           4  startup_stm32g431xx.o(RESET)
    __Vectors_End                            0x080001d8   Data           0  startup_stm32g431xx.o(RESET)
    __main                                   0x080001d9   Thumb Code     0  entry.o(.ARM.Collect$$$$00000000)
    _main_stk                                0x080001d9   Thumb Code     0  entry2.o(.ARM.Collect$$$$00000001)
    _main_scatterload                        0x080001dd   Thumb Code     0  entry5.o(.ARM.Collect$$$$00000004)
    __main_after_scatterload                 0x080001e1   Thumb Code     0  entry5.o(.ARM.Collect$$$$00000004)
    _main_clock                              0x080001e1   Thumb Code     0  entry7b.o(.ARM.Collect$$$$00000008)
    _main_cpp_init                           0x080001e1   Thumb Code     0  entry8b.o(.ARM.Collect$$$$0000000A)
    _main_init                               0x080001e1   Thumb Code     0  entry9a.o(.ARM.Collect$$$$0000000B)
    __rt_lib_shutdown_fini                   0x080001e9   Thumb Code     0  entry12b.o(.ARM.Collect$$$$0000000E)
    __rt_final_cpp                           0x080001ed   Thumb Code     0  entry10a.o(.ARM.Collect$$$$0000000F)
    __rt_final_exit                          0x080001ed   Thumb Code     0  entry11a.o(.ARM.Collect$$$$00000011)
    Reset_Handler                            0x080001f1   Thumb Code     8  startup_stm32g431xx.o(.text)
    ADC1_2_IRQHandler                        0x0800020b   Thumb Code     0  startup_stm32g431xx.o(.text)
    COMP1_2_3_IRQHandler                     0x0800020b   Thumb Code     0  startup_stm32g431xx.o(.text)
    COMP4_IRQHandler                         0x0800020b   Thumb Code     0  startup_stm32g431xx.o(.text)
    CORDIC_IRQHandler                        0x0800020b   Thumb Code     0  startup_stm32g431xx.o(.text)
    CRS_IRQHandler                           0x0800020b   Thumb Code     0  startup_stm32g431xx.o(.text)
    DMA1_Channel1_IRQHandler                 0x0800020b   Thumb Code     0  startup_stm32g431xx.o(.text)
    DMA1_Channel2_IRQHandler                 0x0800020b   Thumb Code     0  startup_stm32g431xx.o(.text)
    DMA1_Channel3_IRQHandler                 0x0800020b   Thumb Code     0  startup_stm32g431xx.o(.text)
    DMA1_Channel4_IRQHandler                 0x0800020b   Thumb Code     0  startup_stm32g431xx.o(.text)
    DMA1_Channel5_IRQHandler                 0x0800020b   Thumb Code     0  startup_stm32g431xx.o(.text)
    DMA1_Channel6_IRQHandler                 0x0800020b   Thumb Code     0  startup_stm32g431xx.o(.text)
    DMA2_Channel1_IRQHandler                 0x0800020b   Thumb Code     0  startup_stm32g431xx.o(.text)
    DMA2_Channel2_IRQHandler                 0x0800020b   Thumb Code     0  startup_stm32g431xx.o(.text)
    DMA2_Channel3_IRQHandler                 0x0800020b   Thumb Code     0  startup_stm32g431xx.o(.text)
    DMA2_Channel4_IRQHandler                 0x0800020b   Thumb Code     0  startup_stm32g431xx.o(.text)
    DMA2_Channel5_IRQHandler                 0x0800020b   Thumb Code     0  startup_stm32g431xx.o(.text)
    DMA2_Channel6_IRQHandler                 0x0800020b   Thumb Code     0  startup_stm32g431xx.o(.text)
    DMAMUX_OVR_IRQHandler                    0x0800020b   Thumb Code     0  startup_stm32g431xx.o(.text)
    EXTI0_IRQHandler                         0x0800020b   Thumb Code     0  startup_stm32g431xx.o(.text)
    EXTI15_10_IRQHandler                     0x0800020b   Thumb Code     0  startup_stm32g431xx.o(.text)
    EXTI1_IRQHandler                         0x0800020b   Thumb Code     0  startup_stm32g431xx.o(.text)
    EXTI2_IRQHandler                         0x0800020b   Thumb Code     0  startup_stm32g431xx.o(.text)
    EXTI3_IRQHandler                         0x0800020b   Thumb Code     0  startup_stm32g431xx.o(.text)
    EXTI4_IRQHandler                         0x0800020b   Thumb Code     0  startup_stm32g431xx.o(.text)
    EXTI9_5_IRQHandler                       0x0800020b   Thumb Code     0  startup_stm32g431xx.o(.text)
    FDCAN1_IT0_IRQHandler                    0x0800020b   Thumb Code     0  startup_stm32g431xx.o(.text)
    FDCAN1_IT1_IRQHandler                    0x0800020b   Thumb Code     0  startup_stm32g431xx.o(.text)
    FLASH_IRQHandler                         0x0800020b   Thumb Code     0  startup_stm32g431xx.o(.text)
    FMAC_IRQHandler                          0x0800020b   Thumb Code     0  startup_stm32g431xx.o(.text)
    FPU_IRQHandler                           0x0800020b   Thumb Code     0  startup_stm32g431xx.o(.text)
    I2C1_ER_IRQHandler                       0x0800020b   Thumb Code     0  startup_stm32g431xx.o(.text)
    I2C1_EV_IRQHandler                       0x0800020b   Thumb Code     0  startup_stm32g431xx.o(.text)
    I2C2_ER_IRQHandler                       0x0800020b   Thumb Code     0  startup_stm32g431xx.o(.text)
    I2C2_EV_IRQHandler                       0x0800020b   Thumb Code     0  startup_stm32g431xx.o(.text)
    I2C3_ER_IRQHandler                       0x0800020b   Thumb Code     0  startup_stm32g431xx.o(.text)
    I2C3_EV_IRQHandler                       0x0800020b   Thumb Code     0  startup_stm32g431xx.o(.text)
    LPTIM1_IRQHandler                        0x0800020b   Thumb Code     0  startup_stm32g431xx.o(.text)
    LPUART1_IRQHandler                       0x0800020b   Thumb Code     0  startup_stm32g431xx.o(.text)
    PVD_PVM_IRQHandler                       0x0800020b   Thumb Code     0  startup_stm32g431xx.o(.text)
    RCC_IRQHandler                           0x0800020b   Thumb Code     0  startup_stm32g431xx.o(.text)
    RNG_IRQHandler                           0x0800020b   Thumb Code     0  startup_stm32g431xx.o(.text)
    RTC_Alarm_IRQHandler                     0x0800020b   Thumb Code     0  startup_stm32g431xx.o(.text)
    RTC_TAMP_LSECSS_IRQHandler               0x0800020b   Thumb Code     0  startup_stm32g431xx.o(.text)
    RTC_WKUP_IRQHandler                      0x0800020b   Thumb Code     0  startup_stm32g431xx.o(.text)
    SAI1_IRQHandler                          0x0800020b   Thumb Code     0  startup_stm32g431xx.o(.text)
    SPI1_IRQHandler                          0x0800020b   Thumb Code     0  startup_stm32g431xx.o(.text)
    SPI2_IRQHandler                          0x0800020b   Thumb Code     0  startup_stm32g431xx.o(.text)
    SPI3_IRQHandler                          0x0800020b   Thumb Code     0  startup_stm32g431xx.o(.text)
    TIM1_BRK_TIM15_IRQHandler                0x0800020b   Thumb Code     0  startup_stm32g431xx.o(.text)
    TIM1_CC_IRQHandler                       0x0800020b   Thumb Code     0  startup_stm32g431xx.o(.text)
    TIM1_TRG_COM_TIM17_IRQHandler            0x0800020b   Thumb Code     0  startup_stm32g431xx.o(.text)
    TIM1_UP_TIM16_IRQHandler                 0x0800020b   Thumb Code     0  startup_stm32g431xx.o(.text)
    TIM3_IRQHandler                          0x0800020b   Thumb Code     0  startup_stm32g431xx.o(.text)
    TIM6_DAC_IRQHandler                      0x0800020b   Thumb Code     0  startup_stm32g431xx.o(.text)
    TIM7_IRQHandler                          0x0800020b   Thumb Code     0  startup_stm32g431xx.o(.text)
    TIM8_BRK_IRQHandler                      0x0800020b   Thumb Code     0  startup_stm32g431xx.o(.text)
    TIM8_CC_IRQHandler                       0x0800020b   Thumb Code     0  startup_stm32g431xx.o(.text)
    TIM8_TRG_COM_IRQHandler                  0x0800020b   Thumb Code     0  startup_stm32g431xx.o(.text)
    TIM8_UP_IRQHandler                       0x0800020b   Thumb Code     0  startup_stm32g431xx.o(.text)
    UART4_IRQHandler                         0x0800020b   Thumb Code     0  startup_stm32g431xx.o(.text)
    UCPD1_IRQHandler                         0x0800020b   Thumb Code     0  startup_stm32g431xx.o(.text)
    USART3_IRQHandler                        0x0800020b   Thumb Code     0  startup_stm32g431xx.o(.text)
    USBWakeUp_IRQHandler                     0x0800020b   Thumb Code     0  startup_stm32g431xx.o(.text)
    USB_HP_IRQHandler                        0x0800020b   Thumb Code     0  startup_stm32g431xx.o(.text)
    USB_LP_IRQHandler                        0x0800020b   Thumb Code     0  startup_stm32g431xx.o(.text)
    WWDG_IRQHandler                          0x0800020b   Thumb Code     0  startup_stm32g431xx.o(.text)
    __aeabi_uldivmod                         0x08000215   Thumb Code    98  uldiv.o(.text)
    __aeabi_memset                           0x08000277   Thumb Code    14  memseta.o(.text)
    __aeabi_memset4                          0x08000277   Thumb Code     0  memseta.o(.text)
    __aeabi_memset8                          0x08000277   Thumb Code     0  memseta.o(.text)
    __aeabi_memclr                           0x08000285   Thumb Code     4  memseta.o(.text)
    __aeabi_memclr4                          0x08000285   Thumb Code     0  memseta.o(.text)
    __aeabi_memclr8                          0x08000285   Thumb Code     0  memseta.o(.text)
    _memset$wrapper                          0x08000289   Thumb Code    18  memseta.o(.text)
    __0sscanf                                0x0800029d   Thumb Code    48  __0sscanf.o(.text)
    _scanf_int                               0x080002d5   Thumb Code   332  _scanf_int.o(.text)
    __aeabi_dmul                             0x08000421   Thumb Code   228  dmul.o(.text)
    __aeabi_d2uiz                            0x08000505   Thumb Code    50  dfixui.o(.text)
    __aeabi_f2d                              0x08000537   Thumb Code    38  f2d.o(.text)
    __aeabi_llsl                             0x0800055d   Thumb Code    30  llshl.o(.text)
    _ll_shift_l                              0x0800055d   Thumb Code     0  llshl.o(.text)
    __aeabi_llsr                             0x0800057b   Thumb Code    32  llushr.o(.text)
    _ll_ushift_r                             0x0800057b   Thumb Code     0  llushr.o(.text)
    _chval                                   0x0800059b   Thumb Code    28  _chval.o(.text)
    __vfscanf_char                           0x080005c5   Thumb Code    20  scanf_char.o(.text)
    _sgetc                                   0x080005e1   Thumb Code    30  _sgetc.o(.text)
    _sbackspace                              0x080005ff   Thumb Code    34  _sgetc.o(.text)
    __I$use$fp                               0x08000621   Thumb Code     0  iusefp.o(.text)
    _double_round                            0x08000621   Thumb Code    30  depilogue.o(.text)
    _double_epilogue                         0x0800063f   Thumb Code   156  depilogue.o(.text)
    _dsqrt                                   0x080006db   Thumb Code   162  dsqrt.o(.text)
    __scatterload                            0x0800077d   Thumb Code    28  init.o(.text)
    __scatterload_rt2                        0x0800077d   Thumb Code     0  init.o(.text)
    isspace                                  0x080007a1   Thumb Code    10  isspace_c.o(.text)
    __vfscanf                                0x080007ad   Thumb Code   810  _scanf.o(.text)
    __ctype_lookup                           0x08000add   Thumb Code    34  ctype_c.o(.text)
    BusFault_Handler                         0x08000b05   Thumb Code     2  stm32g4xx_it.o(i.BusFault_Handler)
    Calculator_AngleAcc                      0x08000b07   Thumb Code    66  stepper.o(i.Calculator_AngleAcc)
    DebugMon_Handler                         0x08000b49   Thumb Code     2  stm32g4xx_it.o(i.DebugMon_Handler)
    Error_Handler                            0x08000b4b   Thumb Code     4  main.o(i.Error_Handler)
    HAL_DMA_Abort                            0x08000b4f   Thumb Code   106  stm32g4xx_hal_dma.o(i.HAL_DMA_Abort)
    HAL_DMA_Abort_IT                         0x08000bb9   Thumb Code   120  stm32g4xx_hal_dma.o(i.HAL_DMA_Abort_IT)
    HAL_Delay                                0x08000c31   Thumb Code    32  stm32g4xx_hal.o(i.HAL_Delay)
    HAL_GPIO_Init                            0x08000c55   Thumb Code   550  stm32g4xx_hal_gpio.o(i.HAL_GPIO_Init)
    HAL_GPIO_WritePin                        0x08000e9d   Thumb Code    10  stm32g4xx_hal_gpio.o(i.HAL_GPIO_WritePin)
    HAL_GetTick                              0x08000ea9   Thumb Code     6  stm32g4xx_hal.o(i.HAL_GetTick)
    HAL_IncTick                              0x08000eb5   Thumb Code    12  stm32g4xx_hal.o(i.HAL_IncTick)
    HAL_Init                                 0x08000ec5   Thumb Code    30  stm32g4xx_hal.o(i.HAL_Init)
    HAL_InitTick                             0x08000ee5   Thumb Code    58  stm32g4xx_hal.o(i.HAL_InitTick)
    HAL_MspInit                              0x08000f29   Thumb Code    42  stm32g4xx_hal_msp.o(i.HAL_MspInit)
    HAL_NVIC_EnableIRQ                       0x08000f59   Thumb Code    26  stm32g4xx_hal_cortex.o(i.HAL_NVIC_EnableIRQ)
    HAL_NVIC_SetPriority                     0x08000f75   Thumb Code    60  stm32g4xx_hal_cortex.o(i.HAL_NVIC_SetPriority)
    HAL_NVIC_SetPriorityGrouping             0x08000fb5   Thumb Code    26  stm32g4xx_hal_cortex.o(i.HAL_NVIC_SetPriorityGrouping)
    HAL_PWREx_ControlVoltageScaling          0x08000fd9   Thumb Code   174  stm32g4xx_hal_pwr_ex.o(i.HAL_PWREx_ControlVoltageScaling)
    HAL_PWREx_DisableUCPDDeadBattery         0x08001095   Thumb Code    12  stm32g4xx_hal_pwr_ex.o(i.HAL_PWREx_DisableUCPDDeadBattery)
    HAL_RCCEx_PeriphCLKConfig                0x080010a5   Thumb Code   638  stm32g4xx_hal_rcc_ex.o(i.HAL_RCCEx_PeriphCLKConfig)
    HAL_RCC_ClockConfig                      0x0800132d   Thumb Code   444  stm32g4xx_hal_rcc.o(i.HAL_RCC_ClockConfig)
    HAL_RCC_GetPCLK1Freq                     0x08001509   Thumb Code    24  stm32g4xx_hal_rcc.o(i.HAL_RCC_GetPCLK1Freq)
    HAL_RCC_GetPCLK2Freq                     0x0800152d   Thumb Code    24  stm32g4xx_hal_rcc.o(i.HAL_RCC_GetPCLK2Freq)
    HAL_RCC_GetSysClockFreq                  0x08001551   Thumb Code    98  stm32g4xx_hal_rcc.o(i.HAL_RCC_GetSysClockFreq)
    HAL_RCC_OscConfig                        0x080015bd   Thumb Code  1036  stm32g4xx_hal_rcc.o(i.HAL_RCC_OscConfig)
    HAL_SYSTICK_Config                       0x080019c9   Thumb Code    40  stm32g4xx_hal_cortex.o(i.HAL_SYSTICK_Config)
    HAL_TIMEx_Break2Callback                 0x080019f1   Thumb Code     2  stm32g4xx_hal_tim_ex.o(i.HAL_TIMEx_Break2Callback)
    HAL_TIMEx_BreakCallback                  0x080019f3   Thumb Code     2  stm32g4xx_hal_tim_ex.o(i.HAL_TIMEx_BreakCallback)
    HAL_TIMEx_CommutCallback                 0x080019f5   Thumb Code     2  stm32g4xx_hal_tim_ex.o(i.HAL_TIMEx_CommutCallback)
    HAL_TIMEx_DirectionChangeCallback        0x080019f7   Thumb Code     2  stm32g4xx_hal_tim_ex.o(i.HAL_TIMEx_DirectionChangeCallback)
    HAL_TIMEx_EncoderIndexCallback           0x080019f9   Thumb Code     2  stm32g4xx_hal_tim_ex.o(i.HAL_TIMEx_EncoderIndexCallback)
    HAL_TIMEx_IndexErrorCallback             0x080019fb   Thumb Code     2  stm32g4xx_hal_tim_ex.o(i.HAL_TIMEx_IndexErrorCallback)
    HAL_TIMEx_MasterConfigSynchronization    0x080019fd   Thumb Code   132  stm32g4xx_hal_tim_ex.o(i.HAL_TIMEx_MasterConfigSynchronization)
    HAL_TIMEx_TransitionErrorCallback        0x08001a99   Thumb Code     2  stm32g4xx_hal_tim_ex.o(i.HAL_TIMEx_TransitionErrorCallback)
    HAL_TIM_Base_Init                        0x08001a9b   Thumb Code    98  stm32g4xx_hal_tim.o(i.HAL_TIM_Base_Init)
    HAL_TIM_Base_MspInit                     0x08001afd   Thumb Code    50  tim.o(i.HAL_TIM_Base_MspInit)
    HAL_TIM_Base_Start_IT                    0x08001b39   Thumb Code    94  stm32g4xx_hal_tim.o(i.HAL_TIM_Base_Start_IT)
    HAL_TIM_ConfigClockSource                0x08001bb1   Thumb Code   246  stm32g4xx_hal_tim.o(i.HAL_TIM_ConfigClockSource)
    HAL_TIM_IC_CaptureCallback               0x08001cb1   Thumb Code     2  stm32g4xx_hal_tim.o(i.HAL_TIM_IC_CaptureCallback)
    HAL_TIM_IRQHandler                       0x08001cb3   Thumb Code   508  stm32g4xx_hal_tim.o(i.HAL_TIM_IRQHandler)
    HAL_TIM_MspPostInit                      0x08001eb1   Thumb Code    72  tim.o(i.HAL_TIM_MspPostInit)
    HAL_TIM_OC_ConfigChannel                 0x08001efd   Thumb Code   110  stm32g4xx_hal_tim.o(i.HAL_TIM_OC_ConfigChannel)
    HAL_TIM_OC_DelayElapsedCallback          0x08001f6d   Thumb Code    44  stepper.o(i.HAL_TIM_OC_DelayElapsedCallback)
    HAL_TIM_OC_Init                          0x08001fa5   Thumb Code    98  stm32g4xx_hal_tim.o(i.HAL_TIM_OC_Init)
    HAL_TIM_OC_MspInit                       0x08002009   Thumb Code    50  tim.o(i.HAL_TIM_OC_MspInit)
    HAL_TIM_OC_Start_IT                      0x08002041   Thumb Code   262  stm32g4xx_hal_tim.o(i.HAL_TIM_OC_Start_IT)
    HAL_TIM_OC_Stop_IT                       0x08002169   Thumb Code   216  stm32g4xx_hal_tim.o(i.HAL_TIM_OC_Stop_IT)
    HAL_TIM_PWM_PulseFinishedCallback        0x08002255   Thumb Code     2  stm32g4xx_hal_tim.o(i.HAL_TIM_PWM_PulseFinishedCallback)
    HAL_TIM_PeriodElapsedCallback            0x08002259   Thumb Code   152  main.o(i.HAL_TIM_PeriodElapsedCallback)
    HAL_TIM_TriggerCallback                  0x08002315   Thumb Code     2  stm32g4xx_hal_tim.o(i.HAL_TIM_TriggerCallback)
    HAL_UARTEx_DisableFifoMode               0x08002317   Thumb Code    62  stm32g4xx_hal_uart_ex.o(i.HAL_UARTEx_DisableFifoMode)
    HAL_UARTEx_RxEventCallback               0x08002355   Thumb Code     2  stm32g4xx_hal_uart.o(i.HAL_UARTEx_RxEventCallback)
    HAL_UARTEx_RxFifoFullCallback            0x08002357   Thumb Code     2  stm32g4xx_hal_uart_ex.o(i.HAL_UARTEx_RxFifoFullCallback)
    HAL_UARTEx_SetRxFifoThreshold            0x08002359   Thumb Code    76  stm32g4xx_hal_uart_ex.o(i.HAL_UARTEx_SetRxFifoThreshold)
    HAL_UARTEx_SetTxFifoThreshold            0x080023a5   Thumb Code    76  stm32g4xx_hal_uart_ex.o(i.HAL_UARTEx_SetTxFifoThreshold)
    HAL_UARTEx_TxFifoEmptyCallback           0x080023f1   Thumb Code     2  stm32g4xx_hal_uart_ex.o(i.HAL_UARTEx_TxFifoEmptyCallback)
    HAL_UARTEx_WakeupCallback                0x080023f3   Thumb Code     2  stm32g4xx_hal_uart_ex.o(i.HAL_UARTEx_WakeupCallback)
    HAL_UART_ErrorCallback                   0x080023f5   Thumb Code     2  stm32g4xx_hal_uart.o(i.HAL_UART_ErrorCallback)
    HAL_UART_IRQHandler                      0x080023f9   Thumb Code   722  stm32g4xx_hal_uart.o(i.HAL_UART_IRQHandler)
    HAL_UART_Init                            0x080026d9   Thumb Code   106  stm32g4xx_hal_uart.o(i.HAL_UART_Init)
    HAL_UART_MspInit                         0x08002745   Thumb Code   218  usart.o(i.HAL_UART_MspInit)
    HAL_UART_Receive_IT                      0x08002831   Thumb Code    80  stm32g4xx_hal_uart.o(i.HAL_UART_Receive_IT)
    HAL_UART_RxCpltCallback                  0x08002885   Thumb Code    52  connect.o(i.HAL_UART_RxCpltCallback)
    HAL_UART_Transmit                        0x080028d1   Thumb Code   188  stm32g4xx_hal_uart.o(i.HAL_UART_Transmit)
    HAL_UART_TxCpltCallback                  0x0800298d   Thumb Code     2  stm32g4xx_hal_uart.o(i.HAL_UART_TxCpltCallback)
    HMIDateHandler                           0x08002991   Thumb Code   240  connect.o(i.HMIDateHandler)
    HardFault_Handler                        0x08002a85   Thumb Code     2  stm32g4xx_it.o(i.HardFault_Handler)
    Init_Stepper                             0x08002a89   Thumb Code    76  stepper.o(i.Init_Stepper)
    MX_GPIO_Init                             0x08002ad9   Thumb Code   190  gpio.o(i.MX_GPIO_Init)
    MX_TIM2_Init                             0x08002ba5   Thumb Code   124  tim.o(i.MX_TIM2_Init)
    MX_TIM4_Init                             0x08002c25   Thumb Code    98  tim.o(i.MX_TIM4_Init)
    MX_USART1_UART_Init                      0x08002c91   Thumb Code    94  usart.o(i.MX_USART1_UART_Init)
    MX_USART2_UART_Init                      0x08002cf9   Thumb Code    94  usart.o(i.MX_USART2_UART_Init)
    MemManage_Handler                        0x08002d61   Thumb Code     2  stm32g4xx_it.o(i.MemManage_Handler)
    NMI_Handler                              0x08002d63   Thumb Code     2  stm32g4xx_it.o(i.NMI_Handler)
    PendSV_Handler                           0x08002d65   Thumb Code     2  stm32g4xx_it.o(i.PendSV_Handler)
    SVC_Handler                              0x08002d67   Thumb Code     2  stm32g4xx_it.o(i.SVC_Handler)
    StepperInOC                              0x08002d69   Thumb Code   466  stepper.o(i.StepperInOC)
    Stepper_Handler                          0x08002f41   Thumb Code   218  stepper.o(i.Stepper_Handler)
    Stepper_Pause                            0x0800301b   Thumb Code     8  stepper.o(i.Stepper_Pause)
    Stepper_Stop                             0x08003023   Thumb Code    24  stepper.o(i.Stepper_Stop)
    StpDistanceSetBlocking                   0x0800303d   Thumb Code  1188  stepper.o(i.StpDistanceSetBlocking)
    SysTick_Handler                          0x080034e1   Thumb Code     4  stm32g4xx_it.o(i.SysTick_Handler)
    SystemClock_Config                       0x080034e5   Thumb Code   104  main.o(i.SystemClock_Config)
    SystemInit                               0x0800354d   Thumb Code    12  system_stm32g4xx.o(i.SystemInit)
    TIM2_IRQHandler                          0x0800355d   Thumb Code     6  stm32g4xx_it.o(i.TIM2_IRQHandler)
    TIM4_IRQHandler                          0x08003569   Thumb Code     6  stm32g4xx_it.o(i.TIM4_IRQHandler)
    TIM_Base_SetConfig                       0x08003575   Thumb Code   146  stm32g4xx_hal_tim.o(i.TIM_Base_SetConfig)
    TIM_CCxChannelCmd                        0x08003625   Thumb Code    26  stm32g4xx_hal_tim.o(i.TIM_CCxChannelCmd)
    TIM_ETR_SetConfig                        0x0800363f   Thumb Code    20  stm32g4xx_hal_tim.o(i.TIM_ETR_SetConfig)
    TIM_OC2_SetConfig                        0x08003705   Thumb Code   120  stm32g4xx_hal_tim.o(i.TIM_OC2_SetConfig)
    UART_AdvFeatureConfig                    0x08003a21   Thumb Code   200  stm32g4xx_hal_uart.o(i.UART_AdvFeatureConfig)
    UART_CheckIdleState                      0x08003ae9   Thumb Code    96  stm32g4xx_hal_uart.o(i.UART_CheckIdleState)
    UART_SetConfig                           0x08003fe1   Thumb Code   582  stm32g4xx_hal_uart.o(i.UART_SetConfig)
    UART_Start_Receive_IT                    0x08004255   Thumb Code   262  stm32g4xx_hal_uart.o(i.UART_Start_Receive_IT)
    UART_WaitOnFlagUntilTimeout              0x0800436d   Thumb Code   198  stm32g4xx_hal_uart.o(i.UART_WaitOnFlagUntilTimeout)
    USART1_IRQHandler                        0x08004435   Thumb Code     6  stm32g4xx_it.o(i.USART1_IRQHandler)
    USART2_IRQHandler                        0x08004441   Thumb Code     6  stm32g4xx_it.o(i.USART2_IRQHandler)
    UartDateHandler                          0x0800444d   Thumb Code   238  connect.o(i.UartDateHandler)
    UsageFault_Handler                       0x08004569   Thumb Code     2  stm32g4xx_it.o(i.UsageFault_Handler)
    __ARM_fpclassifyf                        0x0800456b   Thumb Code    38  fpclassifyf.o(i.__ARM_fpclassifyf)
    __hardfp_atanf                           0x080045b1   Thumb Code   296  atanf.o(i.__hardfp_atanf)
    __hardfp_sqrt                            0x08004711   Thumb Code   122  sqrt.o(i.__hardfp_sqrt)
    __hardfp_sqrtf                           0x0800478b   Thumb Code    58  sqrtf.o(i.__hardfp_sqrtf)
    __mathlib_flt_infnan                     0x080047c5   Thumb Code     6  funder.o(i.__mathlib_flt_infnan)
    __mathlib_flt_underflow                  0x080047cd   Thumb Code    10  funder.o(i.__mathlib_flt_underflow)
    __scatterload_copy                       0x080047dd   Thumb Code    14  handlers.o(i.__scatterload_copy)
    __scatterload_null                       0x080047eb   Thumb Code     2  handlers.o(i.__scatterload_null)
    __scatterload_zeroinit                   0x080047ed   Thumb Code    14  handlers.o(i.__scatterload_zeroinit)
    __set_errno                              0x080047fd   Thumb Code     6  errno.o(i.__set_errno)
    axis_cv2screen                           0x08004809   Thumb Code    62  control .o(i.axis_cv2screen)
    drawline                                 0x08004855   Thumb Code   284  control .o(i.drawline)
    laser_init                               0x0800497d   Thumb Code    20  control .o(i.laser_init)
    main                                     0x08004991   Thumb Code   202  main.o(i.main)
    mission3                                 0x08004a9d   Thumb Code   444  control .o(i.mission3)
    myabsf                                   0x08004c7d   Thumb Code    16  stepper.o(i.myabsf)
    myabsi                                   0x08004c8d   Thumb Code     8  stepper.o(i.myabsi)
    pid_init                                 0x08004c95   Thumb Code    46  control .o(i.pid_init)
    pid_position                             0x08004cc9   Thumb Code   172  control .o(i.pid_position)
    pid_stop                                 0x08004d75   Thumb Code     8  control .o(i.pid_stop)
    turn_coordinate                          0x08004d81   Thumb Code   208  control .o(i.turn_coordinate)
    UARTPrescTable                           0x08004e70   Data          24  stm32g4xx_hal_uart.o(.constdata)
    AHBPrescTable                            0x08004e98   Data          16  system_stm32g4xx.o(.constdata)
    APBPrescTable                            0x08004ea8   Data           8  system_stm32g4xx.o(.constdata)
    __ctype_categories                       0x08004eb0   Data          64  ctype_c.o(.constdata)
    Region$$Table$$Base                      0x08004ef0   Number         0  anon$$obj.o(Region$$Table)
    Region$$Table$$Limit                     0x08004f10   Number         0  anon$$obj.o(Region$$Table)
    uwTickPrio                               0x20000000   Data           4  stm32g4xx_hal.o(.data)
    uwTickFreq                               0x20000004   Data           4  stm32g4xx_hal.o(.data)
    uwTick                                   0x20000008   Data           4  stm32g4xx_hal.o(.data)
    SystemCoreClock                          0x2000000c   Data           4  system_stm32g4xx.o(.data)
    PID_F                                    0x20000010   Data           4  macro.o(.data)
    htim2                                    0x2000003c   Data          76  tim.o(.bss)
    htim4                                    0x20000088   Data          76  tim.o(.bss)
    huart1                                   0x200000d4   Data         144  usart.o(.bss)
    huart2                                   0x20000164   Data         144  usart.o(.bss)
    hmi_data_ins                             0x200001f4   Data          16  macro.o(.bss)
    cv_ins                                   0x20000204   Data          76  macro.o(.bss)
    stepper1                                 0x20000250   Data          92  macro.o(.bss)
    stepper2                                 0x200002ac   Data          92  macro.o(.bss)
    uart_ins1                                0x20000308   Data          28  macro.o(.bss)
    uart_ins2                                0x20000324   Data          28  macro.o(.bss)
    pid_stp1                                 0x20000340   Data          48  macro.o(.bss)
    pid_stp2                                 0x20000370   Data          48  macro.o(.bss)
    laser_ins                                0x200003a0   Data          32  macro.o(.bss)
    __initial_sp                             0x200007c0   Data           0  startup_stm32g431xx.o(STACK)



==============================================================================

Memory Map of the image

  Image Entry point : 0x080001d9

  Load Region LR_IROM1 (Base: 0x08000000, Size: 0x00004f4c, Max: 0x00010000, ABSOLUTE)

    Execution Region ER_IROM1 (Exec base: 0x08000000, Load base: 0x08000000, Size: 0x00004f10, Max: 0x00010000, ABSOLUTE)

    Exec Addr    Load Addr    Size         Type   Attr      Idx    E Section Name        Object

    0x08000000   0x08000000   0x000001d8   Data   RO            3    RESET               startup_stm32g431xx.o
    0x080001d8   0x080001d8   0x00000000   Code   RO         4081  * .ARM.Collect$$$$00000000  mc_w.l(entry.o)
    0x080001d8   0x080001d8   0x00000004   Code   RO         4123    .ARM.Collect$$$$00000001  mc_w.l(entry2.o)
    0x080001dc   0x080001dc   0x00000004   Code   RO         4126    .ARM.Collect$$$$00000004  mc_w.l(entry5.o)
    0x080001e0   0x080001e0   0x00000000   Code   RO         4128    .ARM.Collect$$$$00000008  mc_w.l(entry7b.o)
    0x080001e0   0x080001e0   0x00000000   Code   RO         4130    .ARM.Collect$$$$0000000A  mc_w.l(entry8b.o)
    0x080001e0   0x080001e0   0x00000008   Code   RO         4131    .ARM.Collect$$$$0000000B  mc_w.l(entry9a.o)
    0x080001e8   0x080001e8   0x00000004   Code   RO         4138    .ARM.Collect$$$$0000000E  mc_w.l(entry12b.o)
    0x080001ec   0x080001ec   0x00000000   Code   RO         4133    .ARM.Collect$$$$0000000F  mc_w.l(entry10a.o)
    0x080001ec   0x080001ec   0x00000000   Code   RO         4135    .ARM.Collect$$$$00000011  mc_w.l(entry11a.o)
    0x080001ec   0x080001ec   0x00000004   Code   RO         4124    .ARM.Collect$$$$00002712  mc_w.l(entry2.o)
    0x080001f0   0x080001f0   0x00000024   Code   RO            4    .text               startup_stm32g431xx.o
    0x08000214   0x08000214   0x00000062   Code   RO         4084    .text               mc_w.l(uldiv.o)
    0x08000276   0x08000276   0x00000024   Code   RO         4086    .text               mc_w.l(memseta.o)
    0x0800029a   0x0800029a   0x00000002   PAD
    0x0800029c   0x0800029c   0x00000038   Code   RO         4090    .text               mc_w.l(__0sscanf.o)
    0x080002d4   0x080002d4   0x0000014c   Code   RO         4092    .text               mc_w.l(_scanf_int.o)
    0x08000420   0x08000420   0x000000e4   Code   RO         4094    .text               mf_w.l(dmul.o)
    0x08000504   0x08000504   0x00000032   Code   RO         4098    .text               mf_w.l(dfixui.o)
    0x08000536   0x08000536   0x00000026   Code   RO         4100    .text               mf_w.l(f2d.o)
    0x0800055c   0x0800055c   0x0000001e   Code   RO         4139    .text               mc_w.l(llshl.o)
    0x0800057a   0x0800057a   0x00000020   Code   RO         4141    .text               mc_w.l(llushr.o)
    0x0800059a   0x0800059a   0x0000001c   Code   RO         4150    .text               mc_w.l(_chval.o)
    0x080005b6   0x080005b6   0x00000002   PAD
    0x080005b8   0x080005b8   0x00000028   Code   RO         4152    .text               mc_w.l(scanf_char.o)
    0x080005e0   0x080005e0   0x00000040   Code   RO         4154    .text               mc_w.l(_sgetc.o)
    0x08000620   0x08000620   0x00000000   Code   RO         4156    .text               mc_w.l(iusefp.o)
    0x08000620   0x08000620   0x000000ba   Code   RO         4159    .text               mf_w.l(depilogue.o)
    0x080006da   0x080006da   0x000000a2   Code   RO         4161    .text               mf_w.l(dsqrt.o)
    0x0800077c   0x0800077c   0x00000024   Code   RO         4165    .text               mc_w.l(init.o)
    0x080007a0   0x080007a0   0x0000000a   Code   RO         4167    .text               mc_w.l(isspace_c.o)
    0x080007aa   0x080007aa   0x00000002   PAD
    0x080007ac   0x080007ac   0x00000330   Code   RO         4169    .text               mc_w.l(_scanf.o)
    0x08000adc   0x08000adc   0x00000028   Code   RO         4171    .text               mc_w.l(ctype_c.o)
    0x08000b04   0x08000b04   0x00000002   Code   RO          337    i.BusFault_Handler  stm32g4xx_it.o
    0x08000b06   0x08000b06   0x00000042   Code   RO         3721    i.Calculator_AngleAcc  stepper.o
    0x08000b48   0x08000b48   0x00000002   Code   RO          338    i.DebugMon_Handler  stm32g4xx_it.o
    0x08000b4a   0x08000b4a   0x00000004   Code   RO           13    i.Error_Handler     main.o
    0x08000b4e   0x08000b4e   0x0000006a   Code   RO         2682    i.HAL_DMA_Abort     stm32g4xx_hal_dma.o
    0x08000bb8   0x08000bb8   0x00000078   Code   RO         2683    i.HAL_DMA_Abort_IT  stm32g4xx_hal_dma.o
    0x08000c30   0x08000c30   0x00000024   Code   RO         1853    i.HAL_Delay         stm32g4xx_hal.o
    0x08000c54   0x08000c54   0x00000248   Code   RO         2544    i.HAL_GPIO_Init     stm32g4xx_hal_gpio.o
    0x08000e9c   0x08000e9c   0x0000000a   Code   RO         2548    i.HAL_GPIO_WritePin  stm32g4xx_hal_gpio.o
    0x08000ea6   0x08000ea6   0x00000002   PAD
    0x08000ea8   0x08000ea8   0x0000000c   Code   RO         1857    i.HAL_GetTick       stm32g4xx_hal.o
    0x08000eb4   0x08000eb4   0x00000010   Code   RO         1860    i.HAL_IncTick       stm32g4xx_hal.o
    0x08000ec4   0x08000ec4   0x0000001e   Code   RO         1861    i.HAL_Init          stm32g4xx_hal.o
    0x08000ee2   0x08000ee2   0x00000002   PAD
    0x08000ee4   0x08000ee4   0x00000044   Code   RO         1862    i.HAL_InitTick      stm32g4xx_hal.o
    0x08000f28   0x08000f28   0x00000030   Code   RO          437    i.HAL_MspInit       stm32g4xx_hal_msp.o
    0x08000f58   0x08000f58   0x0000001a   Code   RO         2951    i.HAL_NVIC_EnableIRQ  stm32g4xx_hal_cortex.o
    0x08000f72   0x08000f72   0x00000002   PAD
    0x08000f74   0x08000f74   0x00000040   Code   RO         2957    i.HAL_NVIC_SetPriority  stm32g4xx_hal_cortex.o
    0x08000fb4   0x08000fb4   0x00000024   Code   RO         2958    i.HAL_NVIC_SetPriorityGrouping  stm32g4xx_hal_cortex.o
    0x08000fd8   0x08000fd8   0x000000bc   Code   RO         1607    i.HAL_PWREx_ControlVoltageScaling  stm32g4xx_hal_pwr_ex.o
    0x08001094   0x08001094   0x00000010   Code   RO         1619    i.HAL_PWREx_DisableUCPDDeadBattery  stm32g4xx_hal_pwr_ex.o
    0x080010a4   0x080010a4   0x00000288   Code   RO         2206    i.HAL_RCCEx_PeriphCLKConfig  stm32g4xx_hal_rcc_ex.o
    0x0800132c   0x0800132c   0x000001dc   Code   RO         2081    i.HAL_RCC_ClockConfig  stm32g4xx_hal_rcc.o
    0x08001508   0x08001508   0x00000024   Code   RO         2089    i.HAL_RCC_GetPCLK1Freq  stm32g4xx_hal_rcc.o
    0x0800152c   0x0800152c   0x00000024   Code   RO         2090    i.HAL_RCC_GetPCLK2Freq  stm32g4xx_hal_rcc.o
    0x08001550   0x08001550   0x0000006c   Code   RO         2091    i.HAL_RCC_GetSysClockFreq  stm32g4xx_hal_rcc.o
    0x080015bc   0x080015bc   0x0000040c   Code   RO         2094    i.HAL_RCC_OscConfig  stm32g4xx_hal_rcc.o
    0x080019c8   0x080019c8   0x00000028   Code   RO         2962    i.HAL_SYSTICK_Config  stm32g4xx_hal_cortex.o
    0x080019f0   0x080019f0   0x00000002   Code   RO         1177    i.HAL_TIMEx_Break2Callback  stm32g4xx_hal_tim_ex.o
    0x080019f2   0x080019f2   0x00000002   Code   RO         1178    i.HAL_TIMEx_BreakCallback  stm32g4xx_hal_tim_ex.o
    0x080019f4   0x080019f4   0x00000002   Code   RO         1179    i.HAL_TIMEx_CommutCallback  stm32g4xx_hal_tim_ex.o
    0x080019f6   0x080019f6   0x00000002   Code   RO         1190    i.HAL_TIMEx_DirectionChangeCallback  stm32g4xx_hal_tim_ex.o
    0x080019f8   0x080019f8   0x00000002   Code   RO         1204    i.HAL_TIMEx_EncoderIndexCallback  stm32g4xx_hal_tim_ex.o
    0x080019fa   0x080019fa   0x00000002   Code   RO         1218    i.HAL_TIMEx_IndexErrorCallback  stm32g4xx_hal_tim_ex.o
    0x080019fc   0x080019fc   0x0000009c   Code   RO         1219    i.HAL_TIMEx_MasterConfigSynchronization  stm32g4xx_hal_tim_ex.o
    0x08001a98   0x08001a98   0x00000002   Code   RO         1240    i.HAL_TIMEx_TransitionErrorCallback  stm32g4xx_hal_tim_ex.o
    0x08001a9a   0x08001a9a   0x00000062   Code   RO          463    i.HAL_TIM_Base_Init  stm32g4xx_hal_tim.o
    0x08001afc   0x08001afc   0x0000003c   Code   RO          224    i.HAL_TIM_Base_MspInit  tim.o
    0x08001b38   0x08001b38   0x00000078   Code   RO          468    i.HAL_TIM_Base_Start_IT  stm32g4xx_hal_tim.o
    0x08001bb0   0x08001bb0   0x00000100   Code   RO          472    i.HAL_TIM_ConfigClockSource  stm32g4xx_hal_tim.o
    0x08001cb0   0x08001cb0   0x00000002   Code   RO          497    i.HAL_TIM_IC_CaptureCallback  stm32g4xx_hal_tim.o
    0x08001cb2   0x08001cb2   0x000001fc   Code   RO          511    i.HAL_TIM_IRQHandler  stm32g4xx_hal_tim.o
    0x08001eae   0x08001eae   0x00000002   PAD
    0x08001eb0   0x08001eb0   0x0000004c   Code   RO          225    i.HAL_TIM_MspPostInit  tim.o
    0x08001efc   0x08001efc   0x0000006e   Code   RO          512    i.HAL_TIM_OC_ConfigChannel  stm32g4xx_hal_tim.o
    0x08001f6a   0x08001f6a   0x00000002   PAD
    0x08001f6c   0x08001f6c   0x00000038   Code   RO         3722    i.HAL_TIM_OC_DelayElapsedCallback  stepper.o
    0x08001fa4   0x08001fa4   0x00000062   Code   RO          516    i.HAL_TIM_OC_Init   stm32g4xx_hal_tim.o
    0x08002006   0x08002006   0x00000002   PAD
    0x08002008   0x08002008   0x00000038   Code   RO          227    i.HAL_TIM_OC_MspInit  tim.o
    0x08002040   0x08002040   0x00000128   Code   RO          521    i.HAL_TIM_OC_Start_IT  stm32g4xx_hal_tim.o
    0x08002168   0x08002168   0x000000ec   Code   RO          524    i.HAL_TIM_OC_Stop_IT  stm32g4xx_hal_tim.o
    0x08002254   0x08002254   0x00000002   Code   RO          541    i.HAL_TIM_PWM_PulseFinishedCallback  stm32g4xx_hal_tim.o
    0x08002256   0x08002256   0x00000002   PAD
    0x08002258   0x08002258   0x000000bc   Code   RO           14    i.HAL_TIM_PeriodElapsedCallback  main.o
    0x08002314   0x08002314   0x00000002   Code   RO          554    i.HAL_TIM_TriggerCallback  stm32g4xx_hal_tim.o
    0x08002316   0x08002316   0x0000003e   Code   RO         3501    i.HAL_UARTEx_DisableFifoMode  stm32g4xx_hal_uart_ex.o
    0x08002354   0x08002354   0x00000002   Code   RO         3090    i.HAL_UARTEx_RxEventCallback  stm32g4xx_hal_uart.o
    0x08002356   0x08002356   0x00000002   Code   RO         3508    i.HAL_UARTEx_RxFifoFullCallback  stm32g4xx_hal_uart_ex.o
    0x08002358   0x08002358   0x0000004c   Code   RO         3509    i.HAL_UARTEx_SetRxFifoThreshold  stm32g4xx_hal_uart_ex.o
    0x080023a4   0x080023a4   0x0000004c   Code   RO         3510    i.HAL_UARTEx_SetTxFifoThreshold  stm32g4xx_hal_uart_ex.o
    0x080023f0   0x080023f0   0x00000002   Code   RO         3512    i.HAL_UARTEx_TxFifoEmptyCallback  stm32g4xx_hal_uart_ex.o
    0x080023f2   0x080023f2   0x00000002   Code   RO         3513    i.HAL_UARTEx_WakeupCallback  stm32g4xx_hal_uart_ex.o
    0x080023f4   0x080023f4   0x00000002   Code   RO         3106    i.HAL_UART_ErrorCallback  stm32g4xx_hal_uart.o
    0x080023f6   0x080023f6   0x00000002   PAD
    0x080023f8   0x080023f8   0x000002e0   Code   RO         3109    i.HAL_UART_IRQHandler  stm32g4xx_hal_uart.o
    0x080026d8   0x080026d8   0x0000006a   Code   RO         3110    i.HAL_UART_Init     stm32g4xx_hal_uart.o
    0x08002742   0x08002742   0x00000002   PAD
    0x08002744   0x08002744   0x000000ec   Code   RO          290    i.HAL_UART_MspInit  usart.o
    0x08002830   0x08002830   0x00000054   Code   RO         3115    i.HAL_UART_Receive_IT  stm32g4xx_hal_uart.o
    0x08002884   0x08002884   0x0000004c   Code   RO         3651    i.HAL_UART_RxCpltCallback  connect.o
    0x080028d0   0x080028d0   0x000000bc   Code   RO         3119    i.HAL_UART_Transmit  stm32g4xx_hal_uart.o
    0x0800298c   0x0800298c   0x00000002   Code   RO         3122    i.HAL_UART_TxCpltCallback  stm32g4xx_hal_uart.o
    0x0800298e   0x0800298e   0x00000002   PAD
    0x08002990   0x08002990   0x000000f4   Code   RO         3652    i.HMIDateHandler    connect.o
    0x08002a84   0x08002a84   0x00000002   Code   RO          339    i.HardFault_Handler  stm32g4xx_it.o
    0x08002a86   0x08002a86   0x00000002   PAD
    0x08002a88   0x08002a88   0x00000050   Code   RO         3723    i.Init_Stepper      stepper.o
    0x08002ad8   0x08002ad8   0x000000cc   Code   RO          199    i.MX_GPIO_Init      gpio.o
    0x08002ba4   0x08002ba4   0x00000080   Code   RO          228    i.MX_TIM2_Init      tim.o
    0x08002c24   0x08002c24   0x0000006c   Code   RO          229    i.MX_TIM4_Init      tim.o
    0x08002c90   0x08002c90   0x00000068   Code   RO          291    i.MX_USART1_UART_Init  usart.o
    0x08002cf8   0x08002cf8   0x00000068   Code   RO          292    i.MX_USART2_UART_Init  usart.o
    0x08002d60   0x08002d60   0x00000002   Code   RO          340    i.MemManage_Handler  stm32g4xx_it.o
    0x08002d62   0x08002d62   0x00000002   Code   RO          341    i.NMI_Handler       stm32g4xx_it.o
    0x08002d64   0x08002d64   0x00000002   Code   RO          342    i.PendSV_Handler    stm32g4xx_it.o
    0x08002d66   0x08002d66   0x00000002   Code   RO          343    i.SVC_Handler       stm32g4xx_it.o
    0x08002d68   0x08002d68   0x000001d8   Code   RO         3724    i.StepperInOC       stepper.o
    0x08002f40   0x08002f40   0x000000da   Code   RO         3725    i.Stepper_Handler   stepper.o
    0x0800301a   0x0800301a   0x00000008   Code   RO         3726    i.Stepper_Pause     stepper.o
    0x08003022   0x08003022   0x00000018   Code   RO         3727    i.Stepper_Stop      stepper.o
    0x0800303a   0x0800303a   0x00000002   PAD
    0x0800303c   0x0800303c   0x000004a4   Code   RO         3728    i.StpDistanceSetBlocking  stepper.o
    0x080034e0   0x080034e0   0x00000004   Code   RO          344    i.SysTick_Handler   stm32g4xx_it.o
    0x080034e4   0x080034e4   0x00000068   Code   RO           15    i.SystemClock_Config  main.o
    0x0800354c   0x0800354c   0x00000010   Code   RO         3614    i.SystemInit        system_stm32g4xx.o
    0x0800355c   0x0800355c   0x0000000c   Code   RO          345    i.TIM2_IRQHandler   stm32g4xx_it.o
    0x08003568   0x08003568   0x0000000c   Code   RO          346    i.TIM4_IRQHandler   stm32g4xx_it.o
    0x08003574   0x08003574   0x000000b0   Code   RO          556    i.TIM_Base_SetConfig  stm32g4xx_hal_tim.o
    0x08003624   0x08003624   0x0000001a   Code   RO          557    i.TIM_CCxChannelCmd  stm32g4xx_hal_tim.o
    0x0800363e   0x0800363e   0x00000014   Code   RO          567    i.TIM_ETR_SetConfig  stm32g4xx_hal_tim.o
    0x08003652   0x08003652   0x00000002   PAD
    0x08003654   0x08003654   0x00000014   Code   RO          568    i.TIM_ITRx_SetConfig  stm32g4xx_hal_tim.o
    0x08003668   0x08003668   0x0000009c   Code   RO          569    i.TIM_OC1_SetConfig  stm32g4xx_hal_tim.o
    0x08003704   0x08003704   0x00000090   Code   RO          570    i.TIM_OC2_SetConfig  stm32g4xx_hal_tim.o
    0x08003794   0x08003794   0x00000090   Code   RO          571    i.TIM_OC3_SetConfig  stm32g4xx_hal_tim.o
    0x08003824   0x08003824   0x00000090   Code   RO          572    i.TIM_OC4_SetConfig  stm32g4xx_hal_tim.o
    0x080038b4   0x080038b4   0x00000070   Code   RO          573    i.TIM_OC5_SetConfig  stm32g4xx_hal_tim.o
    0x08003924   0x08003924   0x00000070   Code   RO          574    i.TIM_OC6_SetConfig  stm32g4xx_hal_tim.o
    0x08003994   0x08003994   0x00000022   Code   RO          576    i.TIM_TI1_ConfigInputStage  stm32g4xx_hal_tim.o
    0x080039b6   0x080039b6   0x00000024   Code   RO          578    i.TIM_TI2_ConfigInputStage  stm32g4xx_hal_tim.o
    0x080039da   0x080039da   0x00000002   PAD
    0x080039dc   0x080039dc   0x00000044   Code   RO         3514    i.UARTEx_SetNbDataToProcess  stm32g4xx_hal_uart_ex.o
    0x08003a20   0x08003a20   0x000000c8   Code   RO         3124    i.UART_AdvFeatureConfig  stm32g4xx_hal_uart.o
    0x08003ae8   0x08003ae8   0x00000060   Code   RO         3125    i.UART_CheckIdleState  stm32g4xx_hal_uart.o
    0x08003b48   0x08003b48   0x00000014   Code   RO         3126    i.UART_DMAAbortOnError  stm32g4xx_hal_uart.o
    0x08003b5c   0x08003b5c   0x00000054   Code   RO         3136    i.UART_EndRxTransfer  stm32g4xx_hal_uart.o
    0x08003bb0   0x08003bb0   0x000000a2   Code   RO         3138    i.UART_RxISR_16BIT  stm32g4xx_hal_uart.o
    0x08003c52   0x08003c52   0x00000002   PAD
    0x08003c54   0x08003c54   0x00000174   Code   RO         3139    i.UART_RxISR_16BIT_FIFOEN  stm32g4xx_hal_uart.o
    0x08003dc8   0x08003dc8   0x000000a2   Code   RO         3140    i.UART_RxISR_8BIT   stm32g4xx_hal_uart.o
    0x08003e6a   0x08003e6a   0x00000002   PAD
    0x08003e6c   0x08003e6c   0x00000174   Code   RO         3141    i.UART_RxISR_8BIT_FIFOEN  stm32g4xx_hal_uart.o
    0x08003fe0   0x08003fe0   0x00000274   Code   RO         3142    i.UART_SetConfig    stm32g4xx_hal_uart.o
    0x08004254   0x08004254   0x00000118   Code   RO         3144    i.UART_Start_Receive_IT  stm32g4xx_hal_uart.o
    0x0800436c   0x0800436c   0x000000c6   Code   RO         3149    i.UART_WaitOnFlagUntilTimeout  stm32g4xx_hal_uart.o
    0x08004432   0x08004432   0x00000002   PAD
    0x08004434   0x08004434   0x0000000c   Code   RO          347    i.USART1_IRQHandler  stm32g4xx_it.o
    0x08004440   0x08004440   0x0000000c   Code   RO          348    i.USART2_IRQHandler  stm32g4xx_it.o
    0x0800444c   0x0800444c   0x0000011c   Code   RO         3655    i.UartDateHandler   connect.o
    0x08004568   0x08004568   0x00000002   Code   RO          349    i.UsageFault_Handler  stm32g4xx_it.o
    0x0800456a   0x0800456a   0x00000026   Code   RO         4104    i.__ARM_fpclassifyf  m_wm.l(fpclassifyf.o)
    0x08004590   0x08004590   0x00000020   Code   RO         2964    i.__NVIC_SetPriority  stm32g4xx_hal_cortex.o
    0x080045b0   0x080045b0   0x00000160   Code   RO         4033    i.__hardfp_atanf    m_wm.l(atanf.o)
    0x08004710   0x08004710   0x0000007a   Code   RO         4045    i.__hardfp_sqrt     m_wm.l(sqrt.o)
    0x0800478a   0x0800478a   0x0000003a   Code   RO         4057    i.__hardfp_sqrtf    m_wm.l(sqrtf.o)
    0x080047c4   0x080047c4   0x00000006   Code   RO         4107    i.__mathlib_flt_infnan  m_wm.l(funder.o)
    0x080047ca   0x080047ca   0x00000002   PAD
    0x080047cc   0x080047cc   0x00000010   Code   RO         4112    i.__mathlib_flt_underflow  m_wm.l(funder.o)
    0x080047dc   0x080047dc   0x0000000e   Code   RO         4176    i.__scatterload_copy  mc_w.l(handlers.o)
    0x080047ea   0x080047ea   0x00000002   Code   RO         4177    i.__scatterload_null  mc_w.l(handlers.o)
    0x080047ec   0x080047ec   0x0000000e   Code   RO         4178    i.__scatterload_zeroinit  mc_w.l(handlers.o)
    0x080047fa   0x080047fa   0x00000002   PAD
    0x080047fc   0x080047fc   0x0000000c   Code   RO         4145    i.__set_errno       mc_w.l(errno.o)
    0x08004808   0x08004808   0x0000004c   Code   RO         3879    i.axis_cv2screen    control .o
    0x08004854   0x08004854   0x00000128   Code   RO         3882    i.drawline          control .o
    0x0800497c   0x0800497c   0x00000014   Code   RO         3885    i.laser_init        control .o
    0x08004990   0x08004990   0x0000010c   Code   RO           17    i.main              main.o
    0x08004a9c   0x08004a9c   0x000001e0   Code   RO         3888    i.mission3          control .o
    0x08004c7c   0x08004c7c   0x00000010   Code   RO         3732    i.myabsf            stepper.o
    0x08004c8c   0x08004c8c   0x00000008   Code   RO         3733    i.myabsi            stepper.o
    0x08004c94   0x08004c94   0x00000034   Code   RO         3892    i.pid_init          control .o
    0x08004cc8   0x08004cc8   0x000000ac   Code   RO         3893    i.pid_position      control .o
    0x08004d74   0x08004d74   0x0000000c   Code   RO         3897    i.pid_stop          control .o
    0x08004d80   0x08004d80   0x000000f0   Code   RO         3900    i.turn_coordinate   control .o
    0x08004e70   0x08004e70   0x00000018   Data   RO         3150    .constdata          stm32g4xx_hal_uart.o
    0x08004e88   0x08004e88   0x00000010   Data   RO         3515    .constdata          stm32g4xx_hal_uart_ex.o
    0x08004e98   0x08004e98   0x00000010   Data   RO         3615    .constdata          system_stm32g4xx.o
    0x08004ea8   0x08004ea8   0x00000008   Data   RO         3616    .constdata          system_stm32g4xx.o
    0x08004eb0   0x08004eb0   0x00000040   Data   RO         4172    .constdata          mc_w.l(ctype_c.o)
    0x08004ef0   0x08004ef0   0x00000020   Data   RO         4174    Region$$Table       anon$$obj.o


    Execution Region RW_IRAM1 (Exec base: 0x20000000, Load base: 0x08004f10, Size: 0x000007c0, Max: 0x00008000, ABSOLUTE)

    Exec Addr    Load Addr    Size         Type   Attr      Idx    E Section Name        Object

    0x20000000   0x08004f10   0x0000000c   Data   RW         1881    .data               stm32g4xx_hal.o
    0x2000000c   0x08004f1c   0x00000004   Data   RW         3617    .data               system_stm32g4xx.o
    0x20000010   0x08004f20   0x00000004   Data   RW         3855    .data               macro.o
    0x20000014   0x08004f24   0x00000024   Data   RW         3901    .data               control .o
    0x20000038   0x08004f48   0x00000004   Data   RW         4146    .data               mc_w.l(errno.o)
    0x2000003c        -       0x00000098   Zero   RW          230    .bss                tim.o
    0x200000d4        -       0x00000120   Zero   RW          293    .bss                usart.o
    0x200001f4        -       0x00000010   Zero   RW         3844    .bss                macro.o
    0x20000204        -       0x0000004c   Zero   RW         3845    .bss                macro.o
    0x20000250        -       0x0000005c   Zero   RW         3847    .bss                macro.o
    0x200002ac        -       0x0000005c   Zero   RW         3848    .bss                macro.o
    0x20000308        -       0x0000001c   Zero   RW         3849    .bss                macro.o
    0x20000324        -       0x0000001c   Zero   RW         3850    .bss                macro.o
    0x20000340        -       0x00000030   Zero   RW         3851    .bss                macro.o
    0x20000370        -       0x00000030   Zero   RW         3852    .bss                macro.o
    0x200003a0        -       0x00000020   Zero   RW         3853    .bss                macro.o
    0x200003c0        -       0x00000400   Zero   RW            1    STACK               startup_stm32g431xx.o


==============================================================================

Image component sizes


      Code (inc. data)   RO Data    RW Data    ZI Data      Debug   Object Name

       604         74          0          0          0       6504   connect.o
      1348        112          0         36          0       8563   control .o
       204         14          0          0          0        987   gpio.o
         0          0          0          4        460        909   macro.o
       564        102          0          0          0     643941   main.o
        36          8        472          0       1024        836   startup_stm32g431xx.o
      2136         34          0          0          0      10426   stepper.o
       162         24          0         12          0       4313   stm32g4xx_hal.o
       198         14          0          0          0      33823   stm32g4xx_hal_cortex.o
       226          0          0          0          0       1935   stm32g4xx_hal_dma.o
       594         34          0          0          0       2344   stm32g4xx_hal_gpio.o
        48          6          0          0          0        862   stm32g4xx_hal_msp.o
       204         18          0          0          0       1401   stm32g4xx_hal_pwr_ex.o
      1692         88          0          0          0       6268   stm32g4xx_hal_rcc.o
       648         10          0          0          0       1876   stm32g4xx_hal_rcc_ex.o
      2852        280          0          0          0      18475   stm32g4xx_hal_tim.o
       170         24          0          0          0       5380   stm32g4xx_hal_tim_ex.o
      3694        124         24          0          0      36618   stm32g4xx_hal_uart.o
       288          6         16          0          0       5358   stm32g4xx_hal_uart_ex.o
        68         24          0          0          0       6014   stm32g4xx_it.o
        16          4         24          4          0       1127   system_stm32g4xx.o
       428         34          0          0        152       3614   tim.o
       444         38          0          0        288       2555   usart.o

    ----------------------------------------------------------------------
     16658       1072        568         56       1924     804129   Object Totals
         0          0         32          0          0          0   (incl. Generated)
        34          0          0          0          0          0   (incl. Padding)

    ----------------------------------------------------------------------

      Code (inc. data)   RO Data    RW Data    ZI Data      Debug   Library Member Name

       352         56          0          0          0        172   atanf.o
        38          0          0          0          0        116   fpclassifyf.o
        22          6          0          0          0        232   funder.o
       122          0          0          0          0        148   sqrt.o
        58          0          0          0          0        136   sqrtf.o
        56          8          0          0          0         84   __0sscanf.o
        28          0          0          0          0         68   _chval.o
       816          6          0          0          0        112   _scanf.o
       332          0          0          0          0         96   _scanf_int.o
        64          0          0          0          0         84   _sgetc.o
        40          6         64          0          0         68   ctype_c.o
         0          0          0          0          0          0   entry.o
         0          0          0          0          0          0   entry10a.o
         0          0          0          0          0          0   entry11a.o
         4          0          0          0          0          0   entry12b.o
         8          4          0          0          0          0   entry2.o
         4          0          0          0          0          0   entry5.o
         0          0          0          0          0          0   entry7b.o
         0          0          0          0          0          0   entry8b.o
         8          4          0          0          0          0   entry9a.o
        12          6          0          4          0         68   errno.o
        30          0          0          0          0          0   handlers.o
        36          8          0          0          0         68   init.o
        10          0          0          0          0         68   isspace_c.o
         0          0          0          0          0          0   iusefp.o
        30          0          0          0          0         68   llshl.o
        32          0          0          0          0         68   llushr.o
        36          0          0          0          0        108   memseta.o
        40          8          0          0          0         84   scanf_char.o
        98          0          0          0          0         92   uldiv.o
       186          0          0          0          0        176   depilogue.o
        50          0          0          0          0         76   dfixui.o
       228          0          0          0          0         96   dmul.o
       162          0          0          0          0        100   dsqrt.o
        38          0          0          0          0         68   f2d.o

    ----------------------------------------------------------------------
      2950        112         64          4          0       2456   Library Totals
        10          0          0          0          0          0   (incl. Padding)

    ----------------------------------------------------------------------

      Code (inc. data)   RO Data    RW Data    ZI Data      Debug   Library Name

       592         62          0          0          0        804   m_wm.l
      1684         50         64          4          0       1136   mc_w.l
       664          0          0          0          0        516   mf_w.l

    ----------------------------------------------------------------------
      2950        112         64          4          0       2456   Library Totals

    ----------------------------------------------------------------------

==============================================================================


      Code (inc. data)   RO Data    RW Data    ZI Data      Debug   

     19608       1184        632         60       1924     794009   Grand Totals
     19608       1184        632         60       1924     794009   ELF Image Totals
     19608       1184        632         60          0          0   ROM Totals

==============================================================================

    Total RO  Size (Code + RO Data)                20240 (  19.77kB)
    Total RW  Size (RW Data + ZI Data)              1984 (   1.94kB)
    Total ROM Size (Code + RO Data + RW Data)      20300 (  19.82kB)

==============================================================================

