Component: ARM Compiler 5.06 update 7 (build 960) Tool: armlink [4d3601]

==============================================================================

Section Cross References

    startup_stm32g431xx.o(RESET) refers to startup_stm32g431xx.o(STACK) for __initial_sp
    startup_stm32g431xx.o(RESET) refers to startup_stm32g431xx.o(.text) for Reset_Handler
    startup_stm32g431xx.o(RESET) refers to stm32g4xx_it.o(i.NMI_Handler) for NMI_Handler
    startup_stm32g431xx.o(RESET) refers to stm32g4xx_it.o(i.HardFault_Handler) for HardFault_Handler
    startup_stm32g431xx.o(RESET) refers to stm32g4xx_it.o(i.MemManage_Handler) for MemManage_Handler
    startup_stm32g431xx.o(RESET) refers to stm32g4xx_it.o(i.BusFault_Handler) for BusFault_Handler
    startup_stm32g431xx.o(RESET) refers to stm32g4xx_it.o(i.UsageFault_Handler) for UsageFault_Handler
    startup_stm32g431xx.o(RESET) refers to stm32g4xx_it.o(i.SVC_Handler) for SVC_Handler
    startup_stm32g431xx.o(RESET) refers to stm32g4xx_it.o(i.DebugMon_Handler) for DebugMon_Handler
    startup_stm32g431xx.o(RESET) refers to stm32g4xx_it.o(i.PendSV_Handler) for PendSV_Handler
    startup_stm32g431xx.o(RESET) refers to stm32g4xx_it.o(i.SysTick_Handler) for SysTick_Handler
    startup_stm32g431xx.o(RESET) refers to stm32g4xx_it.o(i.TIM2_IRQHandler) for TIM2_IRQHandler
    startup_stm32g431xx.o(RESET) refers to stm32g4xx_it.o(i.TIM4_IRQHandler) for TIM4_IRQHandler
    startup_stm32g431xx.o(RESET) refers to stm32g4xx_it.o(i.USART1_IRQHandler) for USART1_IRQHandler
    startup_stm32g431xx.o(RESET) refers to stm32g4xx_it.o(i.USART2_IRQHandler) for USART2_IRQHandler
    startup_stm32g431xx.o(.text) refers to system_stm32g4xx.o(i.SystemInit) for SystemInit
    startup_stm32g431xx.o(.text) refers to entry.o(.ARM.Collect$$$$00000000) for __main
    main.o(i.HAL_TIM_PeriodElapsedCallback) refers to stm32g4xx_hal_gpio.o(i.HAL_GPIO_TogglePin) for HAL_GPIO_TogglePin
    main.o(i.HAL_TIM_PeriodElapsedCallback) refers to main.o(.data) for .data
    main.o(i.SystemClock_Config) refers to memseta.o(.text) for __aeabi_memclr4
    main.o(i.SystemClock_Config) refers to stm32g4xx_hal_pwr_ex.o(i.HAL_PWREx_ControlVoltageScaling) for HAL_PWREx_ControlVoltageScaling
    main.o(i.SystemClock_Config) refers to stm32g4xx_hal_rcc.o(i.HAL_RCC_OscConfig) for HAL_RCC_OscConfig
    main.o(i.SystemClock_Config) refers to stm32g4xx_hal_rcc.o(i.HAL_RCC_ClockConfig) for HAL_RCC_ClockConfig
    main.o(i.fputc) refers to stm32g4xx_hal_uart.o(i.HAL_UART_Transmit) for HAL_UART_Transmit
    main.o(i.fputc) refers to usart.o(.bss) for huart1
    main.o(i.main) refers to stm32g4xx_hal.o(i.HAL_Init) for HAL_Init
    main.o(i.main) refers to main.o(i.SystemClock_Config) for SystemClock_Config
    main.o(i.main) refers to gpio.o(i.MX_GPIO_Init) for MX_GPIO_Init
    main.o(i.main) refers to tim.o(i.MX_TIM2_Init) for MX_TIM2_Init
    main.o(i.main) refers to tim.o(i.MX_TIM4_Init) for MX_TIM4_Init
    main.o(i.main) refers to usart.o(i.MX_USART1_UART_Init) for MX_USART1_UART_Init
    main.o(i.main) refers to usart.o(i.MX_USART2_UART_Init) for MX_USART2_UART_Init
    main.o(i.main) refers to stm32g4xx_hal_tim.o(i.HAL_TIM_Base_Start_IT) for HAL_TIM_Base_Start_IT
    main.o(i.main) refers to stm32g4xx_hal_tim.o(i.HAL_TIM_OC_Start_IT) for HAL_TIM_OC_Start_IT
    main.o(i.main) refers to stm32g4xx_hal_uart.o(i.HAL_UART_Receive_IT) for HAL_UART_Receive_IT
    main.o(i.main) refers to stepper.o(i.Init_Stepper) for Init_Stepper
    main.o(i.main) refers to control .o(i.laser_init) for laser_init
    main.o(i.main) refers to control .o(i.drawline) for drawline
    main.o(i.main) refers to stm32g4xx_hal.o(i.HAL_Delay) for HAL_Delay
    main.o(i.main) refers to tim.o(.bss) for htim4
    main.o(i.main) refers to macro.o(.bss) for uart_ins1
    main.o(i.main) refers to usart.o(.bss) for huart1
    main.o(i.main) refers to macro.o(.bss) for uart_ins2
    main.o(i.main) refers to macro.o(.bss) for stepper1
    main.o(i.main) refers to macro.o(.bss) for stepper2
    main.o(i.main) refers to macro.o(.bss) for laser_ins
    gpio.o(i.MX_GPIO_Init) refers to memseta.o(.text) for __aeabi_memclr4
    gpio.o(i.MX_GPIO_Init) refers to stm32g4xx_hal_gpio.o(i.HAL_GPIO_WritePin) for HAL_GPIO_WritePin
    gpio.o(i.MX_GPIO_Init) refers to stm32g4xx_hal_gpio.o(i.HAL_GPIO_Init) for HAL_GPIO_Init
    tim.o(i.HAL_TIM_Base_MspDeInit) refers to stm32g4xx_hal_cortex.o(i.HAL_NVIC_DisableIRQ) for HAL_NVIC_DisableIRQ
    tim.o(i.HAL_TIM_Base_MspInit) refers to stm32g4xx_hal_cortex.o(i.HAL_NVIC_SetPriority) for HAL_NVIC_SetPriority
    tim.o(i.HAL_TIM_Base_MspInit) refers to stm32g4xx_hal_cortex.o(i.HAL_NVIC_EnableIRQ) for HAL_NVIC_EnableIRQ
    tim.o(i.HAL_TIM_MspPostInit) refers to memseta.o(.text) for __aeabi_memclr4
    tim.o(i.HAL_TIM_MspPostInit) refers to stm32g4xx_hal_gpio.o(i.HAL_GPIO_Init) for HAL_GPIO_Init
    tim.o(i.HAL_TIM_OC_MspDeInit) refers to stm32g4xx_hal_cortex.o(i.HAL_NVIC_DisableIRQ) for HAL_NVIC_DisableIRQ
[...]
    Removing control .o(i.pid_resetpara), (6 bytes).
    Removing control .o(.data), (8 bytes).
    Removing dflti.o(.text), (34 bytes).
    Removing dneg.o(.text), (6 bytes).
    Removing cdcmple.o(.text), (48 bytes).

525 unused section(s) (total 36960 bytes) removed from the image.

==============================================================================

Image Symbol Table

    Local Symbols

    Symbol Name                              Value     Ov Type        Size  Object(Section)

    ../Core/Src/gpio.c                       0x00000000   Number         0  gpio.o ABSOLUTE
    ../Core/Src/main.c                       0x00000000   Number         0  main.o ABSOLUTE
    ../Core/Src/stm32g4xx_hal_msp.c          0x00000000   Number         0  stm32g4xx_hal_msp.o ABSOLUTE
    ../Core/Src/stm32g4xx_it.c               0x00000000   Number         0  stm32g4xx_it.o ABSOLUTE
    ../Core/Src/system_stm32g4xx.c           0x00000000   Number         0  system_stm32g4xx.o ABSOLUTE
    ../Core/Src/tim.c                        0x00000000   Number         0  tim.o ABSOLUTE
    ../Core/Src/usart.c                      0x00000000   Number         0  usart.o ABSOLUTE
    ../Drivers/STM32G4xx_HAL_Driver/Src/stm32g4xx_hal.c 0x00000000   Number         0  stm32g4xx_hal.o ABSOLUTE
    ../Drivers/STM32G4xx_HAL_Driver/Src/stm32g4xx_hal_cortex.c 0x00000000   Number         0  stm32g4xx_hal_cortex.o ABSOLUTE
    ../Drivers/STM32G4xx_HAL_Driver/Src/stm32g4xx_hal_dma.c 0x00000000   Number         0  stm32g4xx_hal_dma.o ABSOLUTE
    ../Drivers/STM32G4xx_HAL_Driver/Src/stm32g4xx_hal_dma_ex.c 0x00000000   Number         0  stm32g4xx_hal_dma_ex.o ABSOLUTE
    ../Drivers/STM32G4xx_HAL_Driver/Src/stm32g4xx_hal_exti.c 0x00000000   Number         0  stm32g4xx_hal_exti.o ABSOLUTE
    ../Drivers/STM32G4xx_HAL_Driver/Src/stm32g4xx_hal_flash.c 0x00000000   Number         0  stm32g4xx_hal_flash.o ABSOLUTE
    ../Drivers/STM32G4xx_HAL_Driver/Src/stm32g4xx_hal_flash_ex.c 0x00000000   Number         0  stm32g4xx_hal_flash_ex.o ABSOLUTE
    ../Drivers/STM32G4xx_HAL_Driver/Src/stm32g4xx_hal_flash_ramfunc.c 0x00000000   Number         0  stm32g4xx_hal_flash_ramfunc.o ABSOLUTE
    ../Drivers/STM32G4xx_HAL_Driver/Src/stm32g4xx_hal_gpio.c 0x00000000   Number         0  stm32g4xx_hal_gpio.o ABSOLUTE
    ../Drivers/STM32G4xx_HAL_Driver/Src/stm32g4xx_hal_pwr.c 0x00000000   Number         0  stm32g4xx_hal_pwr.o ABSOLUTE
    ../Drivers/STM32G4xx_HAL_Driver/Src/stm32g4xx_hal_pwr_ex.c 0x00000000   Number         0  stm32g4xx_hal_pwr_ex.o ABSOLUTE
    ../Drivers/STM32G4xx_HAL_Driver/Src/stm32g4xx_hal_rcc.c 0x00000000   Number         0  stm32g4xx_hal_rcc.o ABSOLUTE
    ../Drivers/STM32G4xx_HAL_Driver/Src/stm32g4xx_hal_rcc_ex.c 0x00000000   Number         0  stm32g4xx_hal_rcc_ex.o ABSOLUTE
    ../Drivers/STM32G4xx_HAL_Driver/Src/stm32g4xx_hal_tim.c 0x00000000   Number         0  stm32g4xx_hal_tim.o ABSOLUTE
    ../Drivers/STM32G4xx_HAL_Driver/Src/stm32g4xx_hal_tim_ex.c 0x00000000   Number         0  stm32g4xx_hal_tim_ex.o ABSOLUTE
    ../Drivers/STM32G4xx_HAL_Driver/Src/stm32g4xx_hal_uart.c 0x00000000   Number         0  stm32g4xx_hal_uart.o ABSOLUTE
    ../Drivers/STM32G4xx_HAL_Driver/Src/stm32g4xx_hal_uart_ex.c 0x00000000   Number         0  stm32g4xx_hal_uart_ex.o ABSOLUTE
    ../clib/microlib/ctype/ctype.c           0x00000000   Number         0  isspace_c.o ABSOLUTE
    ../clib/microlib/ctype/ctype.c           0x00000000   Number         0  ctype_c.o ABSOLUTE
    ../clib/microlib/division.c              0x00000000   Number         0  uldiv.o ABSOLUTE
    ../clib/microlib/errno.c                 0x00000000   Number         0  errno.o ABSOLUTE
    ../clib/microlib/init/entry.s            0x00000000   Number         0  entry11b.o ABSOLUTE
    ../clib/microlib/init/entry.s            0x00000000   Number         0  entry9a.o ABSOLUTE
    ../clib/microlib/init/entry.s            0x00000000   Number         0  entry12a.o ABSOLUTE
    ../clib/microlib/init/entry.s            0x00000000   Number         0  entry12b.o ABSOLUTE
    ../clib/microlib/init/entry.s            0x00000000   Number         0  entry.o ABSOLUTE
    ../clib/microlib/init/entry.s            0x00000000   Number         0  entry5.o ABSOLUTE
    ../clib/microlib/init/entry.s            0x00000000   Number         0  entry2.o ABSOLUTE
    ../clib/microlib/init/entry.s            0x00000000   Number         0  entry10b.o ABSOLUTE
    ../clib/microlib/init/entry.s            0x00000000   Number         0  entry7a.o ABSOLUTE
    ../clib/microlib/init/entry.s            0x00000000   Number         0  entry7b.o ABSOLUTE
    ../clib/microlib/init/entry.s            0x00000000   Number         0  entry8a.o ABSOLUTE
    ../clib/microlib/init/entry.s            0x00000000   Number         0  entry8b.o ABSOLUTE
    ../clib/microlib/init/entry.s            0x00000000   Number         0  entry9b.o ABSOLUTE
    ../clib/microlib/init/entry.s            0x00000000   Number         0  entry10a.o ABSOLUTE
    ../clib/microlib/init/entry.s            0x00000000   Number         0  entry11a.o ABSOLUTE
    ../clib/microlib/longlong.c              0x00000000   Number         0  llushr.o ABSOLUTE
    ../clib/microlib/longlong.c              0x00000000   Number         0  llsshr.o ABSOLUTE
    ../clib/microlib/longlong.c              0x00000000   Number         0  llshl.o ABSOLUTE
    ../clib/microlib/string/memset.c         0x00000000   Number         0  memseta.o ABSOLUTE
    ../clib/microlib/string/strlen.c         0x00000000   Number         0  strlen.o ABSOLUTE
    ../clib/microlib/stubs.s                 0x00000000   Number         0  iusefp.o ABSOLUTE
    ../clib/scanf.c                          0x00000000   Number         0  __0sscanf.o ABSOLUTE
    ../clib/scanf.c                          0x00000000   Number         0  scanf_char.o ABSOLUTE
    ../clib/scanf.c                          0x00000000   Number         0  _scanf.o ABSOLUTE
    ../clib/scanf.c                          0x00000000   Number         0  _chval.o ABSOLUTE
    ../clib/scanf.c                          0x00000000   Number         0  _scanf_int.o ABSOLUTE
    ../clib/scanf.c                          0x00000000   Number         0  _sgetc.o ABSOLUTE
    ../fplib/microlib/d2f.c                  0x00000000   Number         0  d2f.o ABSOLUTE
    ../fplib/microlib/f2d.c                  0x00000000   Number         0  f2d.o ABSOLUTE
    ../fplib/microlib/fpadd.c                0x00000000   Number         0  dadd.o ABSOLUTE
    ../fplib/microlib/fpdiv.c                0x00000000   Number         0  ddiv.o ABSOLUTE
    ../fplib/microlib/fpepilogue.c           0x00000000   Number         0  fepilogue.o ABSOLUTE
    ../fplib/microlib/fpepilogue.c           0x00000000   Number         0  depilogue.o ABSOLUTE
    ../fplib/microlib/fpfix.c                0x00000000   Number         0  dfixui.o ABSOLUTE
    ../fplib/microlib/fpflt.c                0x00000000   Number         0  dflti.o ABSOLUTE
    ../fplib/microlib/fpmul.c                0x00000000   Number         0  dmul.o ABSOLUTE
    ../fplib/microlib/fpneg.c                0x00000000   Number         0  dneg.o ABSOLUTE
    ../fplib/microlib/fpsqrt.c               0x00000000   Number         0  dsqrt.o ABSOLUTE
    ../mathlib/atan.c                        0x00000000   Number         0  atan_x.o ABSOLUTE
    ../mathlib/atan.c                        0x00000000   Number         0  atan.o ABSOLUTE
    ../mathlib/dunder.c                      0x00000000   Number         0  dunder.o ABSOLUTE
    ../mathlib/fabs.c                        0x00000000   Number         0  fabs.o ABSOLUTE
    ../mathlib/fpclassify.c                  0x00000000   Number         0  fpclassify.o ABSOLUTE
    ../mathlib/poly.c                        0x00000000   Number         0  poly.o ABSOLUTE
    ../mathlib/sqrt.c                        0x00000000   Number         0  sqrt.o ABSOLUTE
    ../mathlib/sqrt.c                        0x00000000   Number         0  sqrt_x.o ABSOLUTE
    ../mathlib/sqrtf.c                       0x00000000   Number         0  sqrtf.o ABSOLUTE
    ../mathlib/sqrtf.c                       0x00000000   Number         0  sqrtf_x.o ABSOLUTE
    ..\Core\Src\gpio.c                       0x00000000   Number         0  gpio.o ABSOLUTE
    ..\Core\Src\main.c                       0x00000000   Number         0  main.o ABSOLUTE
    ..\Core\Src\stm32g4xx_hal_msp.c          0x00000000   Number         0  stm32g4xx_hal_msp.o ABSOLUTE
    ..\Core\Src\stm32g4xx_it.c               0x00000000   Number         0  stm32g4xx_it.o ABSOLUTE
    ..\Core\Src\system_stm32g4xx.c           0x00000000   Number         0  system_stm32g4xx.o ABSOLUTE
    ..\Core\Src\tim.c                        0x00000000   Number         0  tim.o ABSOLUTE
    ..\Core\Src\usart.c                      0x00000000   Number         0  usart.o ABSOLUTE
    ..\Drivers\STM32G4xx_HAL_Driver\Src\stm32g4xx_hal.c 0x00000000   Number         0  stm32g4xx_hal.o ABSOLUTE
    ..\Drivers\STM32G4xx_HAL_Driver\Src\stm32g4xx_hal_cortex.c 0x00000000   Number         0  stm32g4xx_hal_cortex.o ABSOLUTE
    ..\Drivers\STM32G4xx_HAL_Driver\Src\stm32g4xx_hal_dma.c 0x00000000   Number         0  stm32g4xx_hal_dma.o ABSOLUTE
    ..\Drivers\STM32G4xx_HAL_Driver\Src\stm32g4xx_hal_dma_ex.c 0x00000000   Number         0  stm32g4xx_hal_dma_ex.o ABSOLUTE
    ..\Drivers\STM32G4xx_HAL_Driver\Src\stm32g4xx_hal_exti.c 0x00000000   Number         0  stm32g4xx_hal_exti.o ABSOLUTE
    ..\Drivers\STM32G4xx_HAL_Driver\Src\stm32g4xx_hal_flash.c 0x00000000   Number         0  stm32g4xx_hal_flash.o ABSOLUTE
    ..\Drivers\STM32G4xx_HAL_Driver\Src\stm32g4xx_hal_flash_ex.c 0x00000000   Number         0  stm32g4xx_hal_flash_ex.o ABSOLUTE
    ..\Drivers\STM32G4xx_HAL_Driver\Src\stm32g4xx_hal_flash_ramfunc.c 0x00000000   Number         0  stm32g4xx_hal_flash_ramfunc.o ABSOLUTE
    ..\Drivers\STM32G4xx_HAL_Driver\Src\stm32g4xx_hal_gpio.c 0x00000000   Number         0  stm32g4xx_hal_gpio.o ABSOLUTE
    ..\Drivers\STM32G4xx_HAL_Driver\Src\stm32g4xx_hal_pwr.c 0x00000000   Number         0  stm32g4xx_hal_pwr.o ABSOLUTE
    ..\Drivers\STM32G4xx_HAL_Driver\Src\stm32g4xx_hal_pwr_ex.c 0x00000000   Number         0  stm32g4xx_hal_pwr_ex.o ABSOLUTE
    ..\Drivers\STM32G4xx_HAL_Driver\Src\stm32g4xx_hal_rcc.c 0x00000000   Number         0  stm32g4xx_hal_rcc.o ABSOLUTE
    ..\Drivers\STM32G4xx_HAL_Driver\Src\stm32g4xx_hal_rcc_ex.c 0x00000000   Number         0  stm32g4xx_hal_rcc_ex.o ABSOLUTE
    ..\Drivers\STM32G4xx_HAL_Driver\Src\stm32g4xx_hal_tim.c 0x00000000   Number         0  stm32g4xx_hal_tim.o ABSOLUTE
    ..\Drivers\STM32G4xx_HAL_Driver\Src\stm32g4xx_hal_tim_ex.c 0x00000000   Number         0  stm32g4xx_hal_tim_ex.o ABSOLUTE
    ..\Drivers\STM32G4xx_HAL_Driver\Src\stm32g4xx_hal_uart.c 0x00000000   Number         0  stm32g4xx_hal_uart.o ABSOLUTE
    ..\Drivers\STM32G4xx_HAL_Driver\Src\stm32g4xx_hal_uart_ex.c 0x00000000   Number         0  stm32g4xx_hal_uart_ex.o ABSOLUTE
    ..\User\connect.c                        0x00000000   Number         0  connect.o ABSOLUTE
    ..\User\control .c                       0x00000000   Number         0  control .o ABSOLUTE
    ..\User\macro.c                          0x00000000   Number         0  macro.o ABSOLUTE
    ..\User\stepper.c                        0x00000000   Number         0  stepper.o ABSOLUTE
    ..\\User\\connect.c                      0x00000000   Number         0  connect.o ABSOLUTE
    ..\\User\\control .c                     0x00000000   Number         0  control .o ABSOLUTE
    ..\\User\\macro.c                        0x00000000   Number         0  macro.o ABSOLUTE
    ..\\User\\stepper.c                      0x00000000   Number         0  stepper.o ABSOLUTE
    cdcmple.s                                0x00000000   Number         0  cdcmple.o ABSOLUTE
    dc.s                                     0x00000000   Number         0  dc.o ABSOLUTE
    handlers.s                               0x00000000   Number         0  handlers.o ABSOLUTE
    init.s                                   0x00000000   Number         0  init.o ABSOLUTE
    startup_stm32g431xx.s                    0x00000000   Number         0  startup_stm32g431xx.o ABSOLUTE
    RESET                                    0x08000000   Section      472  startup_stm32g431xx.o(RESET)
    .ARM.Collect$$$$00000000                 0x080001d8   Section        0  entry.o(.ARM.Collect$$$$00000000)
    .ARM.Collect$$$$00000001                 0x080001d8   Section        4  entry2.o(.ARM.Collect$$$$00000001)
    .ARM.Collect$$$$00000004                 0x080001dc   Section        4  entry5.o(.ARM.Collect$$$$00000004)
    .ARM.Collect$$$$00000008                 0x080001e0   Section        0  entry7b.o(.ARM.Collect$$$$00000008)
    .ARM.Collect$$$$0000000A                 0x080001e0   Section        0  entry8b.o(.ARM.Collect$$$$0000000A)
    .ARM.Collect$$$$0000000B                 0x080001e0   Section        8  entry9a.o(.ARM.Collect$$$$0000000B)
    .ARM.Collect$$$$0000000E                 0x080001e8   Section        4  entry12b.o(.ARM.Collect$$$$0000000E)
    .ARM.Collect$$$$0000000F                 0x080001ec   Section        0  entry10a.o(.ARM.Collect$$$$0000000F)
    .ARM.Collect$$$$00000011                 0x080001ec   Section        0  entry11a.o(.ARM.Collect$$$$00000011)
    .ARM.Collect$$$$00002712                 0x080001ec   Section        4  entry2.o(.ARM.Collect$$$$00002712)
    __lit__00000000                          0x080001ec   Data           4  entry2.o(.ARM.Collect$$$$00002712)
    .text                                    0x080001f0   Section       36  startup_stm32g431xx.o(.text)
    $v0                                      0x080001f0   Number         0  startup_stm32g431xx.o(.text)
    .text                                    0x08000214   Section        0  uldiv.o(.text)
    .text                                    0x08000276   Section        0  memseta.o(.text)
    .text                                    0x0800029c   Section        0  __0sscanf.o(.text)
    .text                                    0x080002d4   Section        0  _scanf_int.o(.text)
    .text                                    0x08000420   Section        0  dmul.o(.text)
    .text                                    0x08000504   Section        0  ddiv.o(.text)
    .text                                    0x080005e2   Section        0  dfixui.o(.text)
    .text                                    0x08000614   Section        0  f2d.o(.text)
    .text                                    0x0800063a   Section        0  d2f.o(.text)
    .text                                    0x08000672   Section        0  llshl.o(.text)
    .text                                    0x08000690   Section        0  llushr.o(.text)
    .text                                    0x080006b0   Section        0  _chval.o(.text)
    .text                                    0x080006cc   Section        0  scanf_char.o(.text)
    _scanf_char_input                        0x080006cd   Thumb Code    12  scanf_char.o(.text)
    .text                                    0x080006f4   Section        0  _sgetc.o(.text)
    .text                                    0x08000734   Section        0  iusefp.o(.text)
    .text                                    0x08000734   Section        0  fepilogue.o(.text)
    .text                                    0x080007a2   Section        0  depilogue.o(.text)
    .text                                    0x0800085c   Section        0  dadd.o(.text)
    .text                                    0x080009aa   Section        0  dsqrt.o(.text)
    .text                                    0x08000a4c   Section       36  init.o(.text)
    .text                                    0x08000a70   Section        0  llsshr.o(.text)
    .text                                    0x08000a94   Section        0  isspace_c.o(.text)
    .text                                    0x08000aa0   Section        0  _scanf.o(.text)
    .text                                    0x08000dd0   Section        0  ctype_c.o(.text)
    i.BusFault_Handler                       0x08000df8   Section        0  stm32g4xx_it.o(i.BusFault_Handler)
    i.Calculator_AngleAcc                    0x08000dfa   Section        0  stepper.o(i.Calculator_AngleAcc)
    i.DebugMon_Handler                       0x08000e3c   Section        0  stm32g4xx_it.o(i.DebugMon_Handler)
    i.Error_Handler                          0x08000e3e   Section        0  main.o(i.Error_Handler)
    i.HAL_DMA_Abort                          0x08000e42   Section        0  stm32g4xx_hal_dma.o(i.HAL_DMA_Abort)
    i.HAL_DMA_Abort_IT                       0x08000eac   Section        0  stm32g4xx_hal_dma.o(i.HAL_DMA_Abort_IT)
    i.HAL_Delay                              0x08000f24   Section        0  stm32g4xx_hal.o(i.HAL_Delay)
    i.HAL_GPIO_Init                          0x08000f48   Section        0  stm32g4xx_hal_gpio.o(i.HAL_GPIO_Init)
    i.HAL_GPIO_TogglePin                     0x08001190   Section        0  stm32g4xx_hal_gpio.o(i.HAL_GPIO_TogglePin)
    i.HAL_GPIO_WritePin                      0x080011a0   Section        0  stm32g4xx_hal_gpio.o(i.HAL_GPIO_WritePin)
    i.HAL_GetTick                            0x080011ac   Section        0  stm32g4xx_hal.o(i.HAL_GetTick)
    i.HAL_IncTick                            0x080011b8   Section        0  stm32g4xx_hal.o(i.HAL_IncTick)
    i.HAL_Init                               0x080011c8   Section        0  stm32g4xx_hal.o(i.HAL_Init)
    i.HAL_InitTick                           0x080011e8   Section        0  stm32g4xx_hal.o(i.HAL_InitTick)
    i.HAL_MspInit                            0x0800122c   Section        0  stm32g4xx_hal_msp.o(i.HAL_MspInit)
    i.HAL_NVIC_EnableIRQ                     0x0800125c   Section        0  stm32g4xx_hal_cortex.o(i.HAL_NVIC_EnableIRQ)
    i.HAL_NVIC_SetPriority                   0x08001278   Section        0  stm32g4xx_hal_cortex.o(i.HAL_NVIC_SetPriority)
    i.HAL_NVIC_SetPriorityGrouping           0x080012b8   Section        0  stm32g4xx_hal_cortex.o(i.HAL_NVIC_SetPriorityGrouping)
    i.HAL_PWREx_ControlVoltageScaling        0x080012dc   Section        0  stm32g4xx_hal_pwr_ex.o(i.HAL_PWREx_ControlVoltageScaling)
    i.HAL_PWREx_DisableUCPDDeadBattery       0x08001398   Section        0  stm32g4xx_hal_pwr_ex.o(i.HAL_PWREx_DisableUCPDDeadBattery)
    i.HAL_RCCEx_PeriphCLKConfig              0x080013a8   Section        0  stm32g4xx_hal_rcc_ex.o(i.HAL_RCCEx_PeriphCLKConfig)
    i.HAL_RCC_ClockConfig                    0x08001630   Section        0  stm32g4xx_hal_rcc.o(i.HAL_RCC_ClockConfig)
    i.HAL_RCC_GetPCLK1Freq                   0x0800180c   Section        0  stm32g4xx_hal_rcc.o(i.HAL_RCC_GetPCLK1Freq)
    i.HAL_RCC_GetPCLK2Freq                   0x08001830   Section        0  stm32g4xx_hal_rcc.o(i.HAL_RCC_GetPCLK2Freq)
    i.HAL_RCC_GetSysClockFreq                0x08001854   Section        0  stm32g4xx_hal_rcc.o(i.HAL_RCC_GetSysClockFreq)
    i.HAL_RCC_OscConfig                      0x080018c0   Section        0  stm32g4xx_hal_rcc.o(i.HAL_RCC_OscConfig)
    i.HAL_SYSTICK_Config                     0x08001ccc   Section        0  stm32g4xx_hal_cortex.o(i.HAL_SYSTICK_Config)
    i.HAL_TIMEx_Break2Callback               0x08001cf4   Section        0  stm32g4xx_hal_tim_ex.o(i.HAL_TIMEx_Break2Callback)
    i.HAL_TIMEx_BreakCallback                0x08001cf6   Section        0  stm32g4xx_hal_tim_ex.o(i.HAL_TIMEx_BreakCallback)
    i.HAL_TIMEx_CommutCallback               0x08001cf8   Section        0  stm32g4xx_hal_tim_ex.o(i.HAL_TIMEx_CommutCallback)
    i.HAL_TIMEx_DirectionChangeCallback      0x08001cfa   Section        0  stm32g4xx_hal_tim_ex.o(i.HAL_TIMEx_DirectionChangeCallback)
    i.HAL_TIMEx_EncoderIndexCallback         0x08001cfc   Section        0  stm32g4xx_hal_tim_ex.o(i.HAL_TIMEx_EncoderIndexCallback)
    i.HAL_TIMEx_IndexErrorCallback           0x08001cfe   Section        0  stm32g4xx_hal_tim_ex.o(i.HAL_TIMEx_IndexErrorCallback)
    i.HAL_TIMEx_MasterConfigSynchronization  0x08001d00   Section        0  stm32g4xx_hal_tim_ex.o(i.HAL_TIMEx_MasterConfigSynchronization)
    i.HAL_TIMEx_TransitionErrorCallback      0x08001d9c   Section        0  stm32g4xx_hal_tim_ex.o(i.HAL_TIMEx_TransitionErrorCallback)
    i.HAL_TIM_Base_Init                      0x08001d9e   Section        0  stm32g4xx_hal_tim.o(i.HAL_TIM_Base_Init)
    i.HAL_TIM_Base_MspInit                   0x08001e00   Section        0  tim.o(i.HAL_TIM_Base_MspInit)
    i.HAL_TIM_Base_Start_IT                  0x08001e3c   Section        0  stm32g4xx_hal_tim.o(i.HAL_TIM_Base_Start_IT)
    i.HAL_TIM_ConfigClockSource              0x08001eb4   Section        0  stm32g4xx_hal_tim.o(i.HAL_TIM_ConfigClockSource)
    i.HAL_TIM_IC_CaptureCallback             0x08001fb4   Section        0  stm32g4xx_hal_tim.o(i.HAL_TIM_IC_CaptureCallback)
    i.HAL_TIM_IRQHandler                     0x08001fb6   Section        0  stm32g4xx_hal_tim.o(i.HAL_TIM_IRQHandler)
    i.HAL_TIM_MspPostInit                    0x080021b4   Section        0  tim.o(i.HAL_TIM_MspPostInit)
    i.HAL_TIM_OC_ConfigChannel               0x08002200   Section        0  stm32g4xx_hal_tim.o(i.HAL_TIM_OC_ConfigChannel)
    i.HAL_TIM_OC_DelayElapsedCallback        0x08002270   Section        0  stepper.o(i.HAL_TIM_OC_DelayElapsedCallback)
    i.HAL_TIM_OC_Init                        0x080022a8   Section        0  stm32g4xx_hal_tim.o(i.HAL_TIM_OC_Init)
    i.HAL_TIM_OC_MspInit                     0x0800230c   Section        0  tim.o(i.HAL_TIM_OC_MspInit)
    i.HAL_TIM_OC_Start_IT                    0x08002344   Section        0  stm32g4xx_hal_tim.o(i.HAL_TIM_OC_Start_IT)
    i.HAL_TIM_OC_Stop_IT                     0x0800246c   Section        0  stm32g4xx_hal_tim.o(i.HAL_TIM_OC_Stop_IT)
    i.HAL_TIM_PWM_PulseFinishedCallback      0x08002558   Section        0  stm32g4xx_hal_tim.o(i.HAL_TIM_PWM_PulseFinishedCallback)
    i.HAL_TIM_PeriodElapsedCallback          0x0800255c   Section        0  main.o(i.HAL_TIM_PeriodElapsedCallback)
    i.HAL_TIM_TriggerCallback                0x0800258c   Section        0  stm32g4xx_hal_tim.o(i.HAL_TIM_TriggerCallback)
    i.HAL_UARTEx_DisableFifoMode             0x0800258e   Section        0  stm32g4xx_hal_uart_ex.o(i.HAL_UARTEx_DisableFifoMode)
    i.HAL_UARTEx_RxEventCallback             0x080025cc   Section        0  stm32g4xx_hal_uart.o(i.HAL_UARTEx_RxEventCallback)
    i.HAL_UARTEx_RxFifoFullCallback          0x080025ce   Section        0  stm32g4xx_hal_uart_ex.o(i.HAL_UARTEx_RxFifoFullCallback)
    i.HAL_UARTEx_SetRxFifoThreshold          0x080025d0   Section        0  stm32g4xx_hal_uart_ex.o(i.HAL_UARTEx_SetRxFifoThreshold)
    i.HAL_UARTEx_SetTxFifoThreshold          0x0800261c   Section        0  stm32g4xx_hal_uart_ex.o(i.HAL_UARTEx_SetTxFifoThreshold)
    i.HAL_UARTEx_TxFifoEmptyCallback         0x08002668   Section        0  stm32g4xx_hal_uart_ex.o(i.HAL_UARTEx_TxFifoEmptyCallback)
    i.HAL_UARTEx_WakeupCallback              0x0800266a   Section        0  stm32g4xx_hal_uart_ex.o(i.HAL_UARTEx_WakeupCallback)
    i.HAL_UART_ErrorCallback                 0x0800266c   Section        0  stm32g4xx_hal_uart.o(i.HAL_UART_ErrorCallback)
    i.HAL_UART_IRQHandler                    0x08002670   Section        0  stm32g4xx_hal_uart.o(i.HAL_UART_IRQHandler)
    i.HAL_UART_Init                          0x08002950   Section        0  stm32g4xx_hal_uart.o(i.HAL_UART_Init)
    i.HAL_UART_MspInit                       0x080029bc   Section        0  usart.o(i.HAL_UART_MspInit)
    i.HAL_UART_Receive_IT                    0x08002aa8   Section        0  stm32g4xx_hal_uart.o(i.HAL_UART_Receive_IT)
    i.HAL_UART_RxCpltCallback                0x08002afc   Section        0  connect.o(i.HAL_UART_RxCpltCallback)
    i.HAL_UART_TxCpltCallback                0x08002b48   Section        0  stm32g4xx_hal_uart.o(i.HAL_UART_TxCpltCallback)
    i.HMIDateHandler                         0x08002b4c   Section        0  connect.o(i.HMIDateHandler)
    i.HardFault_Handler                      0x08002c44   Section        0  stm32g4xx_it.o(i.HardFault_Handler)
    i.Init_Stepper                           0x08002c48   Section        0  stepper.o(i.Init_Stepper)
    i.MX_GPIO_Init                           0x08002c98   Section        0  gpio.o(i.MX_GPIO_Init)
    i.MX_TIM2_Init                           0x08002d64   Section        0  tim.o(i.MX_TIM2_Init)
    i.MX_TIM4_Init                           0x08002de4   Section        0  tim.o(i.MX_TIM4_Init)
    i.MX_USART1_UART_Init                    0x08002e50   Section        0  usart.o(i.MX_USART1_UART_Init)
    i.MX_USART2_UART_Init                    0x08002eb8   Section        0  usart.o(i.MX_USART2_UART_Init)
    i.MemManage_Handler                      0x08002f20   Section        0  stm32g4xx_it.o(i.MemManage_Handler)
    i.NMI_Handler                            0x08002f22   Section        0  stm32g4xx_it.o(i.NMI_Handler)
    i.PendSV_Handler                         0x08002f24   Section        0  stm32g4xx_it.o(i.PendSV_Handler)
    i.SVC_Handler                            0x08002f26   Section        0  stm32g4xx_it.o(i.SVC_Handler)
    i.StepperInOC                            0x08002f28   Section        0  stepper.o(i.StepperInOC)
    i.Stepper_Handler                        0x0800309e   Section        0  stepper.o(i.Stepper_Handler)
    i.Stepper_Pause                          0x08003178   Section        0  stepper.o(i.Stepper_Pause)
    i.Stepper_Stop                           0x08003180   Section        0  stepper.o(i.Stepper_Stop)
    i.StpDistanceSetBlocking                 0x08003198   Section        0  stepper.o(i.StpDistanceSetBlocking)
    i.SysTick_Handler                        0x0800363c   Section        0  stm32g4xx_it.o(i.SysTick_Handler)
    i.SystemClock_Config                     0x08003640   Section        0  main.o(i.SystemClock_Config)
    i.SystemInit                             0x080036a8   Section        0  system_stm32g4xx.o(i.SystemInit)
    i.TIM2_IRQHandler                        0x080036b8   Section        0  stm32g4xx_it.o(i.TIM2_IRQHandler)
    i.TIM4_IRQHandler                        0x080036c4   Section        0  stm32g4xx_it.o(i.TIM4_IRQHandler)
    i.TIM_Base_SetConfig                     0x080036d0   Section        0  stm32g4xx_hal_tim.o(i.TIM_Base_SetConfig)
    i.TIM_CCxChannelCmd                      0x08003780   Section        0  stm32g4xx_hal_tim.o(i.TIM_CCxChannelCmd)
    i.TIM_ETR_SetConfig                      0x0800379a   Section        0  stm32g4xx_hal_tim.o(i.TIM_ETR_SetConfig)
    i.TIM_ITRx_SetConfig                     0x080037b0   Section        0  stm32g4xx_hal_tim.o(i.TIM_ITRx_SetConfig)
    TIM_ITRx_SetConfig                       0x080037b1   Thumb Code    16  stm32g4xx_hal_tim.o(i.TIM_ITRx_SetConfig)
    i.TIM_OC1_SetConfig                      0x080037c4   Section        0  stm32g4xx_hal_tim.o(i.TIM_OC1_SetConfig)
    TIM_OC1_SetConfig                        0x080037c5   Thumb Code   132  stm32g4xx_hal_tim.o(i.TIM_OC1_SetConfig)
    i.TIM_OC2_SetConfig                      0x08003860   Section        0  stm32g4xx_hal_tim.o(i.TIM_OC2_SetConfig)
    i.TIM_OC3_SetConfig                      0x080038f0   Section        0  stm32g4xx_hal_tim.o(i.TIM_OC3_SetConfig)
    TIM_OC3_SetConfig                        0x080038f1   Thumb Code   118  stm32g4xx_hal_tim.o(i.TIM_OC3_SetConfig)
    i.TIM_OC4_SetConfig                      0x08003980   Section        0  stm32g4xx_hal_tim.o(i.TIM_OC4_SetConfig)
    TIM_OC4_SetConfig                        0x08003981   Thumb Code   120  stm32g4xx_hal_tim.o(i.TIM_OC4_SetConfig)
    i.TIM_OC5_SetConfig                      0x08003a10   Section        0  stm32g4xx_hal_tim.o(i.TIM_OC5_SetConfig)
    TIM_OC5_SetConfig                        0x08003a11   Thumb Code    86  stm32g4xx_hal_tim.o(i.TIM_OC5_SetConfig)
    i.TIM_OC6_SetConfig                      0x08003a80   Section        0  stm32g4xx_hal_tim.o(i.TIM_OC6_SetConfig)
    TIM_OC6_SetConfig                        0x08003a81   Thumb Code    88  stm32g4xx_hal_tim.o(i.TIM_OC6_SetConfig)
    i.TIM_TI1_ConfigInputStage               0x08003af0   Section        0  stm32g4xx_hal_tim.o(i.TIM_TI1_ConfigInputStage)
    TIM_TI1_ConfigInputStage                 0x08003af1   Thumb Code    34  stm32g4xx_hal_tim.o(i.TIM_TI1_ConfigInputStage)
    i.TIM_TI2_ConfigInputStage               0x08003b12   Section        0  stm32g4xx_hal_tim.o(i.TIM_TI2_ConfigInputStage)
    TIM_TI2_ConfigInputStage                 0x08003b13   Thumb Code    36  stm32g4xx_hal_tim.o(i.TIM_TI2_ConfigInputStage)
    i.UARTEx_SetNbDataToProcess              0x08003b38   Section        0  stm32g4xx_hal_uart_ex.o(i.UARTEx_SetNbDataToProcess)
    UARTEx_SetNbDataToProcess                0x08003b39   Thumb Code    62  stm32g4xx_hal_uart_ex.o(i.UARTEx_SetNbDataToProcess)
    i.UART_AdvFeatureConfig                  0x08003b7c   Section        0  stm32g4xx_hal_uart.o(i.UART_AdvFeatureConfig)
    i.UART_CheckIdleState                    0x08003c44   Section        0  stm32g4xx_hal_uart.o(i.UART_CheckIdleState)
    i.UART_DMAAbortOnError                   0x08003ca4   Section        0  stm32g4xx_hal_uart.o(i.UART_DMAAbortOnError)
    UART_DMAAbortOnError                     0x08003ca5   Thumb Code    20  stm32g4xx_hal_uart.o(i.UART_DMAAbortOnError)
    i.UART_EndRxTransfer                     0x08003cb8   Section        0  stm32g4xx_hal_uart.o(i.UART_EndRxTransfer)
    UART_EndRxTransfer                       0x08003cb9   Thumb Code    78  stm32g4xx_hal_uart.o(i.UART_EndRxTransfer)
    i.UART_RxISR_16BIT                       0x08003d0c   Section        0  stm32g4xx_hal_uart.o(i.UART_RxISR_16BIT)
    UART_RxISR_16BIT                         0x08003d0d   Thumb Code   162  stm32g4xx_hal_uart.o(i.UART_RxISR_16BIT)
    i.UART_RxISR_16BIT_FIFOEN                0x08003db0   Section        0  stm32g4xx_hal_uart.o(i.UART_RxISR_16BIT_FIFOEN)
    UART_RxISR_16BIT_FIFOEN                  0x08003db1   Thumb Code   364  stm32g4xx_hal_uart.o(i.UART_RxISR_16BIT_FIFOEN)
    i.UART_RxISR_8BIT                        0x08003f24   Section        0  stm32g4xx_hal_uart.o(i.UART_RxISR_8BIT)
    UART_RxISR_8BIT                          0x08003f25   Thumb Code   162  stm32g4xx_hal_uart.o(i.UART_RxISR_8BIT)
    i.UART_RxISR_8BIT_FIFOEN                 0x08003fc8   Section        0  stm32g4xx_hal_uart.o(i.UART_RxISR_8BIT_FIFOEN)
    UART_RxISR_8BIT_FIFOEN                   0x08003fc9   Thumb Code   364  stm32g4xx_hal_uart.o(i.UART_RxISR_8BIT_FIFOEN)
    i.UART_SetConfig                         0x0800413c   Section        0  stm32g4xx_hal_uart.o(i.UART_SetConfig)
    i.UART_Start_Receive_IT                  0x080043b0   Section        0  stm32g4xx_hal_uart.o(i.UART_Start_Receive_IT)
    i.UART_WaitOnFlagUntilTimeout            0x080044c8   Section        0  stm32g4xx_hal_uart.o(i.UART_WaitOnFlagUntilTimeout)
    i.USART1_IRQHandler                      0x08004590   Section        0  stm32g4xx_it.o(i.USART1_IRQHandler)
    i.USART2_IRQHandler                      0x0800459c   Section        0  stm32g4xx_it.o(i.USART2_IRQHandler)
    i.UartDateHandler                        0x080045a8   Section        0  connect.o(i.UartDateHandler)
    i.UsageFault_Handler                     0x0800462c   Section        0  stm32g4xx_it.o(i.UsageFault_Handler)
    i.__ARM_fpclassify                       0x0800462e   Section        0  fpclassify.o(i.__ARM_fpclassify)
    i.__NVIC_SetPriority                     0x0800465e   Section        0  stm32g4xx_hal_cortex.o(i.__NVIC_SetPriority)
    __NVIC_SetPriority                       0x0800465f   Thumb Code    32  stm32g4xx_hal_cortex.o(i.__NVIC_SetPriority)
    i.__hardfp_atan                          0x08004680   Section        0  atan.o(i.__hardfp_atan)
    i.__hardfp_sqrt                          0x08004958   Section        0  sqrt.o(i.__hardfp_sqrt)
    i.__hardfp_sqrtf                         0x080049d2   Section        0  sqrtf.o(i.__hardfp_sqrtf)
    i.__kernel_poly                          0x08004a0c   Section        0  poly.o(i.__kernel_poly)
    i.__mathlib_dbl_infnan                   0x08004b04   Section        0  dunder.o(i.__mathlib_dbl_infnan)
    i.__mathlib_dbl_underflow                0x08004b18   Section        0  dunder.o(i.__mathlib_dbl_underflow)
    i.__scatterload_copy                     0x08004b38   Section       14  handlers.o(i.__scatterload_copy)
    i.__scatterload_null                     0x08004b46   Section        2  handlers.o(i.__scatterload_null)
    i.__scatterload_zeroinit                 0x08004b48   Section       14  handlers.o(i.__scatterload_zeroinit)
    i.__set_errno                            0x08004b58   Section        0  errno.o(i.__set_errno)
    i.drawline                               0x08004b64   Section        0  control .o(i.drawline)
    i.fabs                                   0x08004c74   Section        0  fabs.o(i.fabs)
    i.laser_init                             0x08004c8c   Section        0  control .o(i.laser_init)
    i.main                                   0x08004c9c   Section        0  main.o(i.main)
    i.myabsf                                 0x08004d64   Section        0  stepper.o(i.myabsf)
    i.myabsi                                 0x08004d74   Section        0  stepper.o(i.myabsi)
    i.turn_coordinate                        0x08004d7c   Section        0  control .o(i.turn_coordinate)
    .constdata                               0x08004eb8   Section       24  stm32g4xx_hal_uart.o(.constdata)
    .constdata                               0x08004ed0   Section       16  stm32g4xx_hal_uart_ex.o(.constdata)
    numerator                                0x08004ed0   Data           8  stm32g4xx_hal_uart_ex.o(.constdata)
    denominator                              0x08004ed8   Data           8  stm32g4xx_hal_uart_ex.o(.constdata)
    .constdata                               0x08004ee0   Section       16  system_stm32g4xx.o(.constdata)
    .constdata                               0x08004ef0   Section        8  system_stm32g4xx.o(.constdata)
    .constdata                               0x08004ef8   Section      152  atan.o(.constdata)
    atanhi                                   0x08004ef8   Data          32  atan.o(.constdata)
    atanlo                                   0x08004f18   Data          32  atan.o(.constdata)
    aTodd                                    0x08004f38   Data          40  atan.o(.constdata)
    aTeven                                   0x08004f60   Data          48  atan.o(.constdata)
    .constdata                               0x08004f90   Section       64  ctype_c.o(.constdata)
    .data                                    0x20000000   Section        4  main.o(.data)
    i                                        0x20000000   Data           4  main.o(.data)
    .data                                    0x20000004   Section       12  stm32g4xx_hal.o(.data)
    .data                                    0x20000010   Section        4  system_stm32g4xx.o(.data)
    .data                                    0x20000014   Section        4  errno.o(.data)
    _errno                                   0x20000014   Data           4  errno.o(.data)
    .bss                                     0x20000018   Section      152  tim.o(.bss)
    .bss                                     0x200000b0   Section      288  usart.o(.bss)
    .bss                                     0x200001d0   Section       16  macro.o(.bss)
    .bss                                     0x200001e0   Section       40  macro.o(.bss)
    .bss                                     0x20000208   Section       92  macro.o(.bss)
    .bss                                     0x20000264   Section       92  macro.o(.bss)
    .bss                                     0x200002c0   Section       17  macro.o(.bss)
    .bss                                     0x200002d1   Section       17  macro.o(.bss)
    .bss                                     0x200002e4   Section       24  macro.o(.bss)
    STACK                                    0x20000300   Section     1024  startup_stm32g431xx.o(STACK)

    Global Symbols

    Symbol Name                              Value     Ov Type        Size  Object(Section)

    BuildAttributes$$THM_ISAv4$E$P$D$K$B$S$7EM$VFPi3$EXTD16$VFPS$VFMA$PE$A:L22UL41UL21$X:L11$S22US41US21$IEEE1$IW$USESV6$~STKCKD$USESV7$~SHL$OTIME$ROPI$IEEEX$EBA8$MICROLIB$REQ8$PRES8$EABIv2 0x00000000   Number         0  anon$$obj.o ABSOLUTE
    __ARM_use_no_argv                        0x00000000   Number         0  main.o ABSOLUTE
    __arm_fini_                               - Undefined Weak Reference
    __cpp_initialize__aeabi_                  - Undefined Weak Reference
    __cxa_finalize                            - Undefined Weak Reference
    __decompress                              - Undefined Weak Reference
    _clock_init                               - Undefined Weak Reference
    _microlib_exit                            - Undefined Weak Reference
    _scanf_longlong                           - Undefined Weak Reference
    _scanf_real                               - Undefined Weak Reference
    _scanf_string                             - Undefined Weak Reference
    __Vectors_Size                           0x000001d8   Number         0  startup_stm32g431xx.o ABSOLUTE
    __Vectors                                0x08000000   Data           4  startup_stm32g431xx.o(RESET)
    __Vectors_End                            0x080001d8   Data           0  startup_stm32g431xx.o(RESET)
    __main                                   0x080001d9   Thumb Code     0  entry.o(.ARM.Collect$$$$00000000)
    _main_stk                                0x080001d9   Thumb Code     0  entry2.o(.ARM.Collect$$$$00000001)
    _main_scatterload                        0x080001dd   Thumb Code     0  entry5.o(.ARM.Collect$$$$00000004)
    __main_after_scatterload                 0x080001e1   Thumb Code     0  entry5.o(.ARM.Collect$$$$00000004)
    _main_clock                              0x080001e1   Thumb Code     0  entry7b.o(.ARM.Collect$$$$00000008)
    _main_cpp_init                           0x080001e1   Thumb Code     0  entry8b.o(.ARM.Collect$$$$0000000A)
    _main_init                               0x080001e1   Thumb Code     0  entry9a.o(.ARM.Collect$$$$0000000B)
    __rt_lib_shutdown_fini                   0x080001e9   Thumb Code     0  entry12b.o(.ARM.Collect$$$$0000000E)
    __rt_final_cpp                           0x080001ed   Thumb Code     0  entry10a.o(.ARM.Collect$$$$0000000F)
    __rt_final_exit                          0x080001ed   Thumb Code     0  entry11a.o(.ARM.Collect$$$$00000011)
    Reset_Handler                            0x080001f1   Thumb Code     8  startup_stm32g431xx.o(.text)
    ADC1_2_IRQHandler                        0x0800020b   Thumb Code     0  startup_stm32g431xx.o(.text)
    COMP1_2_3_IRQHandler                     0x0800020b   Thumb Code     0  startup_stm32g431xx.o(.text)
    COMP4_IRQHandler                         0x0800020b   Thumb Code     0  startup_stm32g431xx.o(.text)
    CORDIC_IRQHandler                        0x0800020b   Thumb Code     0  startup_stm32g431xx.o(.text)
    CRS_IRQHandler                           0x0800020b   Thumb Code     0  startup_stm32g431xx.o(.text)
    DMA1_Channel1_IRQHandler                 0x0800020b   Thumb Code     0  startup_stm32g431xx.o(.text)
    DMA1_Channel2_IRQHandler                 0x0800020b   Thumb Code     0  startup_stm32g431xx.o(.text)
    DMA1_Channel3_IRQHandler                 0x0800020b   Thumb Code     0  startup_stm32g431xx.o(.text)
    DMA1_Channel4_IRQHandler                 0x0800020b   Thumb Code     0  startup_stm32g431xx.o(.text)
    DMA1_Channel5_IRQHandler                 0x0800020b   Thumb Code     0  startup_stm32g431xx.o(.text)
    DMA1_Channel6_IRQHandler                 0x0800020b   Thumb Code     0  startup_stm32g431xx.o(.text)
    DMA2_Channel1_IRQHandler                 0x0800020b   Thumb Code     0  startup_stm32g431xx.o(.text)
    DMA2_Channel2_IRQHandler                 0x0800020b   Thumb Code     0  startup_stm32g431xx.o(.text)
    DMA2_Channel3_IRQHandler                 0x0800020b   Thumb Code     0  startup_stm32g431xx.o(.text)
    DMA2_Channel4_IRQHandler                 0x0800020b   Thumb Code     0  startup_stm32g431xx.o(.text)
    DMA2_Channel5_IRQHandler                 0x0800020b   Thumb Code     0  startup_stm32g431xx.o(.text)
    DMA2_Channel6_IRQHandler                 0x0800020b   Thumb Code     0  startup_stm32g431xx.o(.text)
    DMAMUX_OVR_IRQHandler                    0x0800020b   Thumb Code     0  startup_stm32g431xx.o(.text)
    EXTI0_IRQHandler                         0x0800020b   Thumb Code     0  startup_stm32g431xx.o(.text)
    EXTI15_10_IRQHandler                     0x0800020b   Thumb Code     0  startup_stm32g431xx.o(.text)
    EXTI1_IRQHandler                         0x0800020b   Thumb Code     0  startup_stm32g431xx.o(.text)
    EXTI2_IRQHandler                         0x0800020b   Thumb Code     0  startup_stm32g431xx.o(.text)
    EXTI3_IRQHandler                         0x0800020b   Thumb Code     0  startup_stm32g431xx.o(.text)
    EXTI4_IRQHandler                         0x0800020b   Thumb Code     0  startup_stm32g431xx.o(.text)
    EXTI9_5_IRQHandler                       0x0800020b   Thumb Code     0  startup_stm32g431xx.o(.text)
    FDCAN1_IT0_IRQHandler                    0x0800020b   Thumb Code     0  startup_stm32g431xx.o(.text)
    FDCAN1_IT1_IRQHandler                    0x0800020b   Thumb Code     0  startup_stm32g431xx.o(.text)
    FLASH_IRQHandler                         0x0800020b   Thumb Code     0  startup_stm32g431xx.o(.text)
    FMAC_IRQHandler                          0x0800020b   Thumb Code     0  startup_stm32g431xx.o(.text)
    FPU_IRQHandler                           0x0800020b   Thumb Code     0  startup_stm32g431xx.o(.text)
    I2C1_ER_IRQHandler                       0x0800020b   Thumb Code     0  startup_stm32g431xx.o(.text)
    I2C1_EV_IRQHandler                       0x0800020b   Thumb Code     0  startup_stm32g431xx.o(.text)
    I2C2_ER_IRQHandler                       0x0800020b   Thumb Code     0  startup_stm32g431xx.o(.text)
    I2C2_EV_IRQHandler                       0x0800020b   Thumb Code     0  startup_stm32g431xx.o(.text)
    I2C3_ER_IRQHandler                       0x0800020b   Thumb Code     0  startup_stm32g431xx.o(.text)
    I2C3_EV_IRQHandler                       0x0800020b   Thumb Code     0  startup_stm32g431xx.o(.text)
    LPTIM1_IRQHandler                        0x0800020b   Thumb Code     0  startup_stm32g431xx.o(.text)
    LPUART1_IRQHandler                       0x0800020b   Thumb Code     0  startup_stm32g431xx.o(.text)
    PVD_PVM_IRQHandler                       0x0800020b   Thumb Code     0  startup_stm32g431xx.o(.text)
    RCC_IRQHandler                           0x0800020b   Thumb Code     0  startup_stm32g431xx.o(.text)
    RNG_IRQHandler                           0x0800020b   Thumb Code     0  startup_stm32g431xx.o(.text)
    RTC_Alarm_IRQHandler                     0x0800020b   Thumb Code     0  startup_stm32g431xx.o(.text)
    RTC_TAMP_LSECSS_IRQHandler               0x0800020b   Thumb Code     0  startup_stm32g431xx.o(.text)
    RTC_WKUP_IRQHandler                      0x0800020b   Thumb Code     0  startup_stm32g431xx.o(.text)
    SAI1_IRQHandler                          0x0800020b   Thumb Code     0  startup_stm32g431xx.o(.text)
    SPI1_IRQHandler                          0x0800020b   Thumb Code     0  startup_stm32g431xx.o(.text)
    SPI2_IRQHandler                          0x0800020b   Thumb Code     0  startup_stm32g431xx.o(.text)
    SPI3_IRQHandler                          0x0800020b   Thumb Code     0  startup_stm32g431xx.o(.text)
    TIM1_BRK_TIM15_IRQHandler                0x0800020b   Thumb Code     0  startup_stm32g431xx.o(.text)
    TIM1_CC_IRQHandler                       0x0800020b   Thumb Code     0  startup_stm32g431xx.o(.text)
    TIM1_TRG_COM_TIM17_IRQHandler            0x0800020b   Thumb Code     0  startup_stm32g431xx.o(.text)
    TIM1_UP_TIM16_IRQHandler                 0x0800020b   Thumb Code     0  startup_stm32g431xx.o(.text)
    TIM3_IRQHandler                          0x0800020b   Thumb Code     0  startup_stm32g431xx.o(.text)
    TIM6_DAC_IRQHandler                      0x0800020b   Thumb Code     0  startup_stm32g431xx.o(.text)
    TIM7_IRQHandler                          0x0800020b   Thumb Code     0  startup_stm32g431xx.o(.text)
    TIM8_BRK_IRQHandler                      0x0800020b   Thumb Code     0  startup_stm32g431xx.o(.text)
    TIM8_CC_IRQHandler                       0x0800020b   Thumb Code     0  startup_stm32g431xx.o(.text)
    TIM8_TRG_COM_IRQHandler                  0x0800020b   Thumb Code     0  startup_stm32g431xx.o(.text)
    TIM8_UP_IRQHandler                       0x0800020b   Thumb Code     0  startup_stm32g431xx.o(.text)
    UART4_IRQHandler                         0x0800020b   Thumb Code     0  startup_stm32g431xx.o(.text)
    UCPD1_IRQHandler                         0x0800020b   Thumb Code     0  startup_stm32g431xx.o(.text)
    USART3_IRQHandler                        0x0800020b   Thumb Code     0  startup_stm32g431xx.o(.text)
    USBWakeUp_IRQHandler                     0x0800020b   Thumb Code     0  startup_stm32g431xx.o(.text)
    USB_HP_IRQHandler                        0x0800020b   Thumb Code     0  startup_stm32g431xx.o(.text)
    USB_LP_IRQHandler                        0x0800020b   Thumb Code     0  startup_stm32g431xx.o(.text)
    WWDG_IRQHandler                          0x0800020b   Thumb Code     0  startup_stm32g431xx.o(.text)
    __aeabi_uldivmod                         0x08000215   Thumb Code    98  uldiv.o(.text)
    __aeabi_memset                           0x08000277   Thumb Code    14  memseta.o(.text)
    __aeabi_memset4                          0x08000277   Thumb Code     0  memseta.o(.text)
    __aeabi_memset8                          0x08000277   Thumb Code     0  memseta.o(.text)
    __aeabi_memclr                           0x08000285   Thumb Code     4  memseta.o(.text)
    __aeabi_memclr4                          0x08000285   Thumb Code     0  memseta.o(.text)
    __aeabi_memclr8                          0x08000285   Thumb Code     0  memseta.o(.text)
    _memset$wrapper                          0x08000289   Thumb Code    18  memseta.o(.text)
    __0sscanf                                0x0800029d   Thumb Code    48  __0sscanf.o(.text)
    _scanf_int                               0x080002d5   Thumb Code   332  _scanf_int.o(.text)
    __aeabi_dmul                             0x08000421   Thumb Code   228  dmul.o(.text)
    __aeabi_ddiv                             0x08000505   Thumb Code   222  ddiv.o(.text)
    __aeabi_d2uiz                            0x080005e3   Thumb Code    50  dfixui.o(.text)
    __aeabi_f2d                              0x08000615   Thumb Code    38  f2d.o(.text)
    __aeabi_d2f                              0x0800063b   Thumb Code    56  d2f.o(.text)
    __aeabi_llsl                             0x08000673   Thumb Code    30  llshl.o(.text)
    _ll_shift_l                              0x08000673   Thumb Code     0  llshl.o(.text)
    __aeabi_llsr                             0x08000691   Thumb Code    32  llushr.o(.text)
    _ll_ushift_r                             0x08000691   Thumb Code     0  llushr.o(.text)
    _chval                                   0x080006b1   Thumb Code    28  _chval.o(.text)
    __vfscanf_char                           0x080006d9   Thumb Code    20  scanf_char.o(.text)
    _sgetc                                   0x080006f5   Thumb Code    30  _sgetc.o(.text)
    _sbackspace                              0x08000713   Thumb Code    34  _sgetc.o(.text)
    __I$use$fp                               0x08000735   Thumb Code     0  iusefp.o(.text)
    _float_round                             0x08000735   Thumb Code    18  fepilogue.o(.text)
    _float_epilogue                          0x08000747   Thumb Code    92  fepilogue.o(.text)
    _double_round                            0x080007a3   Thumb Code    30  depilogue.o(.text)
    _double_epilogue                         0x080007c1   Thumb Code   156  depilogue.o(.text)
    __aeabi_dadd                             0x0800085d   Thumb Code   322  dadd.o(.text)
    __aeabi_dsub                             0x0800099f   Thumb Code     6  dadd.o(.text)
    __aeabi_drsub                            0x080009a5   Thumb Code     6  dadd.o(.text)
    _dsqrt                                   0x080009ab   Thumb Code   162  dsqrt.o(.text)
    __scatterload                            0x08000a4d   Thumb Code    28  init.o(.text)
    __scatterload_rt2                        0x08000a4d   Thumb Code     0  init.o(.text)
    __aeabi_lasr                             0x08000a71   Thumb Code    36  llsshr.o(.text)
    _ll_sshift_r                             0x08000a71   Thumb Code     0  llsshr.o(.text)
    isspace                                  0x08000a95   Thumb Code    10  isspace_c.o(.text)
    __vfscanf                                0x08000aa1   Thumb Code   810  _scanf.o(.text)
    __ctype_lookup                           0x08000dd1   Thumb Code    34  ctype_c.o(.text)
    BusFault_Handler                         0x08000df9   Thumb Code     2  stm32g4xx_it.o(i.BusFault_Handler)
    Calculator_AngleAcc                      0x08000dfb   Thumb Code    66  stepper.o(i.Calculator_AngleAcc)
    DebugMon_Handler                         0x08000e3d   Thumb Code     2  stm32g4xx_it.o(i.DebugMon_Handler)
    Error_Handler                            0x08000e3f   Thumb Code     4  main.o(i.Error_Handler)
    HAL_DMA_Abort                            0x08000e43   Thumb Code   106  stm32g4xx_hal_dma.o(i.HAL_DMA_Abort)
    HAL_DMA_Abort_IT                         0x08000ead   Thumb Code   120  stm32g4xx_hal_dma.o(i.HAL_DMA_Abort_IT)
    HAL_Delay                                0x08000f25   Thumb Code    32  stm32g4xx_hal.o(i.HAL_Delay)
    HAL_GPIO_Init                            0x08000f49   Thumb Code   550  stm32g4xx_hal_gpio.o(i.HAL_GPIO_Init)
    HAL_GPIO_TogglePin                       0x08001191   Thumb Code    16  stm32g4xx_hal_gpio.o(i.HAL_GPIO_TogglePin)
    HAL_GPIO_WritePin                        0x080011a1   Thumb Code    10  stm32g4xx_hal_gpio.o(i.HAL_GPIO_WritePin)
    HAL_GetTick                              0x080011ad   Thumb Code     6  stm32g4xx_hal.o(i.HAL_GetTick)
    HAL_IncTick                              0x080011b9   Thumb Code    12  stm32g4xx_hal.o(i.HAL_IncTick)
    HAL_Init                                 0x080011c9   Thumb Code    30  stm32g4xx_hal.o(i.HAL_Init)
    HAL_InitTick                             0x080011e9   Thumb Code    58  stm32g4xx_hal.o(i.HAL_InitTick)
    HAL_MspInit                              0x0800122d   Thumb Code    42  stm32g4xx_hal_msp.o(i.HAL_MspInit)
    HAL_NVIC_EnableIRQ                       0x0800125d   Thumb Code    26  stm32g4xx_hal_cortex.o(i.HAL_NVIC_EnableIRQ)
    HAL_NVIC_SetPriority                     0x08001279   Thumb Code    60  stm32g4xx_hal_cortex.o(i.HAL_NVIC_SetPriority)
    HAL_NVIC_SetPriorityGrouping             0x080012b9   Thumb Code    26  stm32g4xx_hal_cortex.o(i.HAL_NVIC_SetPriorityGrouping)
    HAL_PWREx_ControlVoltageScaling          0x080012dd   Thumb Code   174  stm32g4xx_hal_pwr_ex.o(i.HAL_PWREx_ControlVoltageScaling)
    HAL_PWREx_DisableUCPDDeadBattery         0x08001399   Thumb Code    12  stm32g4xx_hal_pwr_ex.o(i.HAL_PWREx_DisableUCPDDeadBattery)
    HAL_RCCEx_PeriphCLKConfig                0x080013a9   Thumb Code   638  stm32g4xx_hal_rcc_ex.o(i.HAL_RCCEx_PeriphCLKConfig)
    HAL_RCC_ClockConfig                      0x08001631   Thumb Code   444  stm32g4xx_hal_rcc.o(i.HAL_RCC_ClockConfig)
    HAL_RCC_GetPCLK1Freq                     0x0800180d   Thumb Code    24  stm32g4xx_hal_rcc.o(i.HAL_RCC_GetPCLK1Freq)
    HAL_RCC_GetPCLK2Freq                     0x08001831   Thumb Code    24  stm32g4xx_hal_rcc.o(i.HAL_RCC_GetPCLK2Freq)
    HAL_RCC_GetSysClockFreq                  0x08001855   Thumb Code    98  stm32g4xx_hal_rcc.o(i.HAL_RCC_GetSysClockFreq)
    HAL_RCC_OscConfig                        0x080018c1   Thumb Code  1036  stm32g4xx_hal_rcc.o(i.HAL_RCC_OscConfig)
    HAL_SYSTICK_Config                       0x08001ccd   Thumb Code    40  stm32g4xx_hal_cortex.o(i.HAL_SYSTICK_Config)
    HAL_TIMEx_Break2Callback                 0x08001cf5   Thumb Code     2  stm32g4xx_hal_tim_ex.o(i.HAL_TIMEx_Break2Callback)
    HAL_TIMEx_BreakCallback                  0x08001cf7   Thumb Code     2  stm32g4xx_hal_tim_ex.o(i.HAL_TIMEx_BreakCallback)
    HAL_TIMEx_CommutCallback                 0x08001cf9   Thumb Code     2  stm32g4xx_hal_tim_ex.o(i.HAL_TIMEx_CommutCallback)
    HAL_TIMEx_DirectionChangeCallback        0x08001cfb   Thumb Code     2  stm32g4xx_hal_tim_ex.o(i.HAL_TIMEx_DirectionChangeCallback)
    HAL_TIMEx_EncoderIndexCallback           0x08001cfd   Thumb Code     2  stm32g4xx_hal_tim_ex.o(i.HAL_TIMEx_EncoderIndexCallback)
    HAL_TIMEx_IndexErrorCallback             0x08001cff   Thumb Code     2  stm32g4xx_hal_tim_ex.o(i.HAL_TIMEx_IndexErrorCallback)
    HAL_TIMEx_MasterConfigSynchronization    0x08001d01   Thumb Code   132  stm32g4xx_hal_tim_ex.o(i.HAL_TIMEx_MasterConfigSynchronization)
    HAL_TIMEx_TransitionErrorCallback        0x08001d9d   Thumb Code     2  stm32g4xx_hal_tim_ex.o(i.HAL_TIMEx_TransitionErrorCallback)
    HAL_TIM_Base_Init                        0x08001d9f   Thumb Code    98  stm32g4xx_hal_tim.o(i.HAL_TIM_Base_Init)
    HAL_TIM_Base_MspInit                     0x08001e01   Thumb Code    50  tim.o(i.HAL_TIM_Base_MspInit)
    HAL_TIM_Base_Start_IT                    0x08001e3d   Thumb Code    94  stm32g4xx_hal_tim.o(i.HAL_TIM_Base_Start_IT)
    HAL_TIM_ConfigClockSource                0x08001eb5   Thumb Code   246  stm32g4xx_hal_tim.o(i.HAL_TIM_ConfigClockSource)
    HAL_TIM_IC_CaptureCallback               0x08001fb5   Thumb Code     2  stm32g4xx_hal_tim.o(i.HAL_TIM_IC_CaptureCallback)
    HAL_TIM_IRQHandler                       0x08001fb7   Thumb Code   508  stm32g4xx_hal_tim.o(i.HAL_TIM_IRQHandler)
    HAL_TIM_MspPostInit                      0x080021b5   Thumb Code    72  tim.o(i.HAL_TIM_MspPostInit)
    HAL_TIM_OC_ConfigChannel                 0x08002201   Thumb Code   110  stm32g4xx_hal_tim.o(i.HAL_TIM_OC_ConfigChannel)
    HAL_TIM_OC_DelayElapsedCallback          0x08002271   Thumb Code    44  stepper.o(i.HAL_TIM_OC_DelayElapsedCallback)
    HAL_TIM_OC_Init                          0x080022a9   Thumb Code    98  stm32g4xx_hal_tim.o(i.HAL_TIM_OC_Init)
    HAL_TIM_OC_MspInit                       0x0800230d   Thumb Code    50  tim.o(i.HAL_TIM_OC_MspInit)
    HAL_TIM_OC_Start_IT                      0x08002345   Thumb Code   262  stm32g4xx_hal_tim.o(i.HAL_TIM_OC_Start_IT)
    HAL_TIM_OC_Stop_IT                       0x0800246d   Thumb Code   216  stm32g4xx_hal_tim.o(i.HAL_TIM_OC_Stop_IT)
    HAL_TIM_PWM_PulseFinishedCallback        0x08002559   Thumb Code     2  stm32g4xx_hal_tim.o(i.HAL_TIM_PWM_PulseFinishedCallback)
    HAL_TIM_PeriodElapsedCallback            0x0800255d   Thumb Code    36  main.o(i.HAL_TIM_PeriodElapsedCallback)
    HAL_TIM_TriggerCallback                  0x0800258d   Thumb Code     2  stm32g4xx_hal_tim.o(i.HAL_TIM_TriggerCallback)
    HAL_UARTEx_DisableFifoMode               0x0800258f   Thumb Code    62  stm32g4xx_hal_uart_ex.o(i.HAL_UARTEx_DisableFifoMode)
    HAL_UARTEx_RxEventCallback               0x080025cd   Thumb Code     2  stm32g4xx_hal_uart.o(i.HAL_UARTEx_RxEventCallback)
    HAL_UARTEx_RxFifoFullCallback            0x080025cf   Thumb Code     2  stm32g4xx_hal_uart_ex.o(i.HAL_UARTEx_RxFifoFullCallback)
    HAL_UARTEx_SetRxFifoThreshold            0x080025d1   Thumb Code    76  stm32g4xx_hal_uart_ex.o(i.HAL_UARTEx_SetRxFifoThreshold)
    HAL_UARTEx_SetTxFifoThreshold            0x0800261d   Thumb Code    76  stm32g4xx_hal_uart_ex.o(i.HAL_UARTEx_SetTxFifoThreshold)
    HAL_UARTEx_TxFifoEmptyCallback           0x08002669   Thumb Code     2  stm32g4xx_hal_uart_ex.o(i.HAL_UARTEx_TxFifoEmptyCallback)
    HAL_UARTEx_WakeupCallback                0x0800266b   Thumb Code     2  stm32g4xx_hal_uart_ex.o(i.HAL_UARTEx_WakeupCallback)
    HAL_UART_ErrorCallback                   0x0800266d   Thumb Code     2  stm32g4xx_hal_uart.o(i.HAL_UART_ErrorCallback)
    HAL_UART_IRQHandler                      0x08002671   Thumb Code   722  stm32g4xx_hal_uart.o(i.HAL_UART_IRQHandler)
    HAL_UART_Init                            0x08002951   Thumb Code   106  stm32g4xx_hal_uart.o(i.HAL_UART_Init)
    HAL_UART_MspInit                         0x080029bd   Thumb Code   218  usart.o(i.HAL_UART_MspInit)
    HAL_UART_Receive_IT                      0x08002aa9   Thumb Code    80  stm32g4xx_hal_uart.o(i.HAL_UART_Receive_IT)
    HAL_UART_RxCpltCallback                  0x08002afd   Thumb Code    52  connect.o(i.HAL_UART_RxCpltCallback)
    HAL_UART_TxCpltCallback                  0x08002b49   Thumb Code     2  stm32g4xx_hal_uart.o(i.HAL_UART_TxCpltCallback)
    HMIDateHandler                           0x08002b4d   Thumb Code   242  connect.o(i.HMIDateHandler)
    HardFault_Handler                        0x08002c45   Thumb Code     2  stm32g4xx_it.o(i.HardFault_Handler)
    Init_Stepper                             0x08002c49   Thumb Code    76  stepper.o(i.Init_Stepper)
    MX_GPIO_Init                             0x08002c99   Thumb Code   190  gpio.o(i.MX_GPIO_Init)
    MX_TIM2_Init                             0x08002d65   Thumb Code   124  tim.o(i.MX_TIM2_Init)
    MX_TIM4_Init                             0x08002de5   Thumb Code    98  tim.o(i.MX_TIM4_Init)
    MX_USART1_UART_Init                      0x08002e51   Thumb Code    94  usart.o(i.MX_USART1_UART_Init)
    MX_USART2_UART_Init                      0x08002eb9   Thumb Code    94  usart.o(i.MX_USART2_UART_Init)
    MemManage_Handler                        0x08002f21   Thumb Code     2  stm32g4xx_it.o(i.MemManage_Handler)
    NMI_Handler                              0x08002f23   Thumb Code     2  stm32g4xx_it.o(i.NMI_Handler)
    PendSV_Handler                           0x08002f25   Thumb Code     2  stm32g4xx_it.o(i.PendSV_Handler)
    SVC_Handler                              0x08002f27   Thumb Code     2  stm32g4xx_it.o(i.SVC_Handler)
    StepperInOC                              0x08002f29   Thumb Code   374  stepper.o(i.StepperInOC)
    Stepper_Handler                          0x0800309f   Thumb Code   218  stepper.o(i.Stepper_Handler)
    Stepper_Pause                            0x08003179   Thumb Code     8  stepper.o(i.Stepper_Pause)
    Stepper_Stop                             0x08003181   Thumb Code    24  stepper.o(i.Stepper_Stop)
    StpDistanceSetBlocking                   0x08003199   Thumb Code  1188  stepper.o(i.StpDistanceSetBlocking)
    SysTick_Handler                          0x0800363d   Thumb Code     4  stm32g4xx_it.o(i.SysTick_Handler)
    SystemClock_Config                       0x08003641   Thumb Code   104  main.o(i.SystemClock_Config)
    SystemInit                               0x080036a9   Thumb Code    12  system_stm32g4xx.o(i.SystemInit)
    TIM2_IRQHandler                          0x080036b9   Thumb Code     6  stm32g4xx_it.o(i.TIM2_IRQHandler)
    TIM4_IRQHandler                          0x080036c5   Thumb Code     6  stm32g4xx_it.o(i.TIM4_IRQHandler)
    TIM_Base_SetConfig                       0x080036d1   Thumb Code   146  stm32g4xx_hal_tim.o(i.TIM_Base_SetConfig)
    TIM_CCxChannelCmd                        0x08003781   Thumb Code    26  stm32g4xx_hal_tim.o(i.TIM_CCxChannelCmd)
    TIM_ETR_SetConfig                        0x0800379b   Thumb Code    20  stm32g4xx_hal_tim.o(i.TIM_ETR_SetConfig)
    TIM_OC2_SetConfig                        0x08003861   Thumb Code   120  stm32g4xx_hal_tim.o(i.TIM_OC2_SetConfig)
    UART_AdvFeatureConfig                    0x08003b7d   Thumb Code   200  stm32g4xx_hal_uart.o(i.UART_AdvFeatureConfig)
    UART_CheckIdleState                      0x08003c45   Thumb Code    96  stm32g4xx_hal_uart.o(i.UART_CheckIdleState)
    UART_SetConfig                           0x0800413d   Thumb Code   582  stm32g4xx_hal_uart.o(i.UART_SetConfig)
    UART_Start_Receive_IT                    0x080043b1   Thumb Code   262  stm32g4xx_hal_uart.o(i.UART_Start_Receive_IT)
    UART_WaitOnFlagUntilTimeout              0x080044c9   Thumb Code   198  stm32g4xx_hal_uart.o(i.UART_WaitOnFlagUntilTimeout)
    USART1_IRQHandler                        0x08004591   Thumb Code     6  stm32g4xx_it.o(i.USART1_IRQHandler)
    USART2_IRQHandler                        0x0800459d   Thumb Code     6  stm32g4xx_it.o(i.USART2_IRQHandler)
    UartDateHandler                          0x080045a9   Thumb Code   120  connect.o(i.UartDateHandler)
    UsageFault_Handler                       0x0800462d   Thumb Code     2  stm32g4xx_it.o(i.UsageFault_Handler)
    __ARM_fpclassify                         0x0800462f   Thumb Code    48  fpclassify.o(i.__ARM_fpclassify)
    __hardfp_atan                            0x08004681   Thumb Code   622  atan.o(i.__hardfp_atan)
    __hardfp_sqrt                            0x08004959   Thumb Code   122  sqrt.o(i.__hardfp_sqrt)
    __hardfp_sqrtf                           0x080049d3   Thumb Code    58  sqrtf.o(i.__hardfp_sqrtf)
    __kernel_poly                            0x08004a0d   Thumb Code   248  poly.o(i.__kernel_poly)
    __mathlib_dbl_infnan                     0x08004b05   Thumb Code    20  dunder.o(i.__mathlib_dbl_infnan)
    __mathlib_dbl_underflow                  0x08004b19   Thumb Code    24  dunder.o(i.__mathlib_dbl_underflow)
    __scatterload_copy                       0x08004b39   Thumb Code    14  handlers.o(i.__scatterload_copy)
    __scatterload_null                       0x08004b47   Thumb Code     2  handlers.o(i.__scatterload_null)
    __scatterload_zeroinit                   0x08004b49   Thumb Code    14  handlers.o(i.__scatterload_zeroinit)
    __set_errno                              0x08004b59   Thumb Code     6  errno.o(i.__set_errno)
    drawline                                 0x08004b65   Thumb Code   258  control .o(i.drawline)
    fabs                                     0x08004c75   Thumb Code    24  fabs.o(i.fabs)
    laser_init                               0x08004c8d   Thumb Code    16  control .o(i.laser_init)
    main                                     0x08004c9d   Thumb Code   156  main.o(i.main)
    myabsf                                   0x08004d65   Thumb Code    16  stepper.o(i.myabsf)
    myabsi                                   0x08004d75   Thumb Code     8  stepper.o(i.myabsi)
    turn_coordinate                          0x08004d7d   Thumb Code   264  control .o(i.turn_coordinate)
    UARTPrescTable                           0x08004eb8   Data          24  stm32g4xx_hal_uart.o(.constdata)
    AHBPrescTable                            0x08004ee0   Data          16  system_stm32g4xx.o(.constdata)
    APBPrescTable                            0x08004ef0   Data           8  system_stm32g4xx.o(.constdata)
    __ctype_categories                       0x08004f90   Data          64  ctype_c.o(.constdata)
    Region$$Table$$Base                      0x08004fd0   Number         0  anon$$obj.o(Region$$Table)
    Region$$Table$$Limit                     0x08004ff0   Number         0  anon$$obj.o(Region$$Table)
    uwTickPrio                               0x20000004   Data           4  stm32g4xx_hal.o(.data)
    uwTickFreq                               0x20000008   Data           4  stm32g4xx_hal.o(.data)
    uwTick                                   0x2000000c   Data           4  stm32g4xx_hal.o(.data)
    SystemCoreClock                          0x20000010   Data           4  system_stm32g4xx.o(.data)
    htim2                                    0x20000018   Data          76  tim.o(.bss)
    htim4                                    0x20000064   Data          76  tim.o(.bss)
    huart1                                   0x200000b0   Data         144  usart.o(.bss)
    huart2                                   0x20000140   Data         144  usart.o(.bss)
    hmi_data_ins                             0x200001d0   Data          16  macro.o(.bss)
    cv_ins                                   0x200001e0   Data          40  macro.o(.bss)
    stepper1                                 0x20000208   Data          92  macro.o(.bss)
    stepper2                                 0x20000264   Data          92  macro.o(.bss)
    uart_ins1                                0x200002c0   Data          17  macro.o(.bss)
    uart_ins2                                0x200002d1   Data          17  macro.o(.bss)
    laser_ins                                0x200002e4   Data          24  macro.o(.bss)
    __initial_sp                             0x20000700   Data           0  startup_stm32g431xx.o(STACK)



==============================================================================

Memory Map of the image

  Image Entry point : 0x080001d9

  Load Region LR_IROM1 (Base: 0x08000000, Size: 0x00005008, Max: 0x00010000, ABSOLUTE)

    Execution Region ER_IROM1 (Exec base: 0x08000000, Load base: 0x08000000, Size: 0x00004ff0, Max: 0x00010000, ABSOLUTE)

    Exec Addr    Load Addr    Size         Type   Attr      Idx    E Section Name        Object

    0x08000000   0x08000000   0x000001d8   Data   RO            3    RESET               startup_stm32g431xx.o
    0x080001d8   0x080001d8   0x00000000   Code   RO         4010  * .ARM.Collect$$$$00000000  mc_w.l(entry.o)
    0x080001d8   0x080001d8   0x00000004   Code   RO         4059    .ARM.Collect$$$$00000001  mc_w.l(entry2.o)
    0x080001dc   0x080001dc   0x00000004   Code   RO         4062    .ARM.Collect$$$$00000004  mc_w.l(entry5.o)
    0x080001e0   0x080001e0   0x00000000   Code   RO         4064    .ARM.Collect$$$$00000008  mc_w.l(entry7b.o)
    0x080001e0   0x080001e0   0x00000000   Code   RO         4066    .ARM.Collect$$$$0000000A  mc_w.l(entry8b.o)
    0x080001e0   0x080001e0   0x00000008   Code   RO         4067    .ARM.Collect$$$$0000000B  mc_w.l(entry9a.o)
    0x080001e8   0x080001e8   0x00000004   Code   RO         4074    .ARM.Collect$$$$0000000E  mc_w.l(entry12b.o)
    0x080001ec   0x080001ec   0x00000000   Code   RO         4069    .ARM.Collect$$$$0000000F  mc_w.l(entry10a.o)
    0x080001ec   0x080001ec   0x00000000   Code   RO         4071    .ARM.Collect$$$$00000011  mc_w.l(entry11a.o)
    0x080001ec   0x080001ec   0x00000004   Code   RO         4060    .ARM.Collect$$$$00002712  mc_w.l(entry2.o)
    0x080001f0   0x080001f0   0x00000024   Code   RO            4    .text               startup_stm32g431xx.o
    0x08000214   0x08000214   0x00000062   Code   RO         4013    .text               mc_w.l(uldiv.o)
    0x08000276   0x08000276   0x00000024   Code   RO         4015    .text               mc_w.l(memseta.o)
    0x0800029a   0x0800029a   0x00000002   PAD
    0x0800029c   0x0800029c   0x00000038   Code   RO         4019    .text               mc_w.l(__0sscanf.o)
    0x080002d4   0x080002d4   0x0000014c   Code   RO         4021    .text               mc_w.l(_scanf_int.o)
    0x08000420   0x08000420   0x000000e4   Code   RO         4023    .text               mf_w.l(dmul.o)
    0x08000504   0x08000504   0x000000de   Code   RO         4025    .text               mf_w.l(ddiv.o)
    0x080005e2   0x080005e2   0x00000032   Code   RO         4029    .text               mf_w.l(dfixui.o)
    0x08000614   0x08000614   0x00000026   Code   RO         4031    .text               mf_w.l(f2d.o)
    0x0800063a   0x0800063a   0x00000038   Code   RO         4033    .text               mf_w.l(d2f.o)
    0x08000672   0x08000672   0x0000001e   Code   RO         4075    .text               mc_w.l(llshl.o)
    0x08000690   0x08000690   0x00000020   Code   RO         4077    .text               mc_w.l(llushr.o)
    0x080006b0   0x080006b0   0x0000001c   Code   RO         4086    .text               mc_w.l(_chval.o)
    0x080006cc   0x080006cc   0x00000028   Code   RO         4088    .text               mc_w.l(scanf_char.o)
    0x080006f4   0x080006f4   0x00000040   Code   RO         4090    .text               mc_w.l(_sgetc.o)
    0x08000734   0x08000734   0x00000000   Code   RO         4092    .text               mc_w.l(iusefp.o)
    0x08000734   0x08000734   0x0000006e   Code   RO         4093    .text               mf_w.l(fepilogue.o)
    0x080007a2   0x080007a2   0x000000ba   Code   RO         4095    .text               mf_w.l(depilogue.o)
    0x0800085c   0x0800085c   0x0000014e   Code   RO         4097    .text               mf_w.l(dadd.o)
    0x080009aa   0x080009aa   0x000000a2   Code   RO         4101    .text               mf_w.l(dsqrt.o)
    0x08000a4c   0x08000a4c   0x00000024   Code   RO         4105    .text               mc_w.l(init.o)
    0x08000a70   0x08000a70   0x00000024   Code   RO         4107    .text               mc_w.l(llsshr.o)
    0x08000a94   0x08000a94   0x0000000a   Code   RO         4109    .text               mc_w.l(isspace_c.o)
    0x08000a9e   0x08000a9e   0x00000002   PAD
    0x08000aa0   0x08000aa0   0x00000330   Code   RO         4111    .text               mc_w.l(_scanf.o)
    0x08000dd0   0x08000dd0   0x00000028   Code   RO         4113    .text               mc_w.l(ctype_c.o)
    0x08000df8   0x08000df8   0x00000002   Code   RO          338    i.BusFault_Handler  stm32g4xx_it.o
    0x08000dfa   0x08000dfa   0x00000042   Code   RO         3722    i.Calculator_AngleAcc  stepper.o
    0x08000e3c   0x08000e3c   0x00000002   Code   RO          339    i.DebugMon_Handler  stm32g4xx_it.o
    0x08000e3e   0x08000e3e   0x00000004   Code   RO           13    i.Error_Handler     main.o
    0x08000e42   0x08000e42   0x0000006a   Code   RO         2683    i.HAL_DMA_Abort     stm32g4xx_hal_dma.o
    0x08000eac   0x08000eac   0x00000078   Code   RO         2684    i.HAL_DMA_Abort_IT  stm32g4xx_hal_dma.o
    0x08000f24   0x08000f24   0x00000024   Code   RO         1854    i.HAL_Delay         stm32g4xx_hal.o
    0x08000f48   0x08000f48   0x00000248   Code   RO         2545    i.HAL_GPIO_Init     stm32g4xx_hal_gpio.o
    0x08001190   0x08001190   0x00000010   Code   RO         2548    i.HAL_GPIO_TogglePin  stm32g4xx_hal_gpio.o
    0x080011a0   0x080011a0   0x0000000a   Code   RO         2549    i.HAL_GPIO_WritePin  stm32g4xx_hal_gpio.o
    0x080011aa   0x080011aa   0x00000002   PAD
    0x080011ac   0x080011ac   0x0000000c   Code   RO         1858    i.HAL_GetTick       stm32g4xx_hal.o
    0x080011b8   0x080011b8   0x00000010   Code   RO         1861    i.HAL_IncTick       stm32g4xx_hal.o
    0x080011c8   0x080011c8   0x0000001e   Code   RO         1862    i.HAL_Init          stm32g4xx_hal.o
    0x080011e6   0x080011e6   0x00000002   PAD
    0x080011e8   0x080011e8   0x00000044   Code   RO         1863    i.HAL_InitTick      stm32g4xx_hal.o
    0x0800122c   0x0800122c   0x00000030   Code   RO          438    i.HAL_MspInit       stm32g4xx_hal_msp.o
    0x0800125c   0x0800125c   0x0000001a   Code   RO         2952    i.HAL_NVIC_EnableIRQ  stm32g4xx_hal_cortex.o
    0x08001276   0x08001276   0x00000002   PAD
    0x08001278   0x08001278   0x00000040   Code   RO         2958    i.HAL_NVIC_SetPriority  stm32g4xx_hal_cortex.o
    0x080012b8   0x080012b8   0x00000024   Code   RO         2959    i.HAL_NVIC_SetPriorityGrouping  stm32g4xx_hal_cortex.o
    0x080012dc   0x080012dc   0x000000bc   Code   RO         1608    i.HAL_PWREx_ControlVoltageScaling  stm32g4xx_hal_pwr_ex.o
    0x08001398   0x08001398   0x00000010   Code   RO         1620    i.HAL_PWREx_DisableUCPDDeadBattery  stm32g4xx_hal_pwr_ex.o
    0x080013a8   0x080013a8   0x00000288   Code   RO         2207    i.HAL_RCCEx_PeriphCLKConfig  stm32g4xx_hal_rcc_ex.o
    0x08001630   0x08001630   0x000001dc   Code   RO         2082    i.HAL_RCC_ClockConfig  stm32g4xx_hal_rcc.o
    0x0800180c   0x0800180c   0x00000024   Code   RO         2090    i.HAL_RCC_GetPCLK1Freq  stm32g4xx_hal_rcc.o
    0x08001830   0x08001830   0x00000024   Code   RO         2091    i.HAL_RCC_GetPCLK2Freq  stm32g4xx_hal_rcc.o
    0x08001854   0x08001854   0x0000006c   Code   RO         2092    i.HAL_RCC_GetSysClockFreq  stm32g4xx_hal_rcc.o
    0x080018c0   0x080018c0   0x0000040c   Code   RO         2095    i.HAL_RCC_OscConfig  stm32g4xx_hal_rcc.o
    0x08001ccc   0x08001ccc   0x00000028   Code   RO         2963    i.HAL_SYSTICK_Config  stm32g4xx_hal_cortex.o
    0x08001cf4   0x08001cf4   0x00000002   Code   RO         1178    i.HAL_TIMEx_Break2Callback  stm32g4xx_hal_tim_ex.o
    0x08001cf6   0x08001cf6   0x00000002   Code   RO         1179    i.HAL_TIMEx_BreakCallback  stm32g4xx_hal_tim_ex.o
    0x08001cf8   0x08001cf8   0x00000002   Code   RO         1180    i.HAL_TIMEx_CommutCallback  stm32g4xx_hal_tim_ex.o
    0x08001cfa   0x08001cfa   0x00000002   Code   RO         1191    i.HAL_TIMEx_DirectionChangeCallback  stm32g4xx_hal_tim_ex.o
    0x08001cfc   0x08001cfc   0x00000002   Code   RO         1205    i.HAL_TIMEx_EncoderIndexCallback  stm32g4xx_hal_tim_ex.o
    0x08001cfe   0x08001cfe   0x00000002   Code   RO         1219    i.HAL_TIMEx_IndexErrorCallback  stm32g4xx_hal_tim_ex.o
    0x08001d00   0x08001d00   0x0000009c   Code   RO         1220    i.HAL_TIMEx_MasterConfigSynchronization  stm32g4xx_hal_tim_ex.o
    0x08001d9c   0x08001d9c   0x00000002   Code   RO         1241    i.HAL_TIMEx_TransitionErrorCallback  stm32g4xx_hal_tim_ex.o
    0x08001d9e   0x08001d9e   0x00000062   Code   RO          464    i.HAL_TIM_Base_Init  stm32g4xx_hal_tim.o
    0x08001e00   0x08001e00   0x0000003c   Code   RO          225    i.HAL_TIM_Base_MspInit  tim.o
    0x08001e3c   0x08001e3c   0x00000078   Code   RO          469    i.HAL_TIM_Base_Start_IT  stm32g4xx_hal_tim.o
    0x08001eb4   0x08001eb4   0x00000100   Code   RO          473    i.HAL_TIM_ConfigClockSource  stm32g4xx_hal_tim.o
    0x08001fb4   0x08001fb4   0x00000002   Code   RO          498    i.HAL_TIM_IC_CaptureCallback  stm32g4xx_hal_tim.o
    0x08001fb6   0x08001fb6   0x000001fc   Code   RO          512    i.HAL_TIM_IRQHandler  stm32g4xx_hal_tim.o
    0x080021b2   0x080021b2   0x00000002   PAD
    0x080021b4   0x080021b4   0x0000004c   Code   RO          226    i.HAL_TIM_MspPostInit  tim.o
    0x08002200   0x08002200   0x0000006e   Code   RO          513    i.HAL_TIM_OC_ConfigChannel  stm32g4xx_hal_tim.o
    0x0800226e   0x0800226e   0x00000002   PAD
    0x08002270   0x08002270   0x00000038   Code   RO         3723    i.HAL_TIM_OC_DelayElapsedCallback  stepper.o
    0x080022a8   0x080022a8   0x00000062   Code   RO          517    i.HAL_TIM_OC_Init   stm32g4xx_hal_tim.o
    0x0800230a   0x0800230a   0x00000002   PAD
    0x0800230c   0x0800230c   0x00000038   Code   RO          228    i.HAL_TIM_OC_MspInit  tim.o
    0x08002344   0x08002344   0x00000128   Code   RO          522    i.HAL_TIM_OC_Start_IT  stm32g4xx_hal_tim.o
    0x0800246c   0x0800246c   0x000000ec   Code   RO          525    i.HAL_TIM_OC_Stop_IT  stm32g4xx_hal_tim.o
    0x08002558   0x08002558   0x00000002   Code   RO          542    i.HAL_TIM_PWM_PulseFinishedCallback  stm32g4xx_hal_tim.o
    0x0800255a   0x0800255a   0x00000002   PAD
    0x0800255c   0x0800255c   0x00000030   Code   RO           14    i.HAL_TIM_PeriodElapsedCallback  main.o
    0x0800258c   0x0800258c   0x00000002   Code   RO          555    i.HAL_TIM_TriggerCallback  stm32g4xx_hal_tim.o
    0x0800258e   0x0800258e   0x0000003e   Code   RO         3502    i.HAL_UARTEx_DisableFifoMode  stm32g4xx_hal_uart_ex.o
    0x080025cc   0x080025cc   0x00000002   Code   RO         3091    i.HAL_UARTEx_RxEventCallback  stm32g4xx_hal_uart.o
    0x080025ce   0x080025ce   0x00000002   Code   RO         3509    i.HAL_UARTEx_RxFifoFullCallback  stm32g4xx_hal_uart_ex.o
    0x080025d0   0x080025d0   0x0000004c   Code   RO         3510    i.HAL_UARTEx_SetRxFifoThreshold  stm32g4xx_hal_uart_ex.o
    0x0800261c   0x0800261c   0x0000004c   Code   RO         3511    i.HAL_UARTEx_SetTxFifoThreshold  stm32g4xx_hal_uart_ex.o
    0x08002668   0x08002668   0x00000002   Code   RO         3513    i.HAL_UARTEx_TxFifoEmptyCallback  stm32g4xx_hal_uart_ex.o
    0x0800266a   0x0800266a   0x00000002   Code   RO         3514    i.HAL_UARTEx_WakeupCallback  stm32g4xx_hal_uart_ex.o
    0x0800266c   0x0800266c   0x00000002   Code   RO         3107    i.HAL_UART_ErrorCallback  stm32g4xx_hal_uart.o
    0x0800266e   0x0800266e   0x00000002   PAD
    0x08002670   0x08002670   0x000002e0   Code   RO         3110    i.HAL_UART_IRQHandler  stm32g4xx_hal_uart.o
    0x08002950   0x08002950   0x0000006a   Code   RO         3111    i.HAL_UART_Init     stm32g4xx_hal_uart.o
    0x080029ba   0x080029ba   0x00000002   PAD
    0x080029bc   0x080029bc   0x000000ec   Code   RO          291    i.HAL_UART_MspInit  usart.o
    0x08002aa8   0x08002aa8   0x00000054   Code   RO         3116    i.HAL_UART_Receive_IT  stm32g4xx_hal_uart.o
    0x08002afc   0x08002afc   0x0000004c   Code   RO         3652    i.HAL_UART_RxCpltCallback  connect.o
    0x08002b48   0x08002b48   0x00000002   Code   RO         3123    i.HAL_UART_TxCpltCallback  stm32g4xx_hal_uart.o
    0x08002b4a   0x08002b4a   0x00000002   PAD
    0x08002b4c   0x08002b4c   0x000000f8   Code   RO         3653    i.HMIDateHandler    connect.o
    0x08002c44   0x08002c44   0x00000002   Code   RO          340    i.HardFault_Handler  stm32g4xx_it.o
    0x08002c46   0x08002c46   0x00000002   PAD
    0x08002c48   0x08002c48   0x00000050   Code   RO         3724    i.Init_Stepper      stepper.o
    0x08002c98   0x08002c98   0x000000cc   Code   RO          200    i.MX_GPIO_Init      gpio.o
    0x08002d64   0x08002d64   0x00000080   Code   RO          229    i.MX_TIM2_Init      tim.o
    0x08002de4   0x08002de4   0x0000006c   Code   RO          230    i.MX_TIM4_Init      tim.o
    0x08002e50   0x08002e50   0x00000068   Code   RO          292    i.MX_USART1_UART_Init  usart.o
    0x08002eb8   0x08002eb8   0x00000068   Code   RO          293    i.MX_USART2_UART_Init  usart.o
    0x08002f20   0x08002f20   0x00000002   Code   RO          341    i.MemManage_Handler  stm32g4xx_it.o
    0x08002f22   0x08002f22   0x00000002   Code   RO          342    i.NMI_Handler       stm32g4xx_it.o
    0x08002f24   0x08002f24   0x00000002   Code   RO          343    i.PendSV_Handler    stm32g4xx_it.o
    0x08002f26   0x08002f26   0x00000002   Code   RO          344    i.SVC_Handler       stm32g4xx_it.o
    0x08002f28   0x08002f28   0x00000176   Code   RO         3725    i.StepperInOC       stepper.o
    0x0800309e   0x0800309e   0x000000da   Code   RO         3726    i.Stepper_Handler   stepper.o
    0x08003178   0x08003178   0x00000008   Code   RO         3727    i.Stepper_Pause     stepper.o
    0x08003180   0x08003180   0x00000018   Code   RO         3728    i.Stepper_Stop      stepper.o
    0x08003198   0x08003198   0x000004a4   Code   RO         3729    i.StpDistanceSetBlocking  stepper.o
    0x0800363c   0x0800363c   0x00000004   Code   RO          345    i.SysTick_Handler   stm32g4xx_it.o
    0x08003640   0x08003640   0x00000068   Code   RO           15    i.SystemClock_Config  main.o
    0x080036a8   0x080036a8   0x00000010   Code   RO         3615    i.SystemInit        system_stm32g4xx.o
    0x080036b8   0x080036b8   0x0000000c   Code   RO          346    i.TIM2_IRQHandler   stm32g4xx_it.o
    0x080036c4   0x080036c4   0x0000000c   Code   RO          347    i.TIM4_IRQHandler   stm32g4xx_it.o
    0x080036d0   0x080036d0   0x000000b0   Code   RO          557    i.TIM_Base_SetConfig  stm32g4xx_hal_tim.o
    0x08003780   0x08003780   0x0000001a   Code   RO          558    i.TIM_CCxChannelCmd  stm32g4xx_hal_tim.o
    0x0800379a   0x0800379a   0x00000014   Code   RO          568    i.TIM_ETR_SetConfig  stm32g4xx_hal_tim.o
    0x080037ae   0x080037ae   0x00000002   PAD
    0x080037b0   0x080037b0   0x00000014   Code   RO          569    i.TIM_ITRx_SetConfig  stm32g4xx_hal_tim.o
    0x080037c4   0x080037c4   0x0000009c   Code   RO          570    i.TIM_OC1_SetConfig  stm32g4xx_hal_tim.o
    0x08003860   0x08003860   0x00000090   Code   RO          571    i.TIM_OC2_SetConfig  stm32g4xx_hal_tim.o
    0x080038f0   0x080038f0   0x00000090   Code   RO          572    i.TIM_OC3_SetConfig  stm32g4xx_hal_tim.o
    0x08003980   0x08003980   0x00000090   Code   RO          573    i.TIM_OC4_SetConfig  stm32g4xx_hal_tim.o
    0x08003a10   0x08003a10   0x00000070   Code   RO          574    i.TIM_OC5_SetConfig  stm32g4xx_hal_tim.o
    0x08003a80   0x08003a80   0x00000070   Code   RO          575    i.TIM_OC6_SetConfig  stm32g4xx_hal_tim.o
    0x08003af0   0x08003af0   0x00000022   Code   RO          577    i.TIM_TI1_ConfigInputStage  stm32g4xx_hal_tim.o
    0x08003b12   0x08003b12   0x00000024   Code   RO          579    i.TIM_TI2_ConfigInputStage  stm32g4xx_hal_tim.o
    0x08003b36   0x08003b36   0x00000002   PAD
    0x08003b38   0x08003b38   0x00000044   Code   RO         3515    i.UARTEx_SetNbDataToProcess  stm32g4xx_hal_uart_ex.o
    0x08003b7c   0x08003b7c   0x000000c8   Code   RO         3125    i.UART_AdvFeatureConfig  stm32g4xx_hal_uart.o
    0x08003c44   0x08003c44   0x00000060   Code   RO         3126    i.UART_CheckIdleState  stm32g4xx_hal_uart.o
    0x08003ca4   0x08003ca4   0x00000014   Code   RO         3127    i.UART_DMAAbortOnError  stm32g4xx_hal_uart.o
    0x08003cb8   0x08003cb8   0x00000054   Code   RO         3137    i.UART_EndRxTransfer  stm32g4xx_hal_uart.o
    0x08003d0c   0x08003d0c   0x000000a2   Code   RO         3139    i.UART_RxISR_16BIT  stm32g4xx_hal_uart.o
    0x08003dae   0x08003dae   0x00000002   PAD
    0x08003db0   0x08003db0   0x00000174   Code   RO         3140    i.UART_RxISR_16BIT_FIFOEN  stm32g4xx_hal_uart.o
    0x08003f24   0x08003f24   0x000000a2   Code   RO         3141    i.UART_RxISR_8BIT   stm32g4xx_hal_uart.o
    0x08003fc6   0x08003fc6   0x00000002   PAD
    0x08003fc8   0x08003fc8   0x00000174   Code   RO         3142    i.UART_RxISR_8BIT_FIFOEN  stm32g4xx_hal_uart.o
    0x0800413c   0x0800413c   0x00000274   Code   RO         3143    i.UART_SetConfig    stm32g4xx_hal_uart.o
    0x080043b0   0x080043b0   0x00000118   Code   RO         3145    i.UART_Start_Receive_IT  stm32g4xx_hal_uart.o
    0x080044c8   0x080044c8   0x000000c6   Code   RO         3150    i.UART_WaitOnFlagUntilTimeout  stm32g4xx_hal_uart.o
    0x0800458e   0x0800458e   0x00000002   PAD
    0x08004590   0x08004590   0x0000000c   Code   RO          348    i.USART1_IRQHandler  stm32g4xx_it.o
    0x0800459c   0x0800459c   0x0000000c   Code   RO          349    i.USART2_IRQHandler  stm32g4xx_it.o
    0x080045a8   0x080045a8   0x00000084   Code   RO         3656    i.UartDateHandler   connect.o
    0x0800462c   0x0800462c   0x00000002   Code   RO          350    i.UsageFault_Handler  stm32g4xx_it.o
    0x0800462e   0x0800462e   0x00000030   Code   RO         4055    i.__ARM_fpclassify  m_wm.l(fpclassify.o)
    0x0800465e   0x0800465e   0x00000020   Code   RO         2965    i.__NVIC_SetPriority  stm32g4xx_hal_cortex.o
    0x0800467e   0x0800467e   0x00000002   PAD
    0x08004680   0x08004680   0x000002d8   Code   RO         3972    i.__hardfp_atan     m_wm.l(atan.o)
    0x08004958   0x08004958   0x0000007a   Code   RO         3986    i.__hardfp_sqrt     m_wm.l(sqrt.o)
    0x080049d2   0x080049d2   0x0000003a   Code   RO         3998    i.__hardfp_sqrtf    m_wm.l(sqrtf.o)
    0x08004a0c   0x08004a0c   0x000000f8   Code   RO         4057    i.__kernel_poly     m_wm.l(poly.o)
    0x08004b04   0x08004b04   0x00000014   Code   RO         4036    i.__mathlib_dbl_infnan  m_wm.l(dunder.o)
    0x08004b18   0x08004b18   0x00000020   Code   RO         4041    i.__mathlib_dbl_underflow  m_wm.l(dunder.o)
    0x08004b38   0x08004b38   0x0000000e   Code   RO         4118    i.__scatterload_copy  mc_w.l(handlers.o)
    0x08004b46   0x08004b46   0x00000002   Code   RO         4119    i.__scatterload_null  mc_w.l(handlers.o)
    0x08004b48   0x08004b48   0x0000000e   Code   RO         4120    i.__scatterload_zeroinit  mc_w.l(handlers.o)
    0x08004b56   0x08004b56   0x00000002   PAD
    0x08004b58   0x08004b58   0x0000000c   Code   RO         4081    i.__set_errno       mc_w.l(errno.o)
    0x08004b64   0x08004b64   0x00000110   Code   RO         3879    i.drawline          control .o
    0x08004c74   0x08004c74   0x00000018   Code   RO         4051    i.fabs              m_wm.l(fabs.o)
    0x08004c8c   0x08004c8c   0x00000010   Code   RO         3882    i.laser_init        control .o
    0x08004c9c   0x08004c9c   0x000000c8   Code   RO           17    i.main              main.o
    0x08004d64   0x08004d64   0x00000010   Code   RO         3733    i.myabsf            stepper.o
    0x08004d74   0x08004d74   0x00000008   Code   RO         3734    i.myabsi            stepper.o
    0x08004d7c   0x08004d7c   0x0000013c   Code   RO         3889    i.turn_coordinate   control .o
    0x08004eb8   0x08004eb8   0x00000018   Data   RO         3151    .constdata          stm32g4xx_hal_uart.o
    0x08004ed0   0x08004ed0   0x00000010   Data   RO         3516    .constdata          stm32g4xx_hal_uart_ex.o
    0x08004ee0   0x08004ee0   0x00000010   Data   RO         3616    .constdata          system_stm32g4xx.o
    0x08004ef0   0x08004ef0   0x00000008   Data   RO         3617    .constdata          system_stm32g4xx.o
    0x08004ef8   0x08004ef8   0x00000098   Data   RO         3975    .constdata          m_wm.l(atan.o)
    0x08004f90   0x08004f90   0x00000040   Data   RO         4114    .constdata          mc_w.l(ctype_c.o)
    0x08004fd0   0x08004fd0   0x00000020   Data   RO         4116    Region$$Table       anon$$obj.o


    Execution Region RW_IRAM1 (Exec base: 0x20000000, Load base: 0x08004ff0, Size: 0x00000700, Max: 0x00008000, ABSOLUTE)

    Exec Addr    Load Addr    Size         Type   Attr      Idx    E Section Name        Object

    0x20000000   0x08004ff0   0x00000004   Data   RW           18    .data               main.o
    0x20000004   0x08004ff4   0x0000000c   Data   RW         1882    .data               stm32g4xx_hal.o
    0x20000010   0x08005000   0x00000004   Data   RW         3618    .data               system_stm32g4xx.o
    0x20000014   0x08005004   0x00000004   Data   RW         4082    .data               mc_w.l(errno.o)
    0x20000018        -       0x00000098   Zero   RW          231    .bss                tim.o
    0x200000b0        -       0x00000120   Zero   RW          294    .bss                usart.o
    0x200001d0        -       0x00000010   Zero   RW         3845    .bss                macro.o
    0x200001e0        -       0x00000028   Zero   RW         3846    .bss                macro.o
    0x20000208        -       0x0000005c   Zero   RW         3848    .bss                macro.o
    0x20000264        -       0x0000005c   Zero   RW         3849    .bss                macro.o
    0x200002c0        -       0x00000011   Zero   RW         3850    .bss                macro.o
    0x200002d1        -       0x00000011   Zero   RW         3851    .bss                macro.o
    0x200002e2   0x08005008   0x00000002   PAD
    0x200002e4        -       0x00000018   Zero   RW         3854    .bss                macro.o
    0x200002fc   0x08005008   0x00000004   PAD
    0x20000300        -       0x00000400   Zero   RW            1    STACK               startup_stm32g431xx.o


==============================================================================

Image component sizes


      Code (inc. data)   RO Data    RW Data    ZI Data      Debug   Object Name

       456         42          0          0          0       6276   connect.o
       604         66          0          0          0       2931   control .o
       204         14          0          0          0        987   gpio.o
         0          0          0          0        298        811   macro.o
       356         56          0          4          0     643709   main.o
        36          8        472          0       1024        836   startup_stm32g431xx.o
      2038         28          0          0          0      10414   stepper.o
       162         24          0         12          0       4313   stm32g4xx_hal.o
       198         14          0          0          0      33823   stm32g4xx_hal_cortex.o
       226          0          0          0          0       1935   stm32g4xx_hal_dma.o
       610         34          0          0          0       2989   stm32g4xx_hal_gpio.o
        48          6          0          0          0        862   stm32g4xx_hal_msp.o
       204         18          0          0          0       1401   stm32g4xx_hal_pwr_ex.o
      1692         88          0          0          0       6268   stm32g4xx_hal_rcc.o
       648         10          0          0          0       1876   stm32g4xx_hal_rcc_ex.o
      2852        280          0          0          0      18475   stm32g4xx_hal_tim.o
       170         24          0          0          0       5380   stm32g4xx_hal_tim_ex.o
      3506        124         24          0          0      35418   stm32g4xx_hal_uart.o
       288          6         16          0          0       5358   stm32g4xx_hal_uart_ex.o
        68         24          0          0          0       6014   stm32g4xx_it.o
        16          4         24          4          0       1127   system_stm32g4xx.o
       428         34          0          0        152       3614   tim.o
       444         38          0          0        288       2555   usart.o

    ----------------------------------------------------------------------
     15288        942        568         20       1768     797372   Object Totals
         0          0         32          0          0          0   (incl. Generated)
        34          0          0          0          6          0   (incl. Padding)

    ----------------------------------------------------------------------

      Code (inc. data)   RO Data    RW Data    ZI Data      Debug   Library Member Name

       728        106        152          0          0        228   atan.o
        52          8          0          0          0        248   dunder.o
        24          0          0          0          0        124   fabs.o
        48          0          0          0          0        124   fpclassify.o
       248          0          0          0          0        152   poly.o
       122          0          0          0          0        148   sqrt.o
        58          0          0          0          0        136   sqrtf.o
        56          8          0          0          0         84   __0sscanf.o
        28          0          0          0          0         68   _chval.o
       816          6          0          0          0        112   _scanf.o
       332          0          0          0          0         96   _scanf_int.o
        64          0          0          0          0         84   _sgetc.o
        40          6         64          0          0         68   ctype_c.o
         0          0          0          0          0          0   entry.o
         0          0          0          0          0          0   entry10a.o
         0          0          0          0          0          0   entry11a.o
         4          0          0          0          0          0   entry12b.o
         8          4          0          0          0          0   entry2.o
         4          0          0          0          0          0   entry5.o
         0          0          0          0          0          0   entry7b.o
         0          0          0          0          0          0   entry8b.o
         8          4          0          0          0          0   entry9a.o
        12          6          0          4          0         68   errno.o
        30          0          0          0          0          0   handlers.o
        36          8          0          0          0         68   init.o
        10          0          0          0          0         68   isspace_c.o
         0          0          0          0          0          0   iusefp.o
        30          0          0          0          0         68   llshl.o
        36          0          0          0          0         68   llsshr.o
        32          0          0          0          0         68   llushr.o
        36          0          0          0          0        108   memseta.o
        40          8          0          0          0         84   scanf_char.o
        98          0          0          0          0         92   uldiv.o
        56          0          0          0          0         88   d2f.o
       334          0          0          0          0        148   dadd.o
       222          0          0          0          0        100   ddiv.o
       186          0          0          0          0        176   depilogue.o
        50          0          0          0          0         76   dfixui.o
       228          0          0          0          0         96   dmul.o
       162          0          0          0          0        100   dsqrt.o
        38          0          0          0          0         68   f2d.o
       110          0          0          0          0        168   fepilogue.o

    ----------------------------------------------------------------------
      4392        164        216          4          0       3384   Library Totals
         6          0          0          0          0          0   (incl. Padding)

    ----------------------------------------------------------------------

      Code (inc. data)   RO Data    RW Data    ZI Data      Debug   Library Name

      1280        114        152          0          0       1160   m_wm.l
      1720         50         64          4          0       1204   mc_w.l
      1386          0          0          0          0       1020   mf_w.l

    ----------------------------------------------------------------------
      4392        164        216          4          0       3384   Library Totals

    ----------------------------------------------------------------------

==============================================================================


      Code (inc. data)   RO Data    RW Data    ZI Data      Debug   

     19680       1106        784         24       1768     787868   Grand Totals
     19680       1106        784         24       1768     787868   ELF Image Totals
     19680       1106        784         24          0          0   ROM Totals

==============================================================================

    Total RO  Size (Code + RO Data)                20464 (  19.98kB)
    Total RW  Size (RW Data + ZI Data)              1792 (   1.75kB)
    Total ROM Size (Code + RO Data + RW Data)      20488 (  20.01kB)

==============================================================================

